<?xml version="1.0"?>
<link_info>
   <banner>MSP430 Linker PC v4.4.1</banner>
   <copyright>Copyright (c) 2003-2014 Texas Instruments Incorporated</copyright>
   <link_time>0x56e7a502</link_time>
   <link_errors>0x0</link_errors>
   <output_file>MSP430F55xx_uscib1_spi_09.out</output_file>
   <entry_point>
      <name>_c_int00_noargs</name>
      <address>0x4448</address>
   </entry_point>
   <input_file_list>
      <input_file id="fl-2">
         <path>.\</path>
         <kind>object</kind>
         <file>MSP430F55xx_uscib1_spi_09.obj</file>
         <name>MSP430F55xx_uscib1_spi_09.obj</name>
      </input_file>
      <input_file id="fl-3">
         <path>.\</path>
         <kind>object</kind>
         <file>MX25R1035Fdriver.obj</file>
         <name>MX25R1035Fdriver.obj</name>
      </input_file>
      <input_file id="fl-4">
         <path>.\</path>
         <kind>object</kind>
         <file>SST25VF.obj</file>
         <name>SST25VF.obj</name>
      </input_file>
      <input_file id="fl-5">
         <path>.\</path>
         <kind>object</kind>
         <file>spi.obj</file>
         <name>spi.obj</name>
      </input_file>
      <input_file id="fl-35">
         <path>c:\ti\ccsv6\tools\compiler\ti-cgt-msp430_4.4.1\lib\</path>
         <kind>archive</kind>
         <file>rts430x_lc_rd_eabi.lib</file>
         <name>boot.obj</name>
      </input_file>
      <input_file id="fl-36">
         <path>c:\ti\ccsv6\tools\compiler\ti-cgt-msp430_4.4.1\lib\</path>
         <kind>archive</kind>
         <file>rts430x_lc_rd_eabi.lib</file>
         <name>boot_special.obj</name>
      </input_file>
      <input_file id="fl-37">
         <path>c:\ti\ccsv6\tools\compiler\ti-cgt-msp430_4.4.1\lib\</path>
         <kind>archive</kind>
         <file>rts430x_lc_rd_eabi.lib</file>
         <name>copy_decompress_none.obj</name>
      </input_file>
      <input_file id="fl-38">
         <path>c:\ti\ccsv6\tools\compiler\ti-cgt-msp430_4.4.1\lib\</path>
         <kind>archive</kind>
         <file>rts430x_lc_rd_eabi.lib</file>
         <name>copy_decompress_rle.obj</name>
      </input_file>
      <input_file id="fl-39">
         <path>c:\ti\ccsv6\tools\compiler\ti-cgt-msp430_4.4.1\lib\</path>
         <kind>archive</kind>
         <file>rts430x_lc_rd_eabi.lib</file>
         <name>copy_zero_init.obj</name>
      </input_file>
      <input_file id="fl-3a">
         <path>c:\ti\ccsv6\tools\compiler\ti-cgt-msp430_4.4.1\lib\</path>
         <kind>archive</kind>
         <file>rts430x_lc_rd_eabi.lib</file>
         <name>exit.obj</name>
      </input_file>
      <input_file id="fl-3b">
         <path>c:\ti\ccsv6\tools\compiler\ti-cgt-msp430_4.4.1\lib\</path>
         <kind>archive</kind>
         <file>rts430x_lc_rd_eabi.lib</file>
         <name>int41.obj</name>
      </input_file>
      <input_file id="fl-3c">
         <path>c:\ti\ccsv6\tools\compiler\ti-cgt-msp430_4.4.1\lib\</path>
         <kind>archive</kind>
         <file>rts430x_lc_rd_eabi.lib</file>
         <name>int42.obj</name>
      </input_file>
      <input_file id="fl-3d">
         <path>c:\ti\ccsv6\tools\compiler\ti-cgt-msp430_4.4.1\lib\</path>
         <kind>archive</kind>
         <file>rts430x_lc_rd_eabi.lib</file>
         <name>int43.obj</name>
      </input_file>
      <input_file id="fl-3e">
         <path>c:\ti\ccsv6\tools\compiler\ti-cgt-msp430_4.4.1\lib\</path>
         <kind>archive</kind>
         <file>rts430x_lc_rd_eabi.lib</file>
         <name>int44.obj</name>
      </input_file>
      <input_file id="fl-3f">
         <path>c:\ti\ccsv6\tools\compiler\ti-cgt-msp430_4.4.1\lib\</path>
         <kind>archive</kind>
         <file>rts430x_lc_rd_eabi.lib</file>
         <name>int46.obj</name>
      </input_file>
      <input_file id="fl-40">
         <path>c:\ti\ccsv6\tools\compiler\ti-cgt-msp430_4.4.1\lib\</path>
         <kind>archive</kind>
         <file>rts430x_lc_rd_eabi.lib</file>
         <name>int47.obj</name>
      </input_file>
      <input_file id="fl-41">
         <path>c:\ti\ccsv6\tools\compiler\ti-cgt-msp430_4.4.1\lib\</path>
         <kind>archive</kind>
         <file>rts430x_lc_rd_eabi.lib</file>
         <name>int48.obj</name>
      </input_file>
      <input_file id="fl-42">
         <path>c:\ti\ccsv6\tools\compiler\ti-cgt-msp430_4.4.1\lib\</path>
         <kind>archive</kind>
         <file>rts430x_lc_rd_eabi.lib</file>
         <name>int49.obj</name>
      </input_file>
      <input_file id="fl-43">
         <path>c:\ti\ccsv6\tools\compiler\ti-cgt-msp430_4.4.1\lib\</path>
         <kind>archive</kind>
         <file>rts430x_lc_rd_eabi.lib</file>
         <name>int50.obj</name>
      </input_file>
      <input_file id="fl-44">
         <path>c:\ti\ccsv6\tools\compiler\ti-cgt-msp430_4.4.1\lib\</path>
         <kind>archive</kind>
         <file>rts430x_lc_rd_eabi.lib</file>
         <name>int51.obj</name>
      </input_file>
      <input_file id="fl-45">
         <path>c:\ti\ccsv6\tools\compiler\ti-cgt-msp430_4.4.1\lib\</path>
         <kind>archive</kind>
         <file>rts430x_lc_rd_eabi.lib</file>
         <name>int52.obj</name>
      </input_file>
      <input_file id="fl-46">
         <path>c:\ti\ccsv6\tools\compiler\ti-cgt-msp430_4.4.1\lib\</path>
         <kind>archive</kind>
         <file>rts430x_lc_rd_eabi.lib</file>
         <name>int53.obj</name>
      </input_file>
      <input_file id="fl-47">
         <path>c:\ti\ccsv6\tools\compiler\ti-cgt-msp430_4.4.1\lib\</path>
         <kind>archive</kind>
         <file>rts430x_lc_rd_eabi.lib</file>
         <name>int54.obj</name>
      </input_file>
      <input_file id="fl-48">
         <path>c:\ti\ccsv6\tools\compiler\ti-cgt-msp430_4.4.1\lib\</path>
         <kind>archive</kind>
         <file>rts430x_lc_rd_eabi.lib</file>
         <name>int55.obj</name>
      </input_file>
      <input_file id="fl-49">
         <path>c:\ti\ccsv6\tools\compiler\ti-cgt-msp430_4.4.1\lib\</path>
         <kind>archive</kind>
         <file>rts430x_lc_rd_eabi.lib</file>
         <name>int57.obj</name>
      </input_file>
      <input_file id="fl-4a">
         <path>c:\ti\ccsv6\tools\compiler\ti-cgt-msp430_4.4.1\lib\</path>
         <kind>archive</kind>
         <file>rts430x_lc_rd_eabi.lib</file>
         <name>int58.obj</name>
      </input_file>
      <input_file id="fl-4b">
         <path>c:\ti\ccsv6\tools\compiler\ti-cgt-msp430_4.4.1\lib\</path>
         <kind>archive</kind>
         <file>rts430x_lc_rd_eabi.lib</file>
         <name>int59.obj</name>
      </input_file>
      <input_file id="fl-4c">
         <path>c:\ti\ccsv6\tools\compiler\ti-cgt-msp430_4.4.1\lib\</path>
         <kind>archive</kind>
         <file>rts430x_lc_rd_eabi.lib</file>
         <name>int60.obj</name>
      </input_file>
      <input_file id="fl-4d">
         <path>c:\ti\ccsv6\tools\compiler\ti-cgt-msp430_4.4.1\lib\</path>
         <kind>archive</kind>
         <file>rts430x_lc_rd_eabi.lib</file>
         <name>int61.obj</name>
      </input_file>
      <input_file id="fl-4e">
         <path>c:\ti\ccsv6\tools\compiler\ti-cgt-msp430_4.4.1\lib\</path>
         <kind>archive</kind>
         <file>rts430x_lc_rd_eabi.lib</file>
         <name>int62.obj</name>
      </input_file>
      <input_file id="fl-4f">
         <path>c:\ti\ccsv6\tools\compiler\ti-cgt-msp430_4.4.1\lib\</path>
         <kind>archive</kind>
         <file>rts430x_lc_rd_eabi.lib</file>
         <name>isr_trap.obj</name>
      </input_file>
      <input_file id="fl-50">
         <path>c:\ti\ccsv6\tools\compiler\ti-cgt-msp430_4.4.1\lib\</path>
         <kind>archive</kind>
         <file>rts430x_lc_rd_eabi.lib</file>
         <name>_lock.obj</name>
      </input_file>
      <input_file id="fl-51">
         <path>c:\ti\ccsv6\tools\compiler\ti-cgt-msp430_4.4.1\lib\</path>
         <kind>archive</kind>
         <file>rts430x_lc_rd_eabi.lib</file>
         <name>lsl32.obj</name>
      </input_file>
      <input_file id="fl-52">
         <path>c:\ti\ccsv6\tools\compiler\ti-cgt-msp430_4.4.1\lib\</path>
         <kind>archive</kind>
         <file>rts430x_lc_rd_eabi.lib</file>
         <name>lsr32.obj</name>
      </input_file>
      <input_file id="fl-53">
         <path>c:\ti\ccsv6\tools\compiler\ti-cgt-msp430_4.4.1\lib\</path>
         <kind>archive</kind>
         <file>rts430x_lc_rd_eabi.lib</file>
         <name>memcpy.obj</name>
      </input_file>
      <input_file id="fl-54">
         <path>c:\ti\ccsv6\tools\compiler\ti-cgt-msp430_4.4.1\lib\</path>
         <kind>archive</kind>
         <file>rts430x_lc_rd_eabi.lib</file>
         <name>mpu_init.obj</name>
      </input_file>
      <input_file id="fl-55">
         <path>c:\ti\ccsv6\tools\compiler\ti-cgt-msp430_4.4.1\lib\</path>
         <kind>archive</kind>
         <file>rts430x_lc_rd_eabi.lib</file>
         <name>pre_init.obj</name>
      </input_file>
      <input_file id="fl-56">
         <path>c:\ti\ccsv6\tools\compiler\ti-cgt-msp430_4.4.1\lib\</path>
         <kind>archive</kind>
         <file>rts430x_lc_rd_eabi.lib</file>
         <name>printf.obj</name>
      </input_file>
      <input_file id="fl-57">
         <path>c:\ti\ccsv6\tools\compiler\ti-cgt-msp430_4.4.1\lib\</path>
         <kind>archive</kind>
         <file>rts430x_lc_rd_eabi.lib</file>
         <name>args_main.obj</name>
      </input_file>
      <input_file id="fl-58">
         <path>c:\ti\ccsv6\tools\compiler\ti-cgt-msp430_4.4.1\lib\</path>
         <kind>archive</kind>
         <file>rts430x_lc_rd_eabi.lib</file>
         <name>autoinit_wdt.obj</name>
      </input_file>
      <input_file id="fl-59">
         <path>c:\ti\ccsv6\tools\compiler\ti-cgt-msp430_4.4.1\lib\</path>
         <kind>archive</kind>
         <file>rts430x_lc_rd_eabi.lib</file>
         <name>defs.obj</name>
      </input_file>
      <input_file id="fl-5a">
         <path>c:\ti\ccsv6\tools\compiler\ti-cgt-msp430_4.4.1\lib\</path>
         <kind>archive</kind>
         <file>rts430x_lc_rd_eabi.lib</file>
         <name>fputc.obj</name>
      </input_file>
      <input_file id="fl-5b">
         <path>c:\ti\ccsv6\tools\compiler\ti-cgt-msp430_4.4.1\lib\</path>
         <kind>archive</kind>
         <file>rts430x_lc_rd_eabi.lib</file>
         <name>fputs.obj</name>
      </input_file>
      <input_file id="fl-5c">
         <path>c:\ti\ccsv6\tools\compiler\ti-cgt-msp430_4.4.1\lib\</path>
         <kind>archive</kind>
         <file>rts430x_lc_rd_eabi.lib</file>
         <name>_io_perm.obj</name>
      </input_file>
      <input_file id="fl-5d">
         <path>c:\ti\ccsv6\tools\compiler\ti-cgt-msp430_4.4.1\lib\</path>
         <kind>archive</kind>
         <file>rts430x_lc_rd_eabi.lib</file>
         <name>lowlev.obj</name>
      </input_file>
      <input_file id="fl-5e">
         <path>c:\ti\ccsv6\tools\compiler\ti-cgt-msp430_4.4.1\lib\</path>
         <kind>archive</kind>
         <file>rts430x_lc_rd_eabi.lib</file>
         <name>memchr.obj</name>
      </input_file>
      <input_file id="fl-5f">
         <path>c:\ti\ccsv6\tools\compiler\ti-cgt-msp430_4.4.1\lib\</path>
         <kind>archive</kind>
         <file>rts430x_lc_rd_eabi.lib</file>
         <name>mult16.obj</name>
      </input_file>
      <input_file id="fl-60">
         <path>c:\ti\ccsv6\tools\compiler\ti-cgt-msp430_4.4.1\lib\</path>
         <kind>archive</kind>
         <file>rts430x_lc_rd_eabi.lib</file>
         <name>_printfi.obj</name>
      </input_file>
      <input_file id="fl-61">
         <path>c:\ti\ccsv6\tools\compiler\ti-cgt-msp430_4.4.1\lib\</path>
         <kind>archive</kind>
         <file>rts430x_lc_rd_eabi.lib</file>
         <name>setvbuf.obj</name>
      </input_file>
      <input_file id="fl-62">
         <path>c:\ti\ccsv6\tools\compiler\ti-cgt-msp430_4.4.1\lib\</path>
         <kind>archive</kind>
         <file>rts430x_lc_rd_eabi.lib</file>
         <name>strchr.obj</name>
      </input_file>
      <input_file id="fl-63">
         <path>c:\ti\ccsv6\tools\compiler\ti-cgt-msp430_4.4.1\lib\</path>
         <kind>archive</kind>
         <file>rts430x_lc_rd_eabi.lib</file>
         <name>strcmp.obj</name>
      </input_file>
      <input_file id="fl-64">
         <path>c:\ti\ccsv6\tools\compiler\ti-cgt-msp430_4.4.1\lib\</path>
         <kind>archive</kind>
         <file>rts430x_lc_rd_eabi.lib</file>
         <name>strlen.obj</name>
      </input_file>
      <input_file id="fl-65">
         <path>c:\ti\ccsv6\tools\compiler\ti-cgt-msp430_4.4.1\lib\</path>
         <kind>archive</kind>
         <file>rts430x_lc_rd_eabi.lib</file>
         <name>strncpy.obj</name>
      </input_file>
      <input_file id="fl-66">
         <path>c:\ti\ccsv6\tools\compiler\ti-cgt-msp430_4.4.1\lib\</path>
         <kind>archive</kind>
         <file>rts430x_lc_rd_eabi.lib</file>
         <name>subd.obj</name>
      </input_file>
      <input_file id="fl-67">
         <path>c:\ti\ccsv6\tools\compiler\ti-cgt-msp430_4.4.1\lib\</path>
         <kind>archive</kind>
         <file>rts430x_lc_rd_eabi.lib</file>
         <name>toupper.obj</name>
      </input_file>
      <input_file id="fl-68">
         <path>c:\ti\ccsv6\tools\compiler\ti-cgt-msp430_4.4.1\lib\</path>
         <kind>archive</kind>
         <file>rts430x_lc_rd_eabi.lib</file>
         <name>trgdrv.obj</name>
      </input_file>
      <input_file id="fl-69">
         <path>c:\ti\ccsv6\tools\compiler\ti-cgt-msp430_4.4.1\lib\</path>
         <kind>archive</kind>
         <file>rts430x_lc_rd_eabi.lib</file>
         <name>trgmsg.obj</name>
      </input_file>
      <input_file id="fl-6a">
         <path>c:\ti\ccsv6\tools\compiler\ti-cgt-msp430_4.4.1\lib\</path>
         <kind>archive</kind>
         <file>rts430x_lc_rd_eabi.lib</file>
         <name>xdclass.obj</name>
      </input_file>
      <input_file id="fl-6b">
         <path>c:\ti\ccsv6\tools\compiler\ti-cgt-msp430_4.4.1\lib\</path>
         <kind>archive</kind>
         <file>rts430x_lc_rd_eabi.lib</file>
         <name>addd.obj</name>
      </input_file>
      <input_file id="fl-6c">
         <path>c:\ti\ccsv6\tools\compiler\ti-cgt-msp430_4.4.1\lib\</path>
         <kind>archive</kind>
         <file>rts430x_lc_rd_eabi.lib</file>
         <name>atoi.obj</name>
      </input_file>
      <input_file id="fl-6d">
         <path>c:\ti\ccsv6\tools\compiler\ti-cgt-msp430_4.4.1\lib\</path>
         <kind>archive</kind>
         <file>rts430x_lc_rd_eabi.lib</file>
         <name>cmpd.obj</name>
      </input_file>
      <input_file id="fl-6e">
         <path>c:\ti\ccsv6\tools\compiler\ti-cgt-msp430_4.4.1\lib\</path>
         <kind>archive</kind>
         <file>rts430x_lc_rd_eabi.lib</file>
         <name>ctype.obj</name>
      </input_file>
      <input_file id="fl-6f">
         <path>c:\ti\ccsv6\tools\compiler\ti-cgt-msp430_4.4.1\lib\</path>
         <kind>archive</kind>
         <file>rts430x_lc_rd_eabi.lib</file>
         <name>div16s.obj</name>
      </input_file>
      <input_file id="fl-70">
         <path>c:\ti\ccsv6\tools\compiler\ti-cgt-msp430_4.4.1\lib\</path>
         <kind>archive</kind>
         <file>rts430x_lc_rd_eabi.lib</file>
         <name>div16u.obj</name>
      </input_file>
      <input_file id="fl-71">
         <path>c:\ti\ccsv6\tools\compiler\ti-cgt-msp430_4.4.1\lib\</path>
         <kind>archive</kind>
         <file>rts430x_lc_rd_eabi.lib</file>
         <name>div32u.obj</name>
      </input_file>
      <input_file id="fl-72">
         <path>c:\ti\ccsv6\tools\compiler\ti-cgt-msp430_4.4.1\lib\</path>
         <kind>archive</kind>
         <file>rts430x_lc_rd_eabi.lib</file>
         <name>divd.obj</name>
      </input_file>
      <input_file id="fl-73">
         <path>c:\ti\ccsv6\tools\compiler\ti-cgt-msp430_4.4.1\lib\</path>
         <kind>archive</kind>
         <file>rts430x_lc_rd_eabi.lib</file>
         <name>fflush.obj</name>
      </input_file>
      <input_file id="fl-74">
         <path>c:\ti\ccsv6\tools\compiler\ti-cgt-msp430_4.4.1\lib\</path>
         <kind>archive</kind>
         <file>rts430x_lc_rd_eabi.lib</file>
         <name>fixdi.obj</name>
      </input_file>
      <input_file id="fl-75">
         <path>c:\ti\ccsv6\tools\compiler\ti-cgt-msp430_4.4.1\lib\</path>
         <kind>archive</kind>
         <file>rts430x_lc_rd_eabi.lib</file>
         <name>fixdli.obj</name>
      </input_file>
      <input_file id="fl-76">
         <path>c:\ti\ccsv6\tools\compiler\ti-cgt-msp430_4.4.1\lib\</path>
         <kind>archive</kind>
         <file>rts430x_lc_rd_eabi.lib</file>
         <name>fltid.obj</name>
      </input_file>
      <input_file id="fl-77">
         <path>c:\ti\ccsv6\tools\compiler\ti-cgt-msp430_4.4.1\lib\</path>
         <kind>archive</kind>
         <file>rts430x_lc_rd_eabi.lib</file>
         <name>fltlid.obj</name>
      </input_file>
      <input_file id="fl-78">
         <path>c:\ti\ccsv6\tools\compiler\ti-cgt-msp430_4.4.1\lib\</path>
         <kind>archive</kind>
         <file>rts430x_lc_rd_eabi.lib</file>
         <name>fopen.obj</name>
      </input_file>
      <input_file id="fl-79">
         <path>c:\ti\ccsv6\tools\compiler\ti-cgt-msp430_4.4.1\lib\</path>
         <kind>archive</kind>
         <file>rts430x_lc_rd_eabi.lib</file>
         <name>frcaddd.obj</name>
      </input_file>
      <input_file id="fl-7a">
         <path>c:\ti\ccsv6\tools\compiler\ti-cgt-msp430_4.4.1\lib\</path>
         <kind>archive</kind>
         <file>rts430x_lc_rd_eabi.lib</file>
         <name>frcdivd.obj</name>
      </input_file>
      <input_file id="fl-7b">
         <path>c:\ti\ccsv6\tools\compiler\ti-cgt-msp430_4.4.1\lib\</path>
         <kind>archive</kind>
         <file>rts430x_lc_rd_eabi.lib</file>
         <name>frexp.obj</name>
      </input_file>
      <input_file id="fl-7c">
         <path>c:\ti\ccsv6\tools\compiler\ti-cgt-msp430_4.4.1\lib\</path>
         <kind>archive</kind>
         <file>rts430x_lc_rd_eabi.lib</file>
         <name>fseek.obj</name>
      </input_file>
      <input_file id="fl-7d">
         <path>c:\ti\ccsv6\tools\compiler\ti-cgt-msp430_4.4.1\lib\</path>
         <kind>archive</kind>
         <file>rts430x_lc_rd_eabi.lib</file>
         <name>ldexp.obj</name>
      </input_file>
      <input_file id="fl-7e">
         <path>c:\ti\ccsv6\tools\compiler\ti-cgt-msp430_4.4.1\lib\</path>
         <kind>archive</kind>
         <file>rts430x_lc_rd_eabi.lib</file>
         <name>llmath.obj</name>
      </input_file>
      <input_file id="fl-7f">
         <path>c:\ti\ccsv6\tools\compiler\ti-cgt-msp430_4.4.1\lib\</path>
         <kind>archive</kind>
         <file>rts430x_lc_rd_eabi.lib</file>
         <name>ltoa.obj</name>
      </input_file>
      <input_file id="fl-80">
         <path>c:\ti\ccsv6\tools\compiler\ti-cgt-msp430_4.4.1\lib\</path>
         <kind>archive</kind>
         <file>rts430x_lc_rd_eabi.lib</file>
         <name>memccpy.obj</name>
      </input_file>
      <input_file id="fl-81">
         <path>c:\ti\ccsv6\tools\compiler\ti-cgt-msp430_4.4.1\lib\</path>
         <kind>archive</kind>
         <file>rts430x_lc_rd_eabi.lib</file>
         <name>memory.obj</name>
      </input_file>
      <input_file id="fl-82">
         <path>c:\ti\ccsv6\tools\compiler\ti-cgt-msp430_4.4.1\lib\</path>
         <kind>archive</kind>
         <file>rts430x_lc_rd_eabi.lib</file>
         <name>memset.obj</name>
      </input_file>
      <input_file id="fl-83">
         <path>c:\ti\ccsv6\tools\compiler\ti-cgt-msp430_4.4.1\lib\</path>
         <kind>archive</kind>
         <file>rts430x_lc_rd_eabi.lib</file>
         <name>mpyd.obj</name>
      </input_file>
      <input_file id="fl-84">
         <path>c:\ti\ccsv6\tools\compiler\ti-cgt-msp430_4.4.1\lib\</path>
         <kind>archive</kind>
         <file>rts430x_lc_rd_eabi.lib</file>
         <name>mult32.obj</name>
      </input_file>
      <input_file id="fl-85">
         <path>c:\ti\ccsv6\tools\compiler\ti-cgt-msp430_4.4.1\lib\</path>
         <kind>archive</kind>
         <file>rts430x_lc_rd_eabi.lib</file>
         <name>mult64.obj</name>
      </input_file>
      <input_file id="fl-86">
         <path>c:\ti\ccsv6\tools\compiler\ti-cgt-msp430_4.4.1\lib\</path>
         <kind>archive</kind>
         <file>rts430x_lc_rd_eabi.lib</file>
         <name>negd.obj</name>
      </input_file>
      <input_file id="fl-87">
         <path>c:\ti\ccsv6\tools\compiler\ti-cgt-msp430_4.4.1\lib\</path>
         <kind>archive</kind>
         <file>rts430x_lc_rd_eabi.lib</file>
         <name>renormd.obj</name>
      </input_file>
      <input_file id="fl-88">
         <path>c:\ti\ccsv6\tools\compiler\ti-cgt-msp430_4.4.1\lib\</path>
         <kind>archive</kind>
         <file>rts430x_lc_rd_eabi.lib</file>
         <name>strcpy.obj</name>
      </input_file>
      <input_file id="fl-89">
         <path>c:\ti\ccsv6\tools\compiler\ti-cgt-msp430_4.4.1\lib\</path>
         <kind>archive</kind>
         <file>rts430x_lc_rd_eabi.lib</file>
         <name>xdscale.obj</name>
      </input_file>
      <input_file id="fl-8a">
         <path>c:\ti\ccsv6\tools\compiler\ti-cgt-msp430_4.4.1\lib\</path>
         <kind>archive</kind>
         <file>rts430x_lc_rd_eabi.lib</file>
         <name>xdunscal.obj</name>
      </input_file>
      <input_file id="fl-8b">
         <path>c:\ti\ccsv6\tools\compiler\ti-cgt-msp430_4.4.1\lib\</path>
         <kind>archive</kind>
         <file>rts430x_lc_rd_eabi.lib</file>
         <name>xferaise.obj</name>
      </input_file>
      <input_file id="fl-8c">
         <path>c:\ti\ccsv6\tools\compiler\ti-cgt-msp430_4.4.1\lib\</path>
         <kind>archive</kind>
         <file>rts430x_lc_rd_eabi.lib</file>
         <name>xvalues.obj</name>
      </input_file>
      <input_file id="fl-8d">
         <path>c:\ti\ccsv6\tools\compiler\ti-cgt-msp430_4.4.1\lib\</path>
         <kind>archive</kind>
         <file>rts430x_lc_rd_eabi.lib</file>
         <name>abs.obj</name>
      </input_file>
      <input_file id="fl-8e">
         <path>c:\ti\ccsv6\tools\compiler\ti-cgt-msp430_4.4.1\lib\</path>
         <kind>archive</kind>
         <file>rts430x_lc_rd_eabi.lib</file>
         <name>asr32.obj</name>
      </input_file>
      <input_file id="fl-8f">
         <path>c:\ti\ccsv6\tools\compiler\ti-cgt-msp430_4.4.1\lib\</path>
         <kind>archive</kind>
         <file>rts430x_lc_rd_eabi.lib</file>
         <name>div32s.obj</name>
      </input_file>
      <input_file id="fl-90">
         <path>c:\ti\ccsv6\tools\compiler\ti-cgt-msp430_4.4.1\lib\</path>
         <kind>archive</kind>
         <file>rts430x_lc_rd_eabi.lib</file>
         <name>errno.obj</name>
      </input_file>
      <input_file id="fl-91">
         <path>c:\ti\ccsv6\tools\compiler\ti-cgt-msp430_4.4.1\lib\</path>
         <kind>archive</kind>
         <file>rts430x_lc_rd_eabi.lib</file>
         <name>fclose.obj</name>
      </input_file>
      <input_file id="fl-92">
         <path>c:\ti\ccsv6\tools\compiler\ti-cgt-msp430_4.4.1\lib\</path>
         <kind>archive</kind>
         <file>rts430x_lc_rd_eabi.lib</file>
         <name>feraiseexcept.obj</name>
      </input_file>
      <input_file id="fl-93">
         <path>c:\ti\ccsv6\tools\compiler\ti-cgt-msp430_4.4.1\lib\</path>
         <kind>archive</kind>
         <file>rts430x_lc_rd_eabi.lib</file>
         <name>frcmpyd.obj</name>
      </input_file>
      <input_file id="fl-94">
         <path>c:\ti\ccsv6\tools\compiler\ti-cgt-msp430_4.4.1\lib\</path>
         <kind>archive</kind>
         <file>rts430x_lc_rd_eabi.lib</file>
         <name>llabs.obj</name>
      </input_file>
      <input_file id="fl-95">
         <path>c:\ti\ccsv6\tools\compiler\ti-cgt-msp430_4.4.1\lib\</path>
         <kind>archive</kind>
         <file>rts430x_lc_rd_eabi.lib</file>
         <name>lsl16.obj</name>
      </input_file>
      <input_file id="fl-96">
         <path>c:\ti\ccsv6\tools\compiler\ti-cgt-msp430_4.4.1\lib\</path>
         <kind>archive</kind>
         <file>rts430x_lc_rd_eabi.lib</file>
         <name>lsr16.obj</name>
      </input_file>
      <input_file id="fl-97">
         <path>c:\ti\ccsv6\tools\compiler\ti-cgt-msp430_4.4.1\lib\</path>
         <kind>archive</kind>
         <file>rts430x_lc_rd_eabi.lib</file>
         <name>mult1632.obj</name>
      </input_file>
      <input_file id="fl-98">
         <path>c:\ti\ccsv6\tools\compiler\ti-cgt-msp430_4.4.1\lib\</path>
         <kind>archive</kind>
         <file>rts430x_lc_rd_eabi.lib</file>
         <name>raise.obj</name>
      </input_file>
      <input_file id="fl-99">
         <path>c:\ti\ccsv6\tools\compiler\ti-cgt-msp430_4.4.1\lib\</path>
         <kind>archive</kind>
         <file>rts430x_lc_rd_eabi.lib</file>
         <name>remove.obj</name>
      </input_file>
      <input_file id="fl-9a">
         <path>c:\ti\ccsv6\tools\compiler\ti-cgt-msp430_4.4.1\lib\</path>
         <kind>archive</kind>
         <file>rts430x_lc_rd_eabi.lib</file>
         <name>signal.obj</name>
      </input_file>
      <input_file id="fl-9b">
         <path>c:\ti\ccsv6\tools\compiler\ti-cgt-msp430_4.4.1\lib\</path>
         <kind>archive</kind>
         <file>rts430x_lc_rd_eabi.lib</file>
         <name>xdnorm.obj</name>
      </input_file>
   </input_file_list>
   <object_component_list>
      <object_component id="oc-15d">
         <name>.common:MST_Data</name>
         <uninitialized>true</uninitialized>
         <run_address>0x29e2</run_address>
         <size>0x1</size>
      </object_component>
      <object_component id="oc-15a">
         <name>.common:SLV_Data</name>
         <uninitialized>true</uninitialized>
         <run_address>0x29e3</run_address>
         <size>0x1</size>
      </object_component>
      <object_component id="oc-18d">
         <name>.common:temp</name>
         <uninitialized>true</uninitialized>
         <run_address>0x29dc</run_address>
         <size>0x4</size>
      </object_component>
      <object_component id="oc-486">
         <name>.common:__TI_tmpnams</name>
         <uninitialized>true</uninitialized>
         <run_address>0x292c</run_address>
         <size>0xa0</size>
      </object_component>
      <object_component id="oc-491">
         <name>.common:parmbuf</name>
         <uninitialized>true</uninitialized>
         <run_address>0x29cc</run_address>
         <size>0x8</size>
      </object_component>
      <object_component id="oc-3c4">
         <name>.common:sys_free</name>
         <uninitialized>true</uninitialized>
         <run_address>0x29d8</run_address>
         <size>0x4</size>
      </object_component>
      <object_component id="oc-47e">
         <name>.common:sys_base</name>
         <uninitialized>true</uninitialized>
         <run_address>0x29d4</run_address>
         <size>0x4</size>
      </object_component>
      <object_component id="oc-47d">
         <name>.common:memsize</name>
         <uninitialized>true</uninitialized>
         <run_address>0x29e0</run_address>
         <size>0x2</size>
      </object_component>
      <object_component id="oc-d3">
         <name>.sysmem</name>
         <uninitialized>true</uninitialized>
         <run_address>0x26cc</run_address>
         <size>0x6</size>
         <input_file_ref idref="fl-81"/>
      </object_component>
      <object_component id="oc-650">
         <name>.sysmem</name>
         <uninitialized>true</uninitialized>
         <run_address>0x26cc</run_address>
         <size>0x0</size>
      </object_component>
      <object_component id="oc-cf">
         <name>.stack</name>
         <uninitialized>true</uninitialized>
         <run_address>0x42c0</run_address>
         <size>0x4</size>
         <input_file_ref idref="fl-35"/>
      </object_component>
      <object_component id="oc-64f">
         <name>.stack</name>
         <uninitialized>true</uninitialized>
         <run_address>0x42c0</run_address>
         <size>0x0</size>
      </object_component>
      <object_component id="oc-450">
         <name>.text:__TI_frcdivd</name>
         <load_address>0x10000</load_address>
         <run_address>0x10000</run_address>
         <size>0x452</size>
         <input_file_ref idref="fl-7a"/>
      </object_component>
      <object_component id="oc-41a">
         <name>.text:__mspabi_divull</name>
         <load_address>0x10452</load_address>
         <run_address>0x10452</run_address>
         <size>0x39a</size>
         <input_file_ref idref="fl-7e"/>
      </object_component>
      <object_component id="oc-448">
         <name>.text:__TI_frcmpyd</name>
         <load_address>0x107ec</load_address>
         <run_address>0x107ec</run_address>
         <size>0x2e4</size>
         <input_file_ref idref="fl-93"/>
      </object_component>
      <object_component id="oc-4d1">
         <name>.text:__mspabi_addd</name>
         <load_address>0x10ad0</load_address>
         <run_address>0x10ad0</run_address>
         <size>0x2d8</size>
         <input_file_ref idref="fl-6b"/>
      </object_component>
      <object_component id="oc-39e">
         <name>.text:__mspabi_mpyd</name>
         <load_address>0x10da8</load_address>
         <run_address>0x10da8</run_address>
         <size>0x282</size>
         <input_file_ref idref="fl-83"/>
      </object_component>
      <object_component id="oc-24f">
         <name>.text:_setfield</name>
         <load_address>0x1102a</load_address>
         <run_address>0x1102a</run_address>
         <size>0x262</size>
         <input_file_ref idref="fl-60"/>
      </object_component>
      <object_component id="oc-531">
         <name>.text:__TI_frcaddd</name>
         <load_address>0x1128c</load_address>
         <run_address>0x1128c</run_address>
         <size>0x252</size>
         <input_file_ref idref="fl-79"/>
      </object_component>
      <object_component id="oc-3a4">
         <name>.text:__mspabi_divd</name>
         <load_address>0x114de</load_address>
         <run_address>0x114de</run_address>
         <size>0x222</size>
         <input_file_ref idref="fl-72"/>
      </object_component>
      <object_component id="oc-2a9">
         <name>.text:_pproc_fgea</name>
         <load_address>0x11700</load_address>
         <run_address>0x11700</run_address>
         <size>0x218</size>
         <input_file_ref idref="fl-60"/>
      </object_component>
      <object_component id="oc-37e">
         <name>.text:ecvt</name>
         <load_address>0x11918</load_address>
         <run_address>0x11918</run_address>
         <size>0x218</size>
         <input_file_ref idref="fl-60"/>
      </object_component>
      <object_component id="oc-3b1">
         <name>.text:acvt</name>
         <load_address>0x11b30</load_address>
         <run_address>0x11b30</run_address>
         <size>0x212</size>
         <input_file_ref idref="fl-60"/>
      </object_component>
      <object_component id="oc-1ee">
         <name>.text:__TI_printfi</name>
         <load_address>0x11d42</load_address>
         <run_address>0x11d42</run_address>
         <size>0x202</size>
         <input_file_ref idref="fl-60"/>
      </object_component>
      <object_component id="oc-391">
         <name>.text:fcvt</name>
         <load_address>0x11f44</load_address>
         <run_address>0x11f44</run_address>
         <size>0x202</size>
         <input_file_ref idref="fl-60"/>
      </object_component>
      <object_component id="oc-317">
         <name>.text:_pconv_e</name>
         <load_address>0x12146</load_address>
         <run_address>0x12146</run_address>
         <size>0x1a4</size>
         <input_file_ref idref="fl-60"/>
      </object_component>
      <object_component id="oc-4f9">
         <name>.text:_Dscale</name>
         <load_address>0x122ea</load_address>
         <run_address>0x122ea</run_address>
         <size>0x19e</size>
         <input_file_ref idref="fl-89"/>
      </object_component>
      <object_component id="oc-2ec">
         <name>.text:_getarg_diouxp</name>
         <load_address>0x12488</load_address>
         <run_address>0x12488</run_address>
         <size>0x188</size>
         <input_file_ref idref="fl-60"/>
      </object_component>
      <object_component id="oc-31d">
         <name>.text:_pconv_a</name>
         <load_address>0x12610</load_address>
         <run_address>0x12610</run_address>
         <size>0x16e</size>
         <input_file_ref idref="fl-60"/>
      </object_component>
      <object_component id="oc-2a3">
         <name>.text:_pproc_diouxp</name>
         <load_address>0x1277e</load_address>
         <run_address>0x1277e</run_address>
         <size>0x148</size>
         <input_file_ref idref="fl-60"/>
      </object_component>
      <object_component id="oc-4ef">
         <name>.text:_Dnorm</name>
         <load_address>0x128c6</load_address>
         <run_address>0x128c6</run_address>
         <size>0x100</size>
         <input_file_ref idref="fl-9b"/>
      </object_component>
      <object_component id="oc-30b">
         <name>.text:_pconv_g</name>
         <load_address>0x129c6</load_address>
         <run_address>0x129c6</run_address>
         <size>0xfc</size>
         <input_file_ref idref="fl-60"/>
      </object_component>
      <object_component id="oc-249">
         <name>.text:_pproc_fwp</name>
         <load_address>0x12ac2</load_address>
         <run_address>0x12ac2</run_address>
         <size>0xfa</size>
         <input_file_ref idref="fl-60"/>
      </object_component>
      <object_component id="oc-22f">
         <name>.text:fputs</name>
         <load_address>0x12bbc</load_address>
         <run_address>0x12bbc</run_address>
         <size>0xf0</size>
         <input_file_ref idref="fl-5b"/>
      </object_component>
      <object_component id="oc-128">
         <name>.text:main</name>
         <load_address>0x12cac</load_address>
         <run_address>0x12cac</run_address>
         <size>0xe2</size>
         <input_file_ref idref="fl-2"/>
      </object_component>
      <object_component id="oc-2c9">
         <name>.text:setvbuf</name>
         <load_address>0x12d8e</load_address>
         <run_address>0x12d8e</run_address>
         <size>0xe0</size>
         <input_file_ref idref="fl-61"/>
      </object_component>
      <object_component id="oc-323">
         <name>.text:__mspabi_cmpd</name>
         <load_address>0x12e6e</load_address>
         <run_address>0x12e6e</run_address>
         <size>0xd8</size>
         <input_file_ref idref="fl-6d"/>
      </object_component>
      <object_component id="oc-33f">
         <name>.text:malloc</name>
         <load_address>0x12f46</load_address>
         <run_address>0x12f46</run_address>
         <size>0xba</size>
         <input_file_ref idref="fl-81"/>
      </object_component>
      <object_component id="oc-587">
         <name>.text:__TI_renormd</name>
         <load_address>0x13000</load_address>
         <run_address>0x13000</run_address>
         <size>0xb2</size>
         <input_file_ref idref="fl-87"/>
      </object_component>
      <object_component id="oc-255">
         <name>.text:_pproc_str</name>
         <load_address>0x130b2</load_address>
         <run_address>0x130b2</run_address>
         <size>0xa8</size>
         <input_file_ref idref="fl-60"/>
      </object_component>
      <object_component id="oc-3f4">
         <name>.text:HOSTlseek</name>
         <load_address>0x1315a</load_address>
         <run_address>0x1315a</run_address>
         <size>0x9e</size>
         <input_file_ref idref="fl-68"/>
      </object_component>
      <object_component id="oc-2f2">
         <name>.text:_ltostr</name>
         <load_address>0x131f8</load_address>
         <run_address>0x131f8</run_address>
         <size>0x9e</size>
         <input_file_ref idref="fl-60"/>
      </object_component>
      <object_component id="oc-42b">
         <name>.text:__mspabi_fltlid</name>
         <load_address>0x13296</load_address>
         <run_address>0x13296</run_address>
         <size>0x94</size>
         <input_file_ref idref="fl-77"/>
      </object_component>
      <object_component id="oc-384">
         <name>.text:_ecpy</name>
         <load_address>0x1332a</load_address>
         <run_address>0x1332a</run_address>
         <size>0x94</size>
         <input_file_ref idref="fl-60"/>
      </object_component>
      <object_component id="oc-38a">
         <name>.text:_mcpy</name>
         <load_address>0x133be</load_address>
         <run_address>0x133be</run_address>
         <size>0x90</size>
         <input_file_ref idref="fl-60"/>
      </object_component>
      <object_component id="oc-236">
         <name>.text:fputc</name>
         <load_address>0x1344e</load_address>
         <run_address>0x1344e</run_address>
         <size>0x90</size>
         <input_file_ref idref="fl-5a"/>
      </object_component>
      <object_component id="oc-339">
         <name>.text:free</name>
         <load_address>0x134de</load_address>
         <run_address>0x134de</run_address>
         <size>0x8e</size>
         <input_file_ref idref="fl-81"/>
      </object_component>
      <object_component id="oc-372">
         <name>.text:_div</name>
         <load_address>0x1356c</load_address>
         <run_address>0x1356c</run_address>
         <size>0x88</size>
         <input_file_ref idref="fl-60"/>
      </object_component>
      <object_component id="oc-460">
         <name>.text:ldexp</name>
         <load_address>0x135f4</load_address>
         <run_address>0x135f4</run_address>
         <size>0x86</size>
         <input_file_ref idref="fl-7d"/>
      </object_component>
      <object_component id="oc-425">
         <name>.text:ltoa</name>
         <load_address>0x1367a</load_address>
         <run_address>0x1367a</run_address>
         <size>0x80</size>
         <input_file_ref idref="fl-7f"/>
      </object_component>
      <object_component id="oc-276">
         <name>.text:__TI_wrt_ok</name>
         <load_address>0x136fa</load_address>
         <run_address>0x136fa</run_address>
         <size>0x7e</size>
         <input_file_ref idref="fl-5c"/>
      </object_component>
      <object_component id="oc-311">
         <name>.text:_pconv_f</name>
         <load_address>0x13778</load_address>
         <run_address>0x13778</run_address>
         <size>0x78</size>
         <input_file_ref idref="fl-60"/>
      </object_component>
      <object_component id="oc-400">
         <name>.text:HOSTrename</name>
         <load_address>0x137f0</load_address>
         <run_address>0x137f0</run_address>
         <size>0x74</size>
         <input_file_ref idref="fl-68"/>
      </object_component>
      <object_component id="oc-458">
         <name>.text:_Dunscale</name>
         <load_address>0x13864</load_address>
         <run_address>0x13864</run_address>
         <size>0x72</size>
         <input_file_ref idref="fl-8a"/>
      </object_component>
      <object_component id="oc-3d0">
         <name>.text:__TI_closefile</name>
         <load_address>0x138d6</load_address>
         <run_address>0x138d6</run_address>
         <size>0x70</size>
         <input_file_ref idref="fl-91"/>
      </object_component>
      <object_component id="oc-3dc">
         <name>.text:HOSTopen</name>
         <load_address>0x13946</load_address>
         <run_address>0x13946</run_address>
         <size>0x6e</size>
         <input_file_ref idref="fl-68"/>
      </object_component>
      <object_component id="oc-3ee">
         <name>.text:HOSTwrite</name>
         <load_address>0x139b4</load_address>
         <run_address>0x139b4</run_address>
         <size>0x6a</size>
         <input_file_ref idref="fl-68"/>
      </object_component>
      <object_component id="oc-2c3">
         <name>.text:fseek</name>
         <load_address>0x13a1e</load_address>
         <run_address>0x13a1e</run_address>
         <size>0x6a</size>
         <input_file_ref idref="fl-7c"/>
      </object_component>
      <object_component id="oc-3e8">
         <name>.text:HOSTread</name>
         <load_address>0x13a88</load_address>
         <run_address>0x13a88</run_address>
         <size>0x68</size>
         <input_file_ref idref="fl-68"/>
      </object_component>
      <object_component id="oc-e3">
         <name>.text:__TI_decompress_rle_core</name>
         <load_address>0x13af0</load_address>
         <run_address>0x13af0</run_address>
         <size>0x68</size>
         <input_file_ref idref="fl-38"/>
      </object_component>
      <object_component id="oc-43d">
         <name>.text:__mspabi_fixdli</name>
         <load_address>0x13b58</load_address>
         <run_address>0x13b58</run_address>
         <size>0x66</size>
         <input_file_ref idref="fl-75"/>
      </object_component>
      <object_component id="oc-282">
         <name>.text:__TI_doflush</name>
         <load_address>0x13bbe</load_address>
         <run_address>0x13bbe</run_address>
         <size>0x64</size>
         <input_file_ref idref="fl-73"/>
      </object_component>
      <object_component id="oc-10e">
         <name>.text:_auto_init_hold_wdt</name>
         <load_address>0x13c22</load_address>
         <run_address>0x13c22</run_address>
         <size>0x64</size>
         <input_file_ref idref="fl-58"/>
      </object_component>
      <object_component id="oc-295">
         <name>.text:atoi</name>
         <load_address>0x13c86</load_address>
         <run_address>0x13c86</run_address>
         <size>0x62</size>
         <input_file_ref idref="fl-6c"/>
      </object_component>
      <object_component id="oc-480">
         <name>.text:close</name>
         <load_address>0x13ce8</load_address>
         <run_address>0x13ce8</run_address>
         <size>0x5a</size>
         <input_file_ref idref="fl-5d"/>
      </object_component>
      <object_component id="oc-512">
         <name>.text:getdevice</name>
         <load_address>0x13d42</load_address>
         <run_address>0x13d42</run_address>
         <size>0x5a</size>
         <input_file_ref idref="fl-5d"/>
      </object_component>
      <object_component id="oc-415">
         <name>.text</name>
         <load_address>0x13d9c</load_address>
         <run_address>0x13d9c</run_address>
         <size>0x58</size>
         <input_file_ref idref="fl-71"/>
      </object_component>
      <object_component id="oc-2ff">
         <name>.text:_Dclass</name>
         <load_address>0x13df4</load_address>
         <run_address>0x13df4</run_address>
         <size>0x50</size>
         <input_file_ref idref="fl-6a"/>
      </object_component>
      <object_component id="oc-397">
         <name>.text:_fcpy</name>
         <load_address>0x13e44</load_address>
         <run_address>0x13e44</run_address>
         <size>0x4e</size>
         <input_file_ref idref="fl-60"/>
      </object_component>
      <object_component id="oc-3e2">
         <name>.text:HOSTclose</name>
         <load_address>0x13e92</load_address>
         <run_address>0x13e92</run_address>
         <size>0x4c</size>
         <input_file_ref idref="fl-68"/>
      </object_component>
      <object_component id="oc-17b">
         <name>.text:printf</name>
         <load_address>0x13ede</load_address>
         <run_address>0x13ede</run_address>
         <size>0x4a</size>
         <input_file_ref idref="fl-56"/>
      </object_component>
      <object_component id="oc-3fa">
         <name>.text:HOSTunlink</name>
         <load_address>0x13f28</load_address>
         <run_address>0x13f28</run_address>
         <size>0x46</size>
         <input_file_ref idref="fl-68"/>
      </object_component>
      <object_component id="oc-243">
         <name>.text:_pproc_fflags</name>
         <load_address>0x13f6e</load_address>
         <run_address>0x13f6e</run_address>
         <size>0x46</size>
         <input_file_ref idref="fl-60"/>
      </object_component>
      <object_component id="oc-3ab">
         <name>.text:frexp</name>
         <load_address>0x13fb4</load_address>
         <run_address>0x13fb4</run_address>
         <size>0x42</size>
         <input_file_ref idref="fl-7b"/>
      </object_component>
      <object_component id="oc-3c9">
         <name>.text:minit</name>
         <load_address>0x13ff6</load_address>
         <run_address>0x13ff6</run_address>
         <size>0x42</size>
         <input_file_ref idref="fl-81"/>
      </object_component>
      <object_component id="oc-4c2">
         <name>.text</name>
         <load_address>0x14038</load_address>
         <run_address>0x14038</run_address>
         <size>0x40</size>
         <input_file_ref idref="fl-8f"/>
      </object_component>
      <object_component id="oc-46c">
         <name>.text:incr_hex</name>
         <load_address>0x14078</load_address>
         <run_address>0x14078</run_address>
         <size>0x3e</size>
         <input_file_ref idref="fl-60"/>
      </object_component>
      <object_component id="oc-4e2">
         <name>.text:l_asr_const</name>
         <load_address>0x140b6</load_address>
         <run_address>0x140b6</run_address>
         <size>0x3e</size>
         <input_file_ref idref="fl-8e"/>
      </object_component>
      <object_component id="oc-4a4">
         <name>.text:l_lsl_const</name>
         <load_address>0x140f4</load_address>
         <run_address>0x140f4</run_address>
         <size>0x3e</size>
         <input_file_ref idref="fl-51"/>
      </object_component>
      <object_component id="oc-218">
         <name>.text:l_lsr_const</name>
         <load_address>0x14132</load_address>
         <run_address>0x14132</run_address>
         <size>0x3e</size>
         <input_file_ref idref="fl-52"/>
      </object_component>
      <object_component id="oc-331">
         <name>.text:lseek</name>
         <load_address>0x14170</load_address>
         <run_address>0x14170</run_address>
         <size>0x3e</size>
         <input_file_ref idref="fl-5d"/>
      </object_component>
      <object_component id="oc-288">
         <name>.text:write</name>
         <load_address>0x141ae</load_address>
         <run_address>0x141ae</run_address>
         <size>0x3c</size>
         <input_file_ref idref="fl-5d"/>
      </object_component>
      <object_component id="oc-4ba">
         <name>.text:__mspabi_sllll</name>
         <load_address>0x141ea</load_address>
         <run_address>0x141ea</run_address>
         <size>0x3a</size>
         <input_file_ref idref="fl-7e"/>
      </object_component>
      <object_component id="oc-40a">
         <name>.text:__mspabi_srlll</name>
         <load_address>0x14224</load_address>
         <run_address>0x14224</run_address>
         <size>0x3a</size>
         <input_file_ref idref="fl-7e"/>
      </object_component>
      <object_component id="oc-187">
         <name>.text:Read_ID</name>
         <load_address>0x1425e</load_address>
         <run_address>0x1425e</run_address>
         <size>0x38</size>
         <input_file_ref idref="fl-3"/>
      </object_component>
      <object_component id="oc-5c3">
         <name>.text:signal</name>
         <load_address>0x14296</load_address>
         <run_address>0x14296</run_address>
         <size>0x38</size>
         <input_file_ref idref="fl-9a"/>
      </object_component>
      <object_component id="oc-4ff">
         <name>.text:_Feraise</name>
         <load_address>0x142ce</load_address>
         <run_address>0x142ce</run_address>
         <size>0x36</size>
         <input_file_ref idref="fl-8b"/>
      </object_component>
      <object_component id="oc-345">
         <name>.text:__TI_cleanup</name>
         <load_address>0x14304</load_address>
         <run_address>0x14304</run_address>
         <size>0x36</size>
         <input_file_ref idref="fl-78"/>
      </object_component>
      <object_component id="oc-494">
         <name>.text:__TI_writemsg</name>
         <load_address>0x1433a</load_address>
         <run_address>0x1433a</run_address>
         <size>0x36</size>
         <input_file_ref idref="fl-69"/>
      </object_component>
      <object_component id="oc-558">
         <name>.text:feraiseexcept</name>
         <load_address>0x14370</load_address>
         <run_address>0x14370</run_address>
         <size>0x34</size>
         <input_file_ref idref="fl-92"/>
      </object_component>
      <object_component id="oc-49a">
         <name>.text:__TI_readmsg</name>
         <load_address>0x143a4</load_address>
         <run_address>0x143a4</run_address>
         <size>0x32</size>
         <input_file_ref idref="fl-69"/>
      </object_component>
      <object_component id="oc-431">
         <name>.text:__mspabi_subd</name>
         <load_address>0x143d6</load_address>
         <run_address>0x143d6</run_address>
         <size>0x32</size>
         <input_file_ref idref="fl-66"/>
      </object_component>
      <object_component id="oc-5a1">
         <name>.text:raise</name>
         <load_address>0x14408</load_address>
         <run_address>0x14408</run_address>
         <size>0x32</size>
         <input_file_ref idref="fl-98"/>
      </object_component>
      <object_component id="oc-568">
         <name>.text:strncpy</name>
         <load_address>0x1443a</load_address>
         <run_address>0x1443a</run_address>
         <size>0x32</size>
         <input_file_ref idref="fl-65"/>
      </object_component>
      <object_component id="oc-487">
         <name>.text:unlink</name>
         <load_address>0x1446c</load_address>
         <run_address>0x1446c</run_address>
         <size>0x30</size>
         <input_file_ref idref="fl-5d"/>
      </object_component>
      <object_component id="oc-19a">
         <name>.text:Byte_Program</name>
         <load_address>0x1449c</load_address>
         <run_address>0x1449c</run_address>
         <size>0x2e</size>
         <input_file_ref idref="fl-3"/>
      </object_component>
      <object_component id="oc-1a6">
         <name>.text:Read</name>
         <load_address>0x144ca</load_address>
         <run_address>0x144ca</run_address>
         <size>0x2e</size>
         <input_file_ref idref="fl-3"/>
      </object_component>
      <object_component id="oc-305">
         <name>.text:__mspabi_negd</name>
         <load_address>0x144f8</load_address>
         <run_address>0x144f8</run_address>
         <size>0x2e</size>
         <input_file_ref idref="fl-86"/>
      </object_component>
      <object_component id="oc-11a">
         <name>.text:exit</name>
         <load_address>0x14526</load_address>
         <run_address>0x14526</run_address>
         <size>0x2e</size>
         <input_file_ref idref="fl-3a"/>
      </object_component>
      <object_component id="oc-56e">
         <name>.text:finddevice</name>
         <load_address>0x14554</load_address>
         <run_address>0x14554</run_address>
         <size>0x2e</size>
         <input_file_ref idref="fl-5d"/>
      </object_component>
      <object_component id="oc-1f6">
         <name>.text:init</name>
         <load_address>0x14582</load_address>
         <run_address>0x14582</run_address>
         <size>0x2c</size>
         <input_file_ref idref="fl-3"/>
      </object_component>
      <object_component id="oc-437">
         <name>.text:__mspabi_fixdi</name>
         <load_address>0x145ae</load_address>
         <run_address>0x145ae</run_address>
         <size>0x28</size>
         <input_file_ref idref="fl-74"/>
      </object_component>
      <object_component id="oc-4dd">
         <name>.text</name>
         <load_address>0x145d6</load_address>
         <run_address>0x145d6</run_address>
         <size>0x26</size>
         <input_file_ref idref="fl-84"/>
      </object_component>
      <object_component id="oc-8d">
         <name>.text:decompress:ZI:__TI_zero_init</name>
         <load_address>0x145fc</load_address>
         <run_address>0x145fc</run_address>
         <size>0x24</size>
         <input_file_ref idref="fl-39"/>
      </object_component>
      <object_component id="oc-466">
         <name>.text:val_hex</name>
         <load_address>0x14620</load_address>
         <run_address>0x14620</run_address>
         <size>0x20</size>
         <input_file_ref idref="fl-60"/>
      </object_component>
      <object_component id="oc-1ac">
         <name>.text:Read_Status_Register</name>
         <load_address>0x14640</load_address>
         <run_address>0x14640</run_address>
         <size>0x1e</size>
         <input_file_ref idref="fl-3"/>
      </object_component>
      <object_component id="oc-2af">
         <name>.text:memccpy</name>
         <load_address>0x1465e</load_address>
         <run_address>0x1465e</run_address>
         <size>0x1e</size>
         <input_file_ref idref="fl-80"/>
      </object_component>
      <object_component id="oc-507">
         <name>.text:strchr</name>
         <load_address>0x1467c</load_address>
         <run_address>0x1467c</run_address>
         <size>0x1c</size>
         <input_file_ref idref="fl-62"/>
      </object_component>
      <object_component id="oc-5ae">
         <name>.text:strcmp</name>
         <load_address>0x14698</load_address>
         <run_address>0x14698</run_address>
         <size>0x1c</size>
         <input_file_ref idref="fl-63"/>
      </object_component>
      <object_component id="oc-1a0">
         <name>.text:Wait_Busy</name>
         <load_address>0x146b4</load_address>
         <run_address>0x146b4</run_address>
         <size>0x1a</size>
         <input_file_ref idref="fl-3"/>
      </object_component>
      <object_component id="oc-18e">
         <name>.text:Chip_Erase</name>
         <load_address>0x146ce</load_address>
         <run_address>0x146ce</run_address>
         <size>0x16</size>
         <input_file_ref idref="fl-3"/>
      </object_component>
      <object_component id="oc-203">
         <name>.text:Send_Byte</name>
         <load_address>0x146e4</load_address>
         <run_address>0x146e4</run_address>
         <size>0x16</size>
         <input_file_ref idref="fl-3"/>
      </object_component>
      <object_component id="oc-27c">
         <name>.text:memchr</name>
         <load_address>0x146fa</load_address>
         <run_address>0x146fa</run_address>
         <size>0x16</size>
         <input_file_ref idref="fl-5e"/>
      </object_component>
      <object_component id="oc-29b">
         <name>.text:memset</name>
         <load_address>0x14710</load_address>
         <run_address>0x14710</run_address>
         <size>0x16</size>
         <input_file_ref idref="fl-82"/>
      </object_component>
      <object_component id="oc-410">
         <name>.text</name>
         <load_address>0x14726</load_address>
         <run_address>0x14726</run_address>
         <size>0x16</size>
         <input_file_ref idref="fl-70"/>
      </object_component>
      <object_component id="oc-181">
         <name>.text:SST_Init</name>
         <load_address>0x1473c</load_address>
         <run_address>0x1473c</run_address>
         <size>0x14</size>
         <input_file_ref idref="fl-3"/>
      </object_component>
      <object_component id="oc-d6">
         <name>.text:memcpy</name>
         <load_address>0x14750</load_address>
         <run_address>0x14750</run_address>
         <size>0x14</size>
         <input_file_ref idref="fl-53"/>
      </object_component>
      <object_component id="oc-2d5">
         <name>.text</name>
         <load_address>0x14764</load_address>
         <run_address>0x14764</run_address>
         <size>0x14</size>
         <input_file_ref idref="fl-5f"/>
      </object_component>
      <object_component id="oc-194">
         <name>.text:WREN</name>
         <load_address>0x14778</load_address>
         <run_address>0x14778</run_address>
         <size>0x12</size>
         <input_file_ref idref="fl-3"/>
      </object_component>
      <object_component id="oc-6b">
         <name>.text:decompress:none:__TI_decompress_none</name>
         <load_address>0x1478a</load_address>
         <run_address>0x1478a</run_address>
         <size>0x12</size>
         <input_file_ref idref="fl-37"/>
      </object_component>
      <object_component id="oc-4ab">
         <name>.text:strcpy</name>
         <load_address>0x1479c</load_address>
         <run_address>0x1479c</run_address>
         <size>0x12</size>
         <input_file_ref idref="fl-88"/>
      </object_component>
      <object_component id="oc-2f9">
         <name>.text:toupper</name>
         <load_address>0x147ae</load_address>
         <run_address>0x147ae</run_address>
         <size>0x12</size>
         <input_file_ref idref="fl-67"/>
      </object_component>
      <object_component id="oc-582">
         <name>.text:l_asr</name>
         <load_address>0x147c0</load_address>
         <run_address>0x147c0</run_address>
         <size>0x10</size>
         <input_file_ref idref="fl-8e"/>
      </object_component>
      <object_component id="oc-57d">
         <name>.text:l_lsl</name>
         <load_address>0x147d0</load_address>
         <run_address>0x147d0</run_address>
         <size>0x10</size>
         <input_file_ref idref="fl-51"/>
      </object_component>
      <object_component id="oc-4b5">
         <name>.text:l_lsr</name>
         <load_address>0x147e0</load_address>
         <run_address>0x147e0</run_address>
         <size>0x10</size>
         <input_file_ref idref="fl-52"/>
      </object_component>
      <object_component id="oc-23d">
         <name>.text:strlen</name>
         <load_address>0x147f0</load_address>
         <run_address>0x147f0</run_address>
         <size>0xe</size>
         <input_file_ref idref="fl-64"/>
      </object_component>
      <object_component id="oc-209">
         <name>.text:Get_Byte</name>
         <load_address>0x147fe</load_address>
         <run_address>0x147fe</run_address>
         <size>0xc</size>
         <input_file_ref idref="fl-3"/>
      </object_component>
      <object_component id="oc-472">
         <name>.text:__mspabi_fltid</name>
         <load_address>0x1480a</load_address>
         <run_address>0x1480a</run_address>
         <size>0xc</size>
         <input_file_ref idref="fl-76"/>
      </object_component>
      <object_component id="oc-20f">
         <name>.text:CE_High</name>
         <load_address>0x14816</load_address>
         <run_address>0x14816</run_address>
         <size>0xa</size>
         <input_file_ref idref="fl-3"/>
      </object_component>
      <object_component id="oc-1fd">
         <name>.text:CE_Low</name>
         <load_address>0x14820</load_address>
         <run_address>0x14820</run_address>
         <size>0xa</size>
         <input_file_ref idref="fl-3"/>
      </object_component>
      <object_component id="oc-4c7">
         <name>.text:abs</name>
         <load_address>0x1482a</load_address>
         <run_address>0x1482a</run_address>
         <size>0xa</size>
         <input_file_ref idref="fl-8d"/>
      </object_component>
      <object_component id="oc-54e">
         <name>.text</name>
         <load_address>0x14834</load_address>
         <run_address>0x14834</run_address>
         <size>0xa</size>
         <input_file_ref idref="fl-95"/>
      </object_component>
      <object_component id="oc-549">
         <name>.text</name>
         <load_address>0x1483e</load_address>
         <run_address>0x1483e</run_address>
         <size>0xa</size>
         <input_file_ref idref="fl-96"/>
      </object_component>
      <object_component id="oc-1e8">
         <name>.text:_outc</name>
         <load_address>0x14848</load_address>
         <run_address>0x14848</run_address>
         <size>0x6</size>
         <input_file_ref idref="fl-56"/>
      </object_component>
      <object_component id="oc-71">
         <name>.text:decompress:rle24:__TI_decompress_rle24</name>
         <load_address>0x1484e</load_address>
         <run_address>0x1484e</run_address>
         <size>0x6</size>
         <input_file_ref idref="fl-38"/>
      </object_component>
      <object_component id="oc-1e2">
         <name>.text:_outs</name>
         <load_address>0x14854</load_address>
         <run_address>0x14854</run_address>
         <size>0x4</size>
         <input_file_ref idref="fl-56"/>
      </object_component>
      <object_component id="oc-108">
         <name>.text:_system_pre_init</name>
         <load_address>0x14858</load_address>
         <run_address>0x14858</run_address>
         <size>0x4</size>
         <input_file_ref idref="fl-55"/>
      </object_component>
      <object_component id="oc-130">
         <name>.text:abort</name>
         <load_address>0x1485c</load_address>
         <run_address>0x1485c</run_address>
         <size>0x4</size>
         <input_file_ref idref="fl-3a"/>
      </object_component>
      <object_component id="oc-1cd">
         <name>.text:_nop</name>
         <load_address>0x14860</load_address>
         <run_address>0x14860</run_address>
         <size>0x2</size>
         <input_file_ref idref="fl-50"/>
      </object_component>
      <object_component id="oc-fb">
         <name>.text:_isr:USCI_A0_ISR</name>
         <load_address>0x4400</load_address>
         <run_address>0x4400</run_address>
         <size>0x48</size>
         <input_file_ref idref="fl-2"/>
      </object_component>
      <object_component id="oc-9f">
         <name>.text:_isr:_c_int00_noargs</name>
         <load_address>0x4448</load_address>
         <run_address>0x4448</run_address>
         <size>0x1c</size>
         <input_file_ref idref="fl-36"/>
      </object_component>
      <object_component id="oc-f5">
         <name>.text:_isr:USCI_B1_ISR</name>
         <load_address>0x4464</load_address>
         <run_address>0x4464</run_address>
         <size>0xe</size>
         <input_file_ref idref="fl-3"/>
      </object_component>
      <object_component id="oc-f0">
         <name>.text:_isr:__TI_ISR_TRAP</name>
         <load_address>0x4472</load_address>
         <run_address>0x4472</run_address>
         <size>0x6</size>
         <input_file_ref idref="fl-4f"/>
      </object_component>
      <object_component id="oc-64d">
         <name>.cinit..data.load</name>
         <load_address>0x45ee</load_address>
         <run_address>0x45ee</run_address>
         <size>0x8b</size>
      </object_component>
      <object_component id="oc-64a">
         <name>__TI_handler_table</name>
         <load_address>0x467a</load_address>
         <run_address>0x467a</run_address>
         <size>0xc</size>
      </object_component>
      <object_component id="oc-64c">
         <name>.cinit..bss.load</name>
         <load_address>0x4686</load_address>
         <run_address>0x4686</run_address>
         <size>0x6</size>
      </object_component>
      <object_component id="oc-64e">
         <name>.cinit..cio.load</name>
         <load_address>0x468c</load_address>
         <run_address>0x468c</run_address>
         <size>0x6</size>
      </object_component>
      <object_component id="oc-64b">
         <name>__TI_cinit_table</name>
         <load_address>0x4692</load_address>
         <run_address>0x4692</run_address>
         <size>0x18</size>
      </object_component>
      <object_component id="oc-2e5">
         <name>.const:.string:_ctypes_</name>
         <load_address>0x4478</load_address>
         <run_address>0x4478</run_address>
         <size>0x101</size>
         <input_file_ref idref="fl-6e"/>
      </object_component>
      <object_component id="oc-17a">
         <name>.const:.string</name>
         <load_address>0x457a</load_address>
         <run_address>0x457a</run_address>
         <size>0x4e</size>
         <input_file_ref idref="fl-2"/>
      </object_component>
      <object_component id="oc-2a2">
         <name>.const:.string</name>
         <load_address>0x45c8</load_address>
         <run_address>0x45c8</run_address>
         <size>0x26</size>
         <input_file_ref idref="fl-60"/>
      </object_component>
      <object_component id="oc-51d">
         <name>.cio</name>
         <uninitialized>true</uninitialized>
         <run_address>0x280c</run_address>
         <size>0x120</size>
         <input_file_ref idref="fl-69"/>
      </object_component>
      <object_component id="oc-77">
         <name>.int41</name>
         <load_address>0xffd2</load_address>
         <run_address>0xffd2</run_address>
         <size>0x2</size>
         <input_file_ref idref="fl-3b"/>
      </object_component>
      <object_component id="oc-78">
         <name>.int42</name>
         <load_address>0xffd4</load_address>
         <run_address>0xffd4</run_address>
         <size>0x2</size>
         <input_file_ref idref="fl-3c"/>
      </object_component>
      <object_component id="oc-79">
         <name>.int43</name>
         <load_address>0xffd6</load_address>
         <run_address>0xffd6</run_address>
         <size>0x2</size>
         <input_file_ref idref="fl-3d"/>
      </object_component>
      <object_component id="oc-7a">
         <name>.int44</name>
         <load_address>0xffd8</load_address>
         <run_address>0xffd8</run_address>
         <size>0x2</size>
         <input_file_ref idref="fl-3e"/>
      </object_component>
      <object_component id="oc-7b">
         <name>.int45</name>
         <load_address>0xffda</load_address>
         <run_address>0xffda</run_address>
         <size>0x2</size>
         <input_file_ref idref="fl-3"/>
      </object_component>
      <object_component id="oc-7c">
         <name>.int46</name>
         <load_address>0xffdc</load_address>
         <run_address>0xffdc</run_address>
         <size>0x2</size>
         <input_file_ref idref="fl-3f"/>
      </object_component>
      <object_component id="oc-7d">
         <name>.int47</name>
         <load_address>0xffde</load_address>
         <run_address>0xffde</run_address>
         <size>0x2</size>
         <input_file_ref idref="fl-40"/>
      </object_component>
      <object_component id="oc-7e">
         <name>.int48</name>
         <load_address>0xffe0</load_address>
         <run_address>0xffe0</run_address>
         <size>0x2</size>
         <input_file_ref idref="fl-41"/>
      </object_component>
      <object_component id="oc-7f">
         <name>.int49</name>
         <load_address>0xffe2</load_address>
         <run_address>0xffe2</run_address>
         <size>0x2</size>
         <input_file_ref idref="fl-42"/>
      </object_component>
      <object_component id="oc-80">
         <name>.int50</name>
         <load_address>0xffe4</load_address>
         <run_address>0xffe4</run_address>
         <size>0x2</size>
         <input_file_ref idref="fl-43"/>
      </object_component>
      <object_component id="oc-81">
         <name>.int51</name>
         <load_address>0xffe6</load_address>
         <run_address>0xffe6</run_address>
         <size>0x2</size>
         <input_file_ref idref="fl-44"/>
      </object_component>
      <object_component id="oc-82">
         <name>.int52</name>
         <load_address>0xffe8</load_address>
         <run_address>0xffe8</run_address>
         <size>0x2</size>
         <input_file_ref idref="fl-45"/>
      </object_component>
      <object_component id="oc-83">
         <name>.int53</name>
         <load_address>0xffea</load_address>
         <run_address>0xffea</run_address>
         <size>0x2</size>
         <input_file_ref idref="fl-46"/>
      </object_component>
      <object_component id="oc-84">
         <name>.int54</name>
         <load_address>0xffec</load_address>
         <run_address>0xffec</run_address>
         <size>0x2</size>
         <input_file_ref idref="fl-47"/>
      </object_component>
      <object_component id="oc-85">
         <name>.int55</name>
         <load_address>0xffee</load_address>
         <run_address>0xffee</run_address>
         <size>0x2</size>
         <input_file_ref idref="fl-48"/>
      </object_component>
      <object_component id="oc-86">
         <name>.int56</name>
         <load_address>0xfff0</load_address>
         <run_address>0xfff0</run_address>
         <size>0x2</size>
         <input_file_ref idref="fl-2"/>
      </object_component>
      <object_component id="oc-87">
         <name>.int57</name>
         <load_address>0xfff2</load_address>
         <run_address>0xfff2</run_address>
         <size>0x2</size>
         <input_file_ref idref="fl-49"/>
      </object_component>
      <object_component id="oc-88">
         <name>.int58</name>
         <load_address>0xfff4</load_address>
         <run_address>0xfff4</run_address>
         <size>0x2</size>
         <input_file_ref idref="fl-4a"/>
      </object_component>
      <object_component id="oc-89">
         <name>.int59</name>
         <load_address>0xfff6</load_address>
         <run_address>0xfff6</run_address>
         <size>0x2</size>
         <input_file_ref idref="fl-4b"/>
      </object_component>
      <object_component id="oc-8a">
         <name>.int60</name>
         <load_address>0xfff8</load_address>
         <run_address>0xfff8</run_address>
         <size>0x2</size>
         <input_file_ref idref="fl-4c"/>
      </object_component>
      <object_component id="oc-8b">
         <name>.int61</name>
         <load_address>0xfffa</load_address>
         <run_address>0xfffa</run_address>
         <size>0x2</size>
         <input_file_ref idref="fl-4d"/>
      </object_component>
      <object_component id="oc-8c">
         <name>.int62</name>
         <load_address>0xfffc</load_address>
         <run_address>0xfffc</run_address>
         <size>0x2</size>
         <input_file_ref idref="fl-4e"/>
      </object_component>
      <object_component id="oc-d2">
         <name>.reset</name>
         <load_address>0xfffe</load_address>
         <run_address>0xfffe</run_address>
         <size>0x2</size>
         <input_file_ref idref="fl-35"/>
      </object_component>
      <object_component id="oc-171">
         <name>.data:__TI_cleanup_ptr</name>
         <load_address>0x26b4</load_address>
         <run_address>0x26b4</run_address>
         <size>0x4</size>
         <input_file_ref idref="fl-35"/>
      </object_component>
      <object_component id="oc-16e">
         <name>.data:__TI_dtors_ptr</name>
         <load_address>0x26b8</load_address>
         <run_address>0x26b8</run_address>
         <size>0x4</size>
         <input_file_ref idref="fl-35"/>
      </object_component>
      <object_component id="oc-16b">
         <name>.data:_lock</name>
         <load_address>0x26bc</load_address>
         <run_address>0x26bc</run_address>
         <size>0x4</size>
         <input_file_ref idref="fl-50"/>
      </object_component>
      <object_component id="oc-174">
         <name>.data:_unlock</name>
         <load_address>0x26c0</load_address>
         <run_address>0x26c0</run_address>
         <size>0x4</size>
         <input_file_ref idref="fl-50"/>
      </object_component>
      <object_component id="oc-1df">
         <name>.data:_ftable</name>
         <load_address>0x2400</load_address>
         <run_address>0x2400</run_address>
         <size>0xc8</size>
         <input_file_ref idref="fl-59"/>
      </object_component>
      <object_component id="oc-3d6">
         <name>.data</name>
         <load_address>0x26c4</load_address>
         <run_address>0x26c4</run_address>
         <size>0x2</size>
         <input_file_ref idref="fl-59"/>
      </object_component>
      <object_component id="oc-359">
         <name>.data:_device</name>
         <load_address>0x25f8</load_address>
         <run_address>0x25f8</run_address>
         <size>0x78</size>
         <input_file_ref idref="fl-5d"/>
      </object_component>
      <object_component id="oc-2da">
         <name>.data:_stream</name>
         <load_address>0x2670</load_address>
         <run_address>0x2670</run_address>
         <size>0x3c</size>
         <input_file_ref idref="fl-5d"/>
      </object_component>
      <object_component id="oc-3c6">
         <name>.data</name>
         <load_address>0x26c8</load_address>
         <run_address>0x26c8</run_address>
         <size>0x2</size>
         <input_file_ref idref="fl-81"/>
      </object_component>
      <object_component id="oc-553">
         <name>.data</name>
         <load_address>0x2578</load_address>
         <run_address>0x2578</run_address>
         <size>0x80</size>
         <input_file_ref idref="fl-8c"/>
      </object_component>
      <object_component id="oc-55e">
         <name>.data</name>
         <load_address>0x26c6</load_address>
         <run_address>0x26c6</run_address>
         <size>0x2</size>
         <input_file_ref idref="fl-90"/>
      </object_component>
      <object_component id="oc-59e">
         <name>.data</name>
         <load_address>0x26ac</load_address>
         <run_address>0x26ac</run_address>
         <size>0x8</size>
         <input_file_ref idref="fl-92"/>
      </object_component>
      <object_component id="oc-5d3">
         <name>.data:sigtable</name>
         <load_address>0x24c8</load_address>
         <run_address>0x24c8</run_address>
         <size>0xb0</size>
         <input_file_ref idref="fl-9a"/>
      </object_component>
      <object_component id="oc-15b">
         <name>.debug_info</name>
         <load_address>0x0</load_address>
         <run_address>0x0</run_address>
         <size>0x3d2</size>
         <input_file_ref idref="fl-2"/>
      </object_component>
      <object_component id="oc-129">
         <name>.debug_info</name>
         <load_address>0x3d2</load_address>
         <run_address>0x3d2</run_address>
         <size>0x201</size>
         <input_file_ref idref="fl-2"/>
      </object_component>
      <object_component id="oc-fc">
         <name>.debug_info</name>
         <load_address>0x5d3</load_address>
         <run_address>0x5d3</run_address>
         <size>0x14a</size>
         <input_file_ref idref="fl-2"/>
      </object_component>
      <object_component id="oc-13e">
         <name>.debug_info</name>
         <load_address>0x71d</load_address>
         <run_address>0x71d</run_address>
         <size>0x84</size>
         <input_file_ref idref="fl-2"/>
      </object_component>
      <object_component id="oc-25d">
         <name>.debug_info</name>
         <load_address>0x7a1</load_address>
         <run_address>0x7a1</run_address>
         <size>0x2c</size>
         <input_file_ref idref="fl-2"/>
      </object_component>
      <object_component id="oc-1f7">
         <name>.debug_info</name>
         <load_address>0x7cd</load_address>
         <run_address>0x7cd</run_address>
         <size>0x114</size>
         <input_file_ref idref="fl-3"/>
      </object_component>
      <object_component id="oc-182">
         <name>.debug_info</name>
         <load_address>0x8e1</load_address>
         <run_address>0x8e1</run_address>
         <size>0x132</size>
         <input_file_ref idref="fl-3"/>
      </object_component>
      <object_component id="oc-204">
         <name>.debug_info</name>
         <load_address>0xa13</load_address>
         <run_address>0xa13</run_address>
         <size>0x13c</size>
         <input_file_ref idref="fl-3"/>
      </object_component>
      <object_component id="oc-20a">
         <name>.debug_info</name>
         <load_address>0xb4f</load_address>
         <run_address>0xb4f</run_address>
         <size>0x133</size>
         <input_file_ref idref="fl-3"/>
      </object_component>
      <object_component id="oc-210">
         <name>.debug_info</name>
         <load_address>0xc82</load_address>
         <run_address>0xc82</run_address>
         <size>0x11d</size>
         <input_file_ref idref="fl-3"/>
      </object_component>
      <object_component id="oc-1fe">
         <name>.debug_info</name>
         <load_address>0xd9f</load_address>
         <run_address>0xd9f</run_address>
         <size>0x11b</size>
         <input_file_ref idref="fl-3"/>
      </object_component>
      <object_component id="oc-1ad">
         <name>.debug_info</name>
         <load_address>0xeba</load_address>
         <run_address>0xeba</run_address>
         <size>0x186</size>
         <input_file_ref idref="fl-3"/>
      </object_component>
      <object_component id="oc-195">
         <name>.debug_info</name>
         <load_address>0x1040</load_address>
         <run_address>0x1040</run_address>
         <size>0x142</size>
         <input_file_ref idref="fl-3"/>
      </object_component>
      <object_component id="oc-188">
         <name>.debug_info</name>
         <load_address>0x1182</load_address>
         <run_address>0x1182</run_address>
         <size>0x1d9</size>
         <input_file_ref idref="fl-3"/>
      </object_component>
      <object_component id="oc-1a7">
         <name>.debug_info</name>
         <load_address>0x135b</load_address>
         <run_address>0x135b</run_address>
         <size>0x1c3</size>
         <input_file_ref idref="fl-3"/>
      </object_component>
      <object_component id="oc-19b">
         <name>.debug_info</name>
         <load_address>0x151e</load_address>
         <run_address>0x151e</run_address>
         <size>0x1f2</size>
         <input_file_ref idref="fl-3"/>
      </object_component>
      <object_component id="oc-18f">
         <name>.debug_info</name>
         <load_address>0x1710</load_address>
         <run_address>0x1710</run_address>
         <size>0x15e</size>
         <input_file_ref idref="fl-3"/>
      </object_component>
      <object_component id="oc-1a1">
         <name>.debug_info</name>
         <load_address>0x186e</load_address>
         <run_address>0x186e</run_address>
         <size>0x172</size>
         <input_file_ref idref="fl-3"/>
      </object_component>
      <object_component id="oc-f6">
         <name>.debug_info</name>
         <load_address>0x19e0</load_address>
         <run_address>0x19e0</run_address>
         <size>0x126</size>
         <input_file_ref idref="fl-3"/>
      </object_component>
      <object_component id="oc-1d8">
         <name>.debug_info</name>
         <load_address>0x1b06</load_address>
         <run_address>0x1b06</run_address>
         <size>0x1d4</size>
         <input_file_ref idref="fl-35"/>
      </object_component>
      <object_component id="oc-172">
         <name>.debug_info</name>
         <load_address>0x1cda</load_address>
         <run_address>0x1cda</run_address>
         <size>0xf7</size>
         <input_file_ref idref="fl-35"/>
      </object_component>
      <object_component id="oc-16f">
         <name>.debug_info</name>
         <load_address>0x1dd1</load_address>
         <run_address>0x1dd1</run_address>
         <size>0xf3</size>
         <input_file_ref idref="fl-35"/>
      </object_component>
      <object_component id="oc-d0">
         <name>.debug_info</name>
         <load_address>0x1ec4</load_address>
         <run_address>0x1ec4</run_address>
         <size>0xe3</size>
         <input_file_ref idref="fl-35"/>
      </object_component>
      <object_component id="oc-a0">
         <name>.debug_info</name>
         <load_address>0x1fa7</load_address>
         <run_address>0x1fa7</run_address>
         <size>0x175</size>
         <input_file_ref idref="fl-36"/>
      </object_component>
      <object_component id="oc-e2">
         <name>.debug_info</name>
         <load_address>0x211c</load_address>
         <run_address>0x211c</run_address>
         <size>0x1b4</size>
         <input_file_ref idref="fl-37"/>
      </object_component>
      <object_component id="oc-6c">
         <name>.debug_info</name>
         <load_address>0x22d0</load_address>
         <run_address>0x22d0</run_address>
         <size>0x1cd</size>
         <input_file_ref idref="fl-37"/>
      </object_component>
      <object_component id="oc-dd">
         <name>.debug_info</name>
         <load_address>0x249d</load_address>
         <run_address>0x249d</run_address>
         <size>0x46</size>
         <input_file_ref idref="fl-37"/>
      </object_component>
      <object_component id="oc-150">
         <name>.debug_info</name>
         <load_address>0x24e3</load_address>
         <run_address>0x24e3</run_address>
         <size>0x2c</size>
         <input_file_ref idref="fl-37"/>
      </object_component>
      <object_component id="oc-ea">
         <name>.debug_info</name>
         <load_address>0x250f</load_address>
         <run_address>0x250f</run_address>
         <size>0x171</size>
         <input_file_ref idref="fl-38"/>
      </object_component>
[...]
         <value>0x14166</value>
         <object_component_ref idref="oc-218"/>
      </symbol>
      <symbol id="sm-51c">
         <name>__mspabi_srll_3</name>
         <value>0x14162</value>
         <object_component_ref idref="oc-218"/>
      </symbol>
      <symbol id="sm-51d">
         <name>__mspabi_srll_1</name>
         <value>0x1416a</value>
         <object_component_ref idref="oc-218"/>
      </symbol>
      <symbol id="sm-51e">
         <name>__mspabi_srll_15</name>
         <value>0x14132</value>
         <object_component_ref idref="oc-218"/>
      </symbol>
      <symbol id="sm-51f">
         <name>__mspabi_srll_14</name>
         <value>0x14136</value>
         <object_component_ref idref="oc-218"/>
      </symbol>
      <symbol id="sm-520">
         <name>__mspabi_srll_13</name>
         <value>0x1413a</value>
         <object_component_ref idref="oc-218"/>
      </symbol>
      <symbol id="sm-521">
         <name>__mspabi_srll_12</name>
         <value>0x1413e</value>
         <object_component_ref idref="oc-218"/>
      </symbol>
      <symbol id="sm-522">
         <name>__mspabi_srll_11</name>
         <value>0x14142</value>
         <object_component_ref idref="oc-218"/>
      </symbol>
      <symbol id="sm-523">
         <name>__mspabi_srll_10</name>
         <value>0x14146</value>
         <object_component_ref idref="oc-218"/>
      </symbol>
      <symbol id="sm-524">
         <name>__mspabi_srll</name>
         <value>0x147e0</value>
         <object_component_ref idref="oc-4b5"/>
      </symbol>
      <symbol id="sm-537">
         <name>memcpy</name>
         <value>0x14750</value>
         <object_component_ref idref="oc-d6"/>
      </symbol>
      <symbol id="sm-541">
         <name>_system_pre_init</name>
         <value>0x14858</value>
         <object_component_ref idref="oc-108"/>
      </symbol>
      <symbol id="sm-564">
         <name>printf</name>
         <value>0x13ede</value>
         <object_component_ref idref="oc-17b"/>
      </symbol>
      <symbol id="sm-582">
         <name>_auto_init_hold_wdt</name>
         <value>0x13c22</value>
         <object_component_ref idref="oc-10e"/>
      </symbol>
      <symbol id="sm-592">
         <name>__TI_tmpnams</name>
         <value>0x292c</value>
      </symbol>
      <symbol id="sm-593">
         <name>_ftable</name>
         <value>0x2400</value>
         <object_component_ref idref="oc-1df"/>
      </symbol>
      <symbol id="sm-594">
         <name>__TI_ft_end</name>
         <value>0x26c4</value>
         <object_component_ref idref="oc-3d6"/>
      </symbol>
      <symbol id="sm-5a7">
         <name>putc</name>
         <value>0x1344e</value>
         <object_component_ref idref="oc-236"/>
      </symbol>
      <symbol id="sm-5a8">
         <name>fputc</name>
         <value>0x1344e</value>
         <object_component_ref idref="oc-236"/>
      </symbol>
      <symbol id="sm-5c0">
         <name>fputs</name>
         <value>0x12bbc</value>
         <object_component_ref idref="oc-22f"/>
      </symbol>
      <symbol id="sm-5d8">
         <name>__TI_wrt_ok</name>
         <value>0x136fa</value>
         <object_component_ref idref="oc-276"/>
      </symbol>
      <symbol id="sm-635">
         <name>lseek</name>
         <value>0x14170</value>
         <object_component_ref idref="oc-331"/>
      </symbol>
      <symbol id="sm-636">
         <name>write</name>
         <value>0x141ae</value>
         <object_component_ref idref="oc-288"/>
      </symbol>
      <symbol id="sm-637">
         <name>close</name>
         <value>0x13ce8</value>
         <object_component_ref idref="oc-480"/>
      </symbol>
      <symbol id="sm-638">
         <name>unlink</name>
         <value>0x1446c</value>
         <object_component_ref idref="oc-487"/>
      </symbol>
      <symbol id="sm-647">
         <name>memchr</name>
         <value>0x146fa</value>
         <object_component_ref idref="oc-27c"/>
      </symbol>
      <symbol id="sm-651">
         <name>__mspabi_mpyi_sw</name>
         <value>0x14764</value>
         <object_component_ref idref="oc-2d5"/>
      </symbol>
      <symbol id="sm-652">
         <name>__mspabi_mpyi</name>
         <value>0x14764</value>
         <object_component_ref idref="oc-2d5"/>
      </symbol>
      <symbol id="sm-81b">
         <name>__TI_printfi</name>
         <value>0x11d42</value>
         <object_component_ref idref="oc-1ee"/>
      </symbol>
      <symbol id="sm-833">
         <name>setvbuf</name>
         <value>0x12d8e</value>
         <object_component_ref idref="oc-2c9"/>
      </symbol>
      <symbol id="sm-842">
         <name>strchr</name>
         <value>0x1467c</value>
         <object_component_ref idref="oc-507"/>
      </symbol>
      <symbol id="sm-850">
         <name>strcmp</name>
         <value>0x14698</value>
         <object_component_ref idref="oc-5ae"/>
      </symbol>
      <symbol id="sm-85d">
         <name>strlen</name>
         <value>0x147f0</value>
         <object_component_ref idref="oc-23d"/>
      </symbol>
      <symbol id="sm-86d">
         <name>strncpy</name>
         <value>0x1443a</value>
         <object_component_ref idref="oc-568"/>
      </symbol>
      <symbol id="sm-879">
         <name>__mspabi_subd</name>
         <value>0x143d6</value>
         <object_component_ref idref="oc-431"/>
      </symbol>
      <symbol id="sm-886">
         <name>toupper</name>
         <value>0x147ae</value>
         <object_component_ref idref="oc-2f9"/>
      </symbol>
      <symbol id="sm-8c1">
         <name>HOSTrename</name>
         <value>0x137f0</value>
         <object_component_ref idref="oc-400"/>
      </symbol>
      <symbol id="sm-8c2">
         <name>HOSTclose</name>
         <value>0x13e92</value>
         <object_component_ref idref="oc-3e2"/>
      </symbol>
      <symbol id="sm-8c3">
         <name>HOSTunlink</name>
         <value>0x13f28</value>
         <object_component_ref idref="oc-3fa"/>
      </symbol>
      <symbol id="sm-8c4">
         <name>HOSTlseek</name>
         <value>0x1315a</value>
         <object_component_ref idref="oc-3f4"/>
      </symbol>
      <symbol id="sm-8c5">
         <name>HOSTopen</name>
         <value>0x13946</value>
         <object_component_ref idref="oc-3dc"/>
      </symbol>
      <symbol id="sm-8c6">
         <name>HOSTwrite</name>
         <value>0x139b4</value>
         <object_component_ref idref="oc-3ee"/>
      </symbol>
      <symbol id="sm-8c7">
         <name>HOSTread</name>
         <value>0x13a88</value>
         <object_component_ref idref="oc-3e8"/>
      </symbol>
      <symbol id="sm-8e5">
         <name>__TI_readmsg</name>
         <value>0x143a4</value>
         <object_component_ref idref="oc-49a"/>
      </symbol>
      <symbol id="sm-8e6">
         <name>C$$IO$$</name>
         <value>0x1436c</value>
         <object_component_ref idref="oc-494"/>
      </symbol>
      <symbol id="sm-8e7">
         <name>_CIOBUF_</name>
         <value>0x280c</value>
         <object_component_ref idref="oc-51d"/>
      </symbol>
      <symbol id="sm-8e8">
         <name>__TI_writemsg</name>
         <value>0x1433a</value>
         <object_component_ref idref="oc-494"/>
      </symbol>
      <symbol id="sm-8f9">
         <name>_Dclass</name>
         <value>0x13df4</value>
         <object_component_ref idref="oc-2ff"/>
      </symbol>
      <symbol id="sm-920">
         <name>__mspabi_addd</name>
         <value>0x10ad0</value>
         <object_component_ref idref="oc-4d1"/>
      </symbol>
      <symbol id="sm-933">
         <name>atoi</name>
         <value>0x13c86</value>
         <object_component_ref idref="oc-295"/>
      </symbol>
      <symbol id="sm-950">
         <name>__mspabi_cmpd</name>
         <value>0x12e6e</value>
         <object_component_ref idref="oc-323"/>
      </symbol>
      <symbol id="sm-95a">
         <name>_ctypes_</name>
         <value>0x4478</value>
         <object_component_ref idref="oc-2e5"/>
      </symbol>
      <symbol id="sm-965">
         <name>__mspabi_remu</name>
         <value>0x14726</value>
         <object_component_ref idref="oc-410"/>
      </symbol>
      <symbol id="sm-966">
         <name>__mspabi_divu</name>
         <value>0x14726</value>
         <object_component_ref idref="oc-410"/>
      </symbol>
      <symbol id="sm-975">
         <name>__mspabi_remul</name>
         <value>0x13d9c</value>
         <object_component_ref idref="oc-415"/>
      </symbol>
      <symbol id="sm-976">
         <name>__mspabi_divul</name>
         <value>0x13d9c</value>
         <object_component_ref idref="oc-415"/>
      </symbol>
      <symbol id="sm-997">
         <name>__mspabi_divd</name>
         <value>0x114de</value>
         <object_component_ref idref="oc-3a4"/>
      </symbol>
      <symbol id="sm-9a8">
         <name>__TI_doflush</name>
         <value>0x13bbe</value>
         <object_component_ref idref="oc-282"/>
      </symbol>
      <symbol id="sm-9b8">
         <name>__mspabi_fixdi</name>
         <value>0x145ae</value>
         <object_component_ref idref="oc-437"/>
      </symbol>
      <symbol id="sm-9ca">
         <name>__mspabi_fixdli</name>
         <value>0x13b58</value>
         <object_component_ref idref="oc-43d"/>
      </symbol>
      <symbol id="sm-9d6">
         <name>__mspabi_fltid</name>
         <value>0x1480a</value>
         <object_component_ref idref="oc-472"/>
      </symbol>
      <symbol id="sm-9ee">
         <name>__mspabi_fltlid</name>
         <value>0x13296</value>
         <object_component_ref idref="oc-42b"/>
      </symbol>
      <symbol id="sm-9fa">
         <name>__TI_cleanup</name>
         <value>0x14304</value>
         <object_component_ref idref="oc-345"/>
      </symbol>
      <symbol id="sm-a1b">
         <name>__TI_frcaddd</name>
         <value>0x1128c</value>
         <object_component_ref idref="oc-531"/>
      </symbol>
      <symbol id="sm-a36">
         <name>__TI_frcdivd</name>
         <value>0x10000</value>
         <object_component_ref idref="oc-450"/>
      </symbol>
      <symbol id="sm-a42">
         <name>frexp</name>
         <value>0x13fb4</value>
         <object_component_ref idref="oc-3ab"/>
      </symbol>
      <symbol id="sm-a52">
         <name>fseek</name>
         <value>0x13a1e</value>
         <object_component_ref idref="oc-2c3"/>
      </symbol>
      <symbol id="sm-a62">
         <name>ldexp</name>
         <value>0x135f4</value>
         <object_component_ref idref="oc-460"/>
      </symbol>
      <symbol id="sm-aaa">
         <name>__mspabi_srlll</name>
         <value>0x14224</value>
         <object_component_ref idref="oc-40a"/>
      </symbol>
      <symbol id="sm-aab">
         <name>__mspabi_sllll</name>
         <value>0x141ea</value>
         <object_component_ref idref="oc-4ba"/>
      </symbol>
      <symbol id="sm-aac">
         <name>__mspabi_divull</name>
         <value>0x10452</value>
         <object_component_ref idref="oc-41a"/>
      </symbol>
      <symbol id="sm-abb">
         <name>ltoa</name>
         <value>0x1367a</value>
         <object_component_ref idref="oc-425"/>
      </symbol>
      <symbol id="sm-aca">
         <name>memccpy</name>
         <value>0x1465e</value>
         <object_component_ref idref="oc-2af"/>
      </symbol>
      <symbol id="sm-b15">
         <name>_sys_memory</name>
         <value>0x26cc</value>
         <object_component_ref idref="oc-d3"/>
      </symbol>
      <symbol id="sm-b16">
         <name>free</name>
         <value>0x134de</value>
         <object_component_ref idref="oc-339"/>
      </symbol>
      <symbol id="sm-b17">
         <name>malloc</name>
         <value>0x12f46</value>
         <object_component_ref idref="oc-33f"/>
      </symbol>
      <symbol id="sm-b18">
         <name>minit</name>
         <value>0x13ff6</value>
         <object_component_ref idref="oc-3c9"/>
      </symbol>
      <symbol id="sm-b26">
         <name>memset</name>
         <value>0x14710</value>
         <object_component_ref idref="oc-29b"/>
      </symbol>
      <symbol id="sm-b46">
         <name>__mspabi_mpyd</name>
         <value>0x10da8</value>
         <object_component_ref idref="oc-39e"/>
      </symbol>
      <symbol id="sm-b50">
         <name>__mspabi_mpyl_sw</name>
         <value>0x145d6</value>
         <object_component_ref idref="oc-4dd"/>
      </symbol>
      <symbol id="sm-b51">
         <name>__mspabi_mpyl</name>
         <value>0x145d6</value>
         <object_component_ref idref="oc-4dd"/>
      </symbol>
      <symbol id="sm-b5b">
         <name>__mspabi_negd</name>
         <value>0x144f8</value>
         <object_component_ref idref="oc-305"/>
      </symbol>
      <symbol id="sm-b6f">
         <name>__TI_renormd</name>
         <value>0x13000</value>
         <object_component_ref idref="oc-587"/>
      </symbol>
      <symbol id="sm-b7c">
         <name>strcpy</name>
         <value>0x1479c</value>
         <object_component_ref idref="oc-4ab"/>
      </symbol>
      <symbol id="sm-ba0">
         <name>_Dscale</name>
         <value>0x122ea</value>
         <object_component_ref idref="oc-4f9"/>
      </symbol>
      <symbol id="sm-bb2">
         <name>_Dunscale</name>
         <value>0x13864</value>
         <object_component_ref idref="oc-458"/>
      </symbol>
      <symbol id="sm-bbe">
         <name>_Feraise</name>
         <value>0x142ce</value>
         <object_component_ref idref="oc-4ff"/>
      </symbol>
      <symbol id="sm-bc5">
         <name>_Rteps</name>
         <value>0x25d8</value>
         <object_component_ref idref="oc-553"/>
      </symbol>
      <symbol id="sm-bc6">
         <name>_Zero</name>
         <value>0x25f0</value>
         <object_component_ref idref="oc-553"/>
      </symbol>
      <symbol id="sm-bc7">
         <name>_Hugeval</name>
         <value>0x2598</value>
         <object_component_ref idref="oc-553"/>
      </symbol>
      <symbol id="sm-bc8">
         <name>_Snan</name>
         <value>0x25c8</value>
         <object_component_ref idref="oc-553"/>
      </symbol>
      <symbol id="sm-bc9">
         <name>_Nan</name>
         <value>0x25b8</value>
         <object_component_ref idref="oc-553"/>
      </symbol>
      <symbol id="sm-bca">
         <name>_Inf</name>
         <value>0x25a8</value>
         <object_component_ref idref="oc-553"/>
      </symbol>
      <symbol id="sm-bcb">
         <name>_Xbig</name>
         <value>0x25e8</value>
         <object_component_ref idref="oc-553"/>
      </symbol>
      <symbol id="sm-bcc">
         <name>_Eps</name>
         <value>0x2588</value>
         <object_component_ref idref="oc-553"/>
      </symbol>
      <symbol id="sm-bcd">
         <name>_Denorm</name>
         <value>0x2578</value>
         <object_component_ref idref="oc-553"/>
      </symbol>
      <symbol id="sm-bda">
         <name>abs</name>
         <value>0x1482a</value>
         <object_component_ref idref="oc-4c7"/>
      </symbol>
      <symbol id="sm-bea">
         <name>__mspabi_sral</name>
         <value>0x147c0</value>
         <object_component_ref idref="oc-582"/>
      </symbol>
      <symbol id="sm-beb">
         <name>__mspabi_sral_15</name>
         <value>0x140b6</value>
         <object_component_ref idref="oc-4e2"/>
      </symbol>
      <symbol id="sm-bec">
         <name>__mspabi_sral_14</name>
         <value>0x140ba</value>
         <object_component_ref idref="oc-4e2"/>
      </symbol>
      <symbol id="sm-bed">
         <name>__mspabi_sral_13</name>
         <value>0x140be</value>
         <object_component_ref idref="oc-4e2"/>
      </symbol>
      <symbol id="sm-bee">
         <name>__mspabi_sral_12</name>
         <value>0x140c2</value>
         <object_component_ref idref="oc-4e2"/>
      </symbol>
      <symbol id="sm-bef">
         <name>__mspabi_sral_11</name>
         <value>0x140c6</value>
         <object_component_ref idref="oc-4e2"/>
      </symbol>
      <symbol id="sm-bf0">
         <name>__mspabi_sral_10</name>
         <value>0x140ca</value>
         <object_component_ref idref="oc-4e2"/>
      </symbol>
      <symbol id="sm-bf1">
         <name>__mspabi_sral_8</name>
         <value>0x140d2</value>
         <object_component_ref idref="oc-4e2"/>
      </symbol>
      <symbol id="sm-bf2">
         <name>__mspabi_sral_9</name>
         <value>0x140ce</value>
         <object_component_ref idref="oc-4e2"/>
      </symbol>
      <symbol id="sm-bf3">
         <name>__mspabi_sral_6</name>
         <value>0x140da</value>
         <object_component_ref idref="oc-4e2"/>
      </symbol>
      <symbol id="sm-bf4">
         <name>__mspabi_sral_7</name>
         <value>0x140d6</value>
         <object_component_ref idref="oc-4e2"/>
      </symbol>
      <symbol id="sm-bf5">
         <name>__mspabi_sral_4</name>
         <value>0x140e2</value>
         <object_component_ref idref="oc-4e2"/>
      </symbol>
      <symbol id="sm-bf6">
         <name>__mspabi_sral_5</name>
         <value>0x140de</value>
         <object_component_ref idref="oc-4e2"/>
      </symbol>
      <symbol id="sm-bf7">
         <name>__mspabi_sral_2</name>
         <value>0x140ea</value>
         <object_component_ref idref="oc-4e2"/>
      </symbol>
      <symbol id="sm-bf8">
         <name>__mspabi_sral_3</name>
         <value>0x140e6</value>
         <object_component_ref idref="oc-4e2"/>
      </symbol>
      <symbol id="sm-bf9">
         <name>__mspabi_sral_1</name>
         <value>0x140ee</value>
         <object_component_ref idref="oc-4e2"/>
      </symbol>
      <symbol id="sm-c06">
         <name>__mspabi_remli</name>
         <value>0x14038</value>
         <object_component_ref idref="oc-4c2"/>
      </symbol>
      <symbol id="sm-c07">
         <name>__mspabi_divli</name>
         <value>0x14038</value>
         <object_component_ref idref="oc-4c2"/>
      </symbol>
      <symbol id="sm-c0e">
         <name>_Errno</name>
         <value>0x26c6</value>
         <object_component_ref idref="oc-55e"/>
      </symbol>
      <symbol id="sm-c1f">
         <name>__TI_closefile</name>
         <value>0x138d6</value>
         <object_component_ref idref="oc-3d0"/>
      </symbol>
      <symbol id="sm-c37">
         <name>feraiseexcept</name>
         <value>0x14370</value>
         <object_component_ref idref="oc-558"/>
      </symbol>
      <symbol id="sm-c38">
         <name>_Tls_setup__Fenv</name>
         <value>0x26b0</value>
         <object_component_ref idref="oc-59e"/>
      </symbol>
      <symbol id="sm-c39">
         <name>_Fenv</name>
         <value>0x26ac</value>
         <object_component_ref idref="oc-59e"/>
      </symbol>
      <symbol id="sm-c4a">
         <name>__TI_frcmpyd</name>
         <value>0x107ec</value>
         <object_component_ref idref="oc-448"/>
      </symbol>
      <symbol id="sm-c54">
         <name>__mspabi_slli</name>
         <value>0x14834</value>
         <object_component_ref idref="oc-54e"/>
      </symbol>
      <symbol id="sm-c5d">
         <name>__mspabi_srli</name>
         <value>0x1483e</value>
         <object_component_ref idref="oc-549"/>
      </symbol>
      <symbol id="sm-c72">
         <name>raise</name>
         <value>0x14408</value>
         <object_component_ref idref="oc-5a1"/>
      </symbol>
      <symbol id="sm-c88">
         <name>signal</name>
         <value>0x14296</value>
         <object_component_ref idref="oc-5c3"/>
      </symbol>
      <symbol id="sm-c9b">
         <name>_Dnorm</name>
         <value>0x128c6</value>
         <object_component_ref idref="oc-4ef"/>
      </symbol>
      <symbol id="sm-c9d">
         <name>__TI_INITARRAY_Base</name>
         <value>0x0</value>
      </symbol>
      <symbol id="sm-c9e">
         <name>__TI_INITARRAY_Limit</name>
         <value>0x0</value>
      </symbol>
      <symbol id="sm-c9f">
         <name>remove</name>
         <value>0x1446c</value>
      </symbol>
   </symbol_table>
   <title>Link successful</title>
</link_info>
