<?xml version="1.0"?>
<link_info>
   <banner>MSP430 Linker PC v4.4.1</banner>
   <copyright>Copyright (c) 2003-2014 Texas Instruments Incorporated</copyright>
   <link_time>0x56e7d0f7</link_time>
   <link_errors>0x0</link_errors>
   <output_file>MSP430F55xx_uscib1_spi_09.out</output_file>
   <entry_point>
      <name>_c_int00_noargs</name>
      <address>0x4400</address>
   </entry_point>
   <input_file_list>
      <input_file id="fl-2">
         <path>.\</path>
         <kind>object</kind>
         <file>FlashSPAN_SST25VF.obj</file>
         <name>FlashSPAN_SST25VF.obj</name>
      </input_file>
      <input_file id="fl-3">
         <path>.\</path>
         <kind>object</kind>
         <file>MSP430F55xx_uscib1_spi_09.obj</file>
         <name>MSP430F55xx_uscib1_spi_09.obj</name>
      </input_file>
      <input_file id="fl-4">
         <path>.\</path>
         <kind>object</kind>
         <file>MX25R1035Fdriver.obj</file>
         <name>MX25R1035Fdriver.obj</name>
      </input_file>
      <input_file id="fl-5">
         <path>.\</path>
         <kind>object</kind>
         <file>SST25VF.obj</file>
         <name>SST25VF.obj</name>
      </input_file>
      <input_file id="fl-6">
         <path>.\</path>
         <kind>object</kind>
         <file>spi.obj</file>
         <name>spi.obj</name>
      </input_file>
      <input_file id="fl-36">
         <path>c:\ti\ccsv6\tools\compiler\ti-cgt-msp430_4.4.1\lib\</path>
         <kind>archive</kind>
         <file>rts430x_lc_rd_eabi.lib</file>
         <name>boot.obj</name>
      </input_file>
      <input_file id="fl-37">
         <path>c:\ti\ccsv6\tools\compiler\ti-cgt-msp430_4.4.1\lib\</path>
         <kind>archive</kind>
         <file>rts430x_lc_rd_eabi.lib</file>
         <name>boot_special.obj</name>
      </input_file>
      <input_file id="fl-38">
         <path>c:\ti\ccsv6\tools\compiler\ti-cgt-msp430_4.4.1\lib\</path>
         <kind>archive</kind>
         <file>rts430x_lc_rd_eabi.lib</file>
         <name>copy_decompress_none.obj</name>
      </input_file>
      <input_file id="fl-39">
         <path>c:\ti\ccsv6\tools\compiler\ti-cgt-msp430_4.4.1\lib\</path>
         <kind>archive</kind>
         <file>rts430x_lc_rd_eabi.lib</file>
         <name>copy_decompress_rle.obj</name>
      </input_file>
      <input_file id="fl-3a">
         <path>c:\ti\ccsv6\tools\compiler\ti-cgt-msp430_4.4.1\lib\</path>
         <kind>archive</kind>
         <file>rts430x_lc_rd_eabi.lib</file>
         <name>copy_zero_init.obj</name>
      </input_file>
      <input_file id="fl-3b">
         <path>c:\ti\ccsv6\tools\compiler\ti-cgt-msp430_4.4.1\lib\</path>
         <kind>archive</kind>
         <file>rts430x_lc_rd_eabi.lib</file>
         <name>exit.obj</name>
      </input_file>
      <input_file id="fl-3c">
         <path>c:\ti\ccsv6\tools\compiler\ti-cgt-msp430_4.4.1\lib\</path>
         <kind>archive</kind>
         <file>rts430x_lc_rd_eabi.lib</file>
         <name>int41.obj</name>
      </input_file>
      <input_file id="fl-3d">
         <path>c:\ti\ccsv6\tools\compiler\ti-cgt-msp430_4.4.1\lib\</path>
         <kind>archive</kind>
         <file>rts430x_lc_rd_eabi.lib</file>
         <name>int42.obj</name>
      </input_file>
      <input_file id="fl-3e">
         <path>c:\ti\ccsv6\tools\compiler\ti-cgt-msp430_4.4.1\lib\</path>
         <kind>archive</kind>
         <file>rts430x_lc_rd_eabi.lib</file>
         <name>int43.obj</name>
      </input_file>
      <input_file id="fl-3f">
         <path>c:\ti\ccsv6\tools\compiler\ti-cgt-msp430_4.4.1\lib\</path>
         <kind>archive</kind>
         <file>rts430x_lc_rd_eabi.lib</file>
         <name>int44.obj</name>
      </input_file>
      <input_file id="fl-40">
         <path>c:\ti\ccsv6\tools\compiler\ti-cgt-msp430_4.4.1\lib\</path>
         <kind>archive</kind>
         <file>rts430x_lc_rd_eabi.lib</file>
         <name>int46.obj</name>
      </input_file>
      <input_file id="fl-41">
         <path>c:\ti\ccsv6\tools\compiler\ti-cgt-msp430_4.4.1\lib\</path>
         <kind>archive</kind>
         <file>rts430x_lc_rd_eabi.lib</file>
         <name>int47.obj</name>
      </input_file>
      <input_file id="fl-42">
         <path>c:\ti\ccsv6\tools\compiler\ti-cgt-msp430_4.4.1\lib\</path>
         <kind>archive</kind>
         <file>rts430x_lc_rd_eabi.lib</file>
         <name>int48.obj</name>
      </input_file>
      <input_file id="fl-43">
         <path>c:\ti\ccsv6\tools\compiler\ti-cgt-msp430_4.4.1\lib\</path>
         <kind>archive</kind>
         <file>rts430x_lc_rd_eabi.lib</file>
         <name>int49.obj</name>
      </input_file>
      <input_file id="fl-44">
         <path>c:\ti\ccsv6\tools\compiler\ti-cgt-msp430_4.4.1\lib\</path>
         <kind>archive</kind>
         <file>rts430x_lc_rd_eabi.lib</file>
         <name>int50.obj</name>
      </input_file>
      <input_file id="fl-45">
         <path>c:\ti\ccsv6\tools\compiler\ti-cgt-msp430_4.4.1\lib\</path>
         <kind>archive</kind>
         <file>rts430x_lc_rd_eabi.lib</file>
         <name>int51.obj</name>
      </input_file>
      <input_file id="fl-46">
         <path>c:\ti\ccsv6\tools\compiler\ti-cgt-msp430_4.4.1\lib\</path>
         <kind>archive</kind>
         <file>rts430x_lc_rd_eabi.lib</file>
         <name>int52.obj</name>
      </input_file>
      <input_file id="fl-47">
         <path>c:\ti\ccsv6\tools\compiler\ti-cgt-msp430_4.4.1\lib\</path>
         <kind>archive</kind>
         <file>rts430x_lc_rd_eabi.lib</file>
         <name>int53.obj</name>
      </input_file>
      <input_file id="fl-48">
         <path>c:\ti\ccsv6\tools\compiler\ti-cgt-msp430_4.4.1\lib\</path>
         <kind>archive</kind>
         <file>rts430x_lc_rd_eabi.lib</file>
         <name>int54.obj</name>
      </input_file>
      <input_file id="fl-49">
         <path>c:\ti\ccsv6\tools\compiler\ti-cgt-msp430_4.4.1\lib\</path>
         <kind>archive</kind>
         <file>rts430x_lc_rd_eabi.lib</file>
         <name>int55.obj</name>
      </input_file>
      <input_file id="fl-4a">
         <path>c:\ti\ccsv6\tools\compiler\ti-cgt-msp430_4.4.1\lib\</path>
         <kind>archive</kind>
         <file>rts430x_lc_rd_eabi.lib</file>
         <name>int56.obj</name>
      </input_file>
      <input_file id="fl-4b">
         <path>c:\ti\ccsv6\tools\compiler\ti-cgt-msp430_4.4.1\lib\</path>
         <kind>archive</kind>
         <file>rts430x_lc_rd_eabi.lib</file>
         <name>int57.obj</name>
      </input_file>
      <input_file id="fl-4c">
         <path>c:\ti\ccsv6\tools\compiler\ti-cgt-msp430_4.4.1\lib\</path>
         <kind>archive</kind>
         <file>rts430x_lc_rd_eabi.lib</file>
         <name>int58.obj</name>
      </input_file>
      <input_file id="fl-4d">
         <path>c:\ti\ccsv6\tools\compiler\ti-cgt-msp430_4.4.1\lib\</path>
         <kind>archive</kind>
         <file>rts430x_lc_rd_eabi.lib</file>
         <name>int59.obj</name>
      </input_file>
      <input_file id="fl-4e">
         <path>c:\ti\ccsv6\tools\compiler\ti-cgt-msp430_4.4.1\lib\</path>
         <kind>archive</kind>
         <file>rts430x_lc_rd_eabi.lib</file>
         <name>int60.obj</name>
      </input_file>
      <input_file id="fl-4f">
         <path>c:\ti\ccsv6\tools\compiler\ti-cgt-msp430_4.4.1\lib\</path>
         <kind>archive</kind>
         <file>rts430x_lc_rd_eabi.lib</file>
         <name>int61.obj</name>
      </input_file>
      <input_file id="fl-50">
         <path>c:\ti\ccsv6\tools\compiler\ti-cgt-msp430_4.4.1\lib\</path>
         <kind>archive</kind>
         <file>rts430x_lc_rd_eabi.lib</file>
         <name>int62.obj</name>
      </input_file>
      <input_file id="fl-51">
         <path>c:\ti\ccsv6\tools\compiler\ti-cgt-msp430_4.4.1\lib\</path>
         <kind>archive</kind>
         <file>rts430x_lc_rd_eabi.lib</file>
         <name>isr_trap.obj</name>
      </input_file>
      <input_file id="fl-52">
         <path>c:\ti\ccsv6\tools\compiler\ti-cgt-msp430_4.4.1\lib\</path>
         <kind>archive</kind>
         <file>rts430x_lc_rd_eabi.lib</file>
         <name>_lock.obj</name>
      </input_file>
      <input_file id="fl-53">
         <path>c:\ti\ccsv6\tools\compiler\ti-cgt-msp430_4.4.1\lib\</path>
         <kind>archive</kind>
         <file>rts430x_lc_rd_eabi.lib</file>
         <name>lsl32.obj</name>
      </input_file>
      <input_file id="fl-54">
         <path>c:\ti\ccsv6\tools\compiler\ti-cgt-msp430_4.4.1\lib\</path>
         <kind>archive</kind>
         <file>rts430x_lc_rd_eabi.lib</file>
         <name>lsr32.obj</name>
      </input_file>
      <input_file id="fl-55">
         <path>c:\ti\ccsv6\tools\compiler\ti-cgt-msp430_4.4.1\lib\</path>
         <kind>archive</kind>
         <file>rts430x_lc_rd_eabi.lib</file>
         <name>memcpy.obj</name>
      </input_file>
      <input_file id="fl-56">
         <path>c:\ti\ccsv6\tools\compiler\ti-cgt-msp430_4.4.1\lib\</path>
         <kind>archive</kind>
         <file>rts430x_lc_rd_eabi.lib</file>
         <name>mpu_init.obj</name>
      </input_file>
      <input_file id="fl-57">
         <path>c:\ti\ccsv6\tools\compiler\ti-cgt-msp430_4.4.1\lib\</path>
         <kind>archive</kind>
         <file>rts430x_lc_rd_eabi.lib</file>
         <name>pre_init.obj</name>
      </input_file>
      <input_file id="fl-58">
         <path>c:\ti\ccsv6\tools\compiler\ti-cgt-msp430_4.4.1\lib\</path>
         <kind>archive</kind>
         <file>rts430x_lc_rd_eabi.lib</file>
         <name>printf.obj</name>
      </input_file>
      <input_file id="fl-59">
         <path>c:\ti\ccsv6\tools\compiler\ti-cgt-msp430_4.4.1\lib\</path>
         <kind>archive</kind>
         <file>rts430x_lc_rd_eabi.lib</file>
         <name>args_main.obj</name>
      </input_file>
      <input_file id="fl-5a">
         <path>c:\ti\ccsv6\tools\compiler\ti-cgt-msp430_4.4.1\lib\</path>
         <kind>archive</kind>
         <file>rts430x_lc_rd_eabi.lib</file>
         <name>autoinit_wdt.obj</name>
      </input_file>
      <input_file id="fl-5b">
         <path>c:\ti\ccsv6\tools\compiler\ti-cgt-msp430_4.4.1\lib\</path>
         <kind>archive</kind>
         <file>rts430x_lc_rd_eabi.lib</file>
         <name>defs.obj</name>
      </input_file>
      <input_file id="fl-5c">
         <path>c:\ti\ccsv6\tools\compiler\ti-cgt-msp430_4.4.1\lib\</path>
         <kind>archive</kind>
         <file>rts430x_lc_rd_eabi.lib</file>
         <name>fputc.obj</name>
      </input_file>
      <input_file id="fl-5d">
         <path>c:\ti\ccsv6\tools\compiler\ti-cgt-msp430_4.4.1\lib\</path>
         <kind>archive</kind>
         <file>rts430x_lc_rd_eabi.lib</file>
         <name>fputs.obj</name>
      </input_file>
      <input_file id="fl-5e">
         <path>c:\ti\ccsv6\tools\compiler\ti-cgt-msp430_4.4.1\lib\</path>
         <kind>archive</kind>
         <file>rts430x_lc_rd_eabi.lib</file>
         <name>_io_perm.obj</name>
      </input_file>
      <input_file id="fl-5f">
         <path>c:\ti\ccsv6\tools\compiler\ti-cgt-msp430_4.4.1\lib\</path>
         <kind>archive</kind>
         <file>rts430x_lc_rd_eabi.lib</file>
         <name>lowlev.obj</name>
      </input_file>
      <input_file id="fl-60">
         <path>c:\ti\ccsv6\tools\compiler\ti-cgt-msp430_4.4.1\lib\</path>
         <kind>archive</kind>
         <file>rts430x_lc_rd_eabi.lib</file>
         <name>memchr.obj</name>
      </input_file>
      <input_file id="fl-61">
         <path>c:\ti\ccsv6\tools\compiler\ti-cgt-msp430_4.4.1\lib\</path>
         <kind>archive</kind>
         <file>rts430x_lc_rd_eabi.lib</file>
         <name>mult16.obj</name>
      </input_file>
      <input_file id="fl-62">
         <path>c:\ti\ccsv6\tools\compiler\ti-cgt-msp430_4.4.1\lib\</path>
         <kind>archive</kind>
         <file>rts430x_lc_rd_eabi.lib</file>
         <name>_printfi.obj</name>
      </input_file>
      <input_file id="fl-63">
         <path>c:\ti\ccsv6\tools\compiler\ti-cgt-msp430_4.4.1\lib\</path>
         <kind>archive</kind>
         <file>rts430x_lc_rd_eabi.lib</file>
         <name>setvbuf.obj</name>
      </input_file>
      <input_file id="fl-64">
         <path>c:\ti\ccsv6\tools\compiler\ti-cgt-msp430_4.4.1\lib\</path>
         <kind>archive</kind>
         <file>rts430x_lc_rd_eabi.lib</file>
         <name>strchr.obj</name>
      </input_file>
      <input_file id="fl-65">
         <path>c:\ti\ccsv6\tools\compiler\ti-cgt-msp430_4.4.1\lib\</path>
         <kind>archive</kind>
         <file>rts430x_lc_rd_eabi.lib</file>
         <name>strcmp.obj</name>
      </input_file>
      <input_file id="fl-66">
         <path>c:\ti\ccsv6\tools\compiler\ti-cgt-msp430_4.4.1\lib\</path>
         <kind>archive</kind>
         <file>rts430x_lc_rd_eabi.lib</file>
         <name>strlen.obj</name>
      </input_file>
      <input_file id="fl-67">
         <path>c:\ti\ccsv6\tools\compiler\ti-cgt-msp430_4.4.1\lib\</path>
         <kind>archive</kind>
         <file>rts430x_lc_rd_eabi.lib</file>
         <name>strncpy.obj</name>
      </input_file>
      <input_file id="fl-68">
         <path>c:\ti\ccsv6\tools\compiler\ti-cgt-msp430_4.4.1\lib\</path>
         <kind>archive</kind>
         <file>rts430x_lc_rd_eabi.lib</file>
         <name>subd.obj</name>
      </input_file>
      <input_file id="fl-69">
         <path>c:\ti\ccsv6\tools\compiler\ti-cgt-msp430_4.4.1\lib\</path>
         <kind>archive</kind>
         <file>rts430x_lc_rd_eabi.lib</file>
         <name>toupper.obj</name>
      </input_file>
      <input_file id="fl-6a">
         <path>c:\ti\ccsv6\tools\compiler\ti-cgt-msp430_4.4.1\lib\</path>
         <kind>archive</kind>
         <file>rts430x_lc_rd_eabi.lib</file>
         <name>trgdrv.obj</name>
      </input_file>
      <input_file id="fl-6b">
         <path>c:\ti\ccsv6\tools\compiler\ti-cgt-msp430_4.4.1\lib\</path>
         <kind>archive</kind>
         <file>rts430x_lc_rd_eabi.lib</file>
         <name>trgmsg.obj</name>
      </input_file>
      <input_file id="fl-6c">
         <path>c:\ti\ccsv6\tools\compiler\ti-cgt-msp430_4.4.1\lib\</path>
         <kind>archive</kind>
         <file>rts430x_lc_rd_eabi.lib</file>
         <name>xdclass.obj</name>
      </input_file>
      <input_file id="fl-6d">
         <path>c:\ti\ccsv6\tools\compiler\ti-cgt-msp430_4.4.1\lib\</path>
         <kind>archive</kind>
         <file>rts430x_lc_rd_eabi.lib</file>
         <name>addd.obj</name>
      </input_file>
      <input_file id="fl-6e">
         <path>c:\ti\ccsv6\tools\compiler\ti-cgt-msp430_4.4.1\lib\</path>
         <kind>archive</kind>
         <file>rts430x_lc_rd_eabi.lib</file>
         <name>atoi.obj</name>
      </input_file>
      <input_file id="fl-6f">
         <path>c:\ti\ccsv6\tools\compiler\ti-cgt-msp430_4.4.1\lib\</path>
         <kind>archive</kind>
         <file>rts430x_lc_rd_eabi.lib</file>
         <name>cmpd.obj</name>
      </input_file>
      <input_file id="fl-70">
         <path>c:\ti\ccsv6\tools\compiler\ti-cgt-msp430_4.4.1\lib\</path>
         <kind>archive</kind>
         <file>rts430x_lc_rd_eabi.lib</file>
         <name>ctype.obj</name>
      </input_file>
      <input_file id="fl-71">
         <path>c:\ti\ccsv6\tools\compiler\ti-cgt-msp430_4.4.1\lib\</path>
         <kind>archive</kind>
         <file>rts430x_lc_rd_eabi.lib</file>
         <name>div16s.obj</name>
      </input_file>
      <input_file id="fl-72">
         <path>c:\ti\ccsv6\tools\compiler\ti-cgt-msp430_4.4.1\lib\</path>
         <kind>archive</kind>
         <file>rts430x_lc_rd_eabi.lib</file>
         <name>div16u.obj</name>
      </input_file>
      <input_file id="fl-73">
         <path>c:\ti\ccsv6\tools\compiler\ti-cgt-msp430_4.4.1\lib\</path>
         <kind>archive</kind>
         <file>rts430x_lc_rd_eabi.lib</file>
         <name>div32u.obj</name>
      </input_file>
      <input_file id="fl-74">
         <path>c:\ti\ccsv6\tools\compiler\ti-cgt-msp430_4.4.1\lib\</path>
         <kind>archive</kind>
         <file>rts430x_lc_rd_eabi.lib</file>
         <name>divd.obj</name>
      </input_file>
      <input_file id="fl-75">
         <path>c:\ti\ccsv6\tools\compiler\ti-cgt-msp430_4.4.1\lib\</path>
         <kind>archive</kind>
         <file>rts430x_lc_rd_eabi.lib</file>
         <name>fflush.obj</name>
      </input_file>
      <input_file id="fl-76">
         <path>c:\ti\ccsv6\tools\compiler\ti-cgt-msp430_4.4.1\lib\</path>
         <kind>archive</kind>
         <file>rts430x_lc_rd_eabi.lib</file>
         <name>fixdi.obj</name>
      </input_file>
      <input_file id="fl-77">
         <path>c:\ti\ccsv6\tools\compiler\ti-cgt-msp430_4.4.1\lib\</path>
         <kind>archive</kind>
         <file>rts430x_lc_rd_eabi.lib</file>
         <name>fixdli.obj</name>
      </input_file>
      <input_file id="fl-78">
         <path>c:\ti\ccsv6\tools\compiler\ti-cgt-msp430_4.4.1\lib\</path>
         <kind>archive</kind>
         <file>rts430x_lc_rd_eabi.lib</file>
         <name>fltid.obj</name>
      </input_file>
      <input_file id="fl-79">
         <path>c:\ti\ccsv6\tools\compiler\ti-cgt-msp430_4.4.1\lib\</path>
         <kind>archive</kind>
         <file>rts430x_lc_rd_eabi.lib</file>
         <name>fltlid.obj</name>
      </input_file>
      <input_file id="fl-7a">
         <path>c:\ti\ccsv6\tools\compiler\ti-cgt-msp430_4.4.1\lib\</path>
         <kind>archive</kind>
         <file>rts430x_lc_rd_eabi.lib</file>
         <name>fopen.obj</name>
      </input_file>
      <input_file id="fl-7b">
         <path>c:\ti\ccsv6\tools\compiler\ti-cgt-msp430_4.4.1\lib\</path>
         <kind>archive</kind>
         <file>rts430x_lc_rd_eabi.lib</file>
         <name>frcaddd.obj</name>
      </input_file>
      <input_file id="fl-7c">
         <path>c:\ti\ccsv6\tools\compiler\ti-cgt-msp430_4.4.1\lib\</path>
         <kind>archive</kind>
         <file>rts430x_lc_rd_eabi.lib</file>
         <name>frcdivd.obj</name>
      </input_file>
      <input_file id="fl-7d">
         <path>c:\ti\ccsv6\tools\compiler\ti-cgt-msp430_4.4.1\lib\</path>
         <kind>archive</kind>
         <file>rts430x_lc_rd_eabi.lib</file>
         <name>frexp.obj</name>
      </input_file>
      <input_file id="fl-7e">
         <path>c:\ti\ccsv6\tools\compiler\ti-cgt-msp430_4.4.1\lib\</path>
         <kind>archive</kind>
         <file>rts430x_lc_rd_eabi.lib</file>
         <name>fseek.obj</name>
      </input_file>
      <input_file id="fl-7f">
         <path>c:\ti\ccsv6\tools\compiler\ti-cgt-msp430_4.4.1\lib\</path>
         <kind>archive</kind>
         <file>rts430x_lc_rd_eabi.lib</file>
         <name>ldexp.obj</name>
      </input_file>
      <input_file id="fl-80">
         <path>c:\ti\ccsv6\tools\compiler\ti-cgt-msp430_4.4.1\lib\</path>
         <kind>archive</kind>
         <file>rts430x_lc_rd_eabi.lib</file>
         <name>llmath.obj</name>
      </input_file>
      <input_file id="fl-81">
         <path>c:\ti\ccsv6\tools\compiler\ti-cgt-msp430_4.4.1\lib\</path>
         <kind>archive</kind>
         <file>rts430x_lc_rd_eabi.lib</file>
         <name>ltoa.obj</name>
      </input_file>
      <input_file id="fl-82">
         <path>c:\ti\ccsv6\tools\compiler\ti-cgt-msp430_4.4.1\lib\</path>
         <kind>archive</kind>
         <file>rts430x_lc_rd_eabi.lib</file>
         <name>memccpy.obj</name>
      </input_file>
      <input_file id="fl-83">
         <path>c:\ti\ccsv6\tools\compiler\ti-cgt-msp430_4.4.1\lib\</path>
         <kind>archive</kind>
         <file>rts430x_lc_rd_eabi.lib</file>
         <name>memory.obj</name>
      </input_file>
      <input_file id="fl-84">
         <path>c:\ti\ccsv6\tools\compiler\ti-cgt-msp430_4.4.1\lib\</path>
         <kind>archive</kind>
         <file>rts430x_lc_rd_eabi.lib</file>
         <name>memset.obj</name>
      </input_file>
      <input_file id="fl-85">
         <path>c:\ti\ccsv6\tools\compiler\ti-cgt-msp430_4.4.1\lib\</path>
         <kind>archive</kind>
         <file>rts430x_lc_rd_eabi.lib</file>
         <name>mpyd.obj</name>
      </input_file>
      <input_file id="fl-86">
         <path>c:\ti\ccsv6\tools\compiler\ti-cgt-msp430_4.4.1\lib\</path>
         <kind>archive</kind>
         <file>rts430x_lc_rd_eabi.lib</file>
         <name>mult32.obj</name>
      </input_file>
      <input_file id="fl-87">
         <path>c:\ti\ccsv6\tools\compiler\ti-cgt-msp430_4.4.1\lib\</path>
         <kind>archive</kind>
         <file>rts430x_lc_rd_eabi.lib</file>
         <name>mult64.obj</name>
      </input_file>
      <input_file id="fl-88">
         <path>c:\ti\ccsv6\tools\compiler\ti-cgt-msp430_4.4.1\lib\</path>
         <kind>archive</kind>
         <file>rts430x_lc_rd_eabi.lib</file>
         <name>negd.obj</name>
      </input_file>
      <input_file id="fl-89">
         <path>c:\ti\ccsv6\tools\compiler\ti-cgt-msp430_4.4.1\lib\</path>
         <kind>archive</kind>
         <file>rts430x_lc_rd_eabi.lib</file>
         <name>renormd.obj</name>
      </input_file>
      <input_file id="fl-8a">
         <path>c:\ti\ccsv6\tools\compiler\ti-cgt-msp430_4.4.1\lib\</path>
         <kind>archive</kind>
         <file>rts430x_lc_rd_eabi.lib</file>
         <name>strcpy.obj</name>
      </input_file>
      <input_file id="fl-8b">
         <path>c:\ti\ccsv6\tools\compiler\ti-cgt-msp430_4.4.1\lib\</path>
         <kind>archive</kind>
         <file>rts430x_lc_rd_eabi.lib</file>
         <name>xdscale.obj</name>
      </input_file>
      <input_file id="fl-8c">
         <path>c:\ti\ccsv6\tools\compiler\ti-cgt-msp430_4.4.1\lib\</path>
         <kind>archive</kind>
         <file>rts430x_lc_rd_eabi.lib</file>
         <name>xdunscal.obj</name>
      </input_file>
      <input_file id="fl-8d">
         <path>c:\ti\ccsv6\tools\compiler\ti-cgt-msp430_4.4.1\lib\</path>
         <kind>archive</kind>
         <file>rts430x_lc_rd_eabi.lib</file>
         <name>xferaise.obj</name>
      </input_file>
      <input_file id="fl-8e">
         <path>c:\ti\ccsv6\tools\compiler\ti-cgt-msp430_4.4.1\lib\</path>
         <kind>archive</kind>
         <file>rts430x_lc_rd_eabi.lib</file>
         <name>xvalues.obj</name>
      </input_file>
      <input_file id="fl-8f">
         <path>c:\ti\ccsv6\tools\compiler\ti-cgt-msp430_4.4.1\lib\</path>
         <kind>archive</kind>
         <file>rts430x_lc_rd_eabi.lib</file>
         <name>abs.obj</name>
      </input_file>
      <input_file id="fl-90">
         <path>c:\ti\ccsv6\tools\compiler\ti-cgt-msp430_4.4.1\lib\</path>
         <kind>archive</kind>
         <file>rts430x_lc_rd_eabi.lib</file>
         <name>asr32.obj</name>
      </input_file>
      <input_file id="fl-91">
         <path>c:\ti\ccsv6\tools\compiler\ti-cgt-msp430_4.4.1\lib\</path>
         <kind>archive</kind>
         <file>rts430x_lc_rd_eabi.lib</file>
         <name>div32s.obj</name>
      </input_file>
      <input_file id="fl-92">
         <path>c:\ti\ccsv6\tools\compiler\ti-cgt-msp430_4.4.1\lib\</path>
         <kind>archive</kind>
         <file>rts430x_lc_rd_eabi.lib</file>
         <name>errno.obj</name>
      </input_file>
      <input_file id="fl-93">
         <path>c:\ti\ccsv6\tools\compiler\ti-cgt-msp430_4.4.1\lib\</path>
         <kind>archive</kind>
         <file>rts430x_lc_rd_eabi.lib</file>
         <name>fclose.obj</name>
      </input_file>
      <input_file id="fl-94">
         <path>c:\ti\ccsv6\tools\compiler\ti-cgt-msp430_4.4.1\lib\</path>
         <kind>archive</kind>
         <file>rts430x_lc_rd_eabi.lib</file>
         <name>feraiseexcept.obj</name>
      </input_file>
      <input_file id="fl-95">
         <path>c:\ti\ccsv6\tools\compiler\ti-cgt-msp430_4.4.1\lib\</path>
         <kind>archive</kind>
         <file>rts430x_lc_rd_eabi.lib</file>
         <name>frcmpyd.obj</name>
      </input_file>
      <input_file id="fl-96">
         <path>c:\ti\ccsv6\tools\compiler\ti-cgt-msp430_4.4.1\lib\</path>
         <kind>archive</kind>
         <file>rts430x_lc_rd_eabi.lib</file>
         <name>llabs.obj</name>
      </input_file>
      <input_file id="fl-97">
         <path>c:\ti\ccsv6\tools\compiler\ti-cgt-msp430_4.4.1\lib\</path>
         <kind>archive</kind>
         <file>rts430x_lc_rd_eabi.lib</file>
         <name>lsl16.obj</name>
      </input_file>
      <input_file id="fl-98">
         <path>c:\ti\ccsv6\tools\compiler\ti-cgt-msp430_4.4.1\lib\</path>
         <kind>archive</kind>
         <file>rts430x_lc_rd_eabi.lib</file>
         <name>lsr16.obj</name>
      </input_file>
      <input_file id="fl-99">
         <path>c:\ti\ccsv6\tools\compiler\ti-cgt-msp430_4.4.1\lib\</path>
         <kind>archive</kind>
         <file>rts430x_lc_rd_eabi.lib</file>
         <name>mult1632.obj</name>
      </input_file>
      <input_file id="fl-9a">
         <path>c:\ti\ccsv6\tools\compiler\ti-cgt-msp430_4.4.1\lib\</path>
         <kind>archive</kind>
         <file>rts430x_lc_rd_eabi.lib</file>
         <name>raise.obj</name>
      </input_file>
      <input_file id="fl-9b">
         <path>c:\ti\ccsv6\tools\compiler\ti-cgt-msp430_4.4.1\lib\</path>
         <kind>archive</kind>
         <file>rts430x_lc_rd_eabi.lib</file>
         <name>remove.obj</name>
      </input_file>
      <input_file id="fl-9c">
         <path>c:\ti\ccsv6\tools\compiler\ti-cgt-msp430_4.4.1\lib\</path>
         <kind>archive</kind>
         <file>rts430x_lc_rd_eabi.lib</file>
         <name>signal.obj</name>
      </input_file>
      <input_file id="fl-9d">
         <path>c:\ti\ccsv6\tools\compiler\ti-cgt-msp430_4.4.1\lib\</path>
         <kind>archive</kind>
         <file>rts430x_lc_rd_eabi.lib</file>
         <name>xdnorm.obj</name>
      </input_file>
   </input_file_list>
   <object_component_list>
      <object_component id="oc-1bd">
         <name>.common:flashSPAN</name>
         <uninitialized>true</uninitialized>
         <run_address>0x2934</run_address>
         <size>0x4</size>
      </object_component>
      <object_component id="oc-175">
         <name>.common:upper_128</name>
         <uninitialized>true</uninitialized>
         <run_address>0x28ac</run_address>
         <size>0x80</size>
      </object_component>
      <object_component id="oc-21d">
         <name>.common:CurrentDevice</name>
         <uninitialized>true</uninitialized>
         <run_address>0x2943</run_address>
         <size>0x1</size>
      </object_component>
      <object_component id="oc-223">
         <name>.common:CE_Mask</name>
         <uninitialized>true</uninitialized>
         <run_address>0x2942</run_address>
         <size>0x1</size>
      </object_component>
      <object_component id="oc-4ad">
         <name>.common:__TI_tmpnams</name>
         <uninitialized>true</uninitialized>
         <run_address>0x280c</run_address>
         <size>0xa0</size>
      </object_component>
      <object_component id="oc-4b8">
         <name>.common:parmbuf</name>
         <uninitialized>true</uninitialized>
         <run_address>0x292c</run_address>
         <size>0x8</size>
      </object_component>
      <object_component id="oc-3eb">
         <name>.common:sys_free</name>
         <uninitialized>true</uninitialized>
         <run_address>0x293c</run_address>
         <size>0x4</size>
      </object_component>
      <object_component id="oc-4a5">
         <name>.common:sys_base</name>
         <uninitialized>true</uninitialized>
         <run_address>0x2938</run_address>
         <size>0x4</size>
      </object_component>
      <object_component id="oc-4a4">
         <name>.common:memsize</name>
         <uninitialized>true</uninitialized>
         <run_address>0x2940</run_address>
         <size>0x2</size>
      </object_component>
      <object_component id="oc-d3">
         <name>.sysmem</name>
         <uninitialized>true</uninitialized>
         <run_address>0x26cc</run_address>
         <size>0x6</size>
         <input_file_ref idref="fl-83"/>
      </object_component>
      <object_component id="oc-671">
         <name>.sysmem</name>
         <uninitialized>true</uninitialized>
         <run_address>0x26cc</run_address>
         <size>0x0</size>
      </object_component>
      <object_component id="oc-cf">
         <name>.stack</name>
         <uninitialized>true</uninitialized>
         <run_address>0x42c0</run_address>
         <size>0x4</size>
         <input_file_ref idref="fl-36"/>
      </object_component>
      <object_component id="oc-670">
         <name>.stack</name>
         <uninitialized>true</uninitialized>
         <run_address>0x42c0</run_address>
         <size>0x0</size>
      </object_component>
      <object_component id="oc-477">
         <name>.text:__TI_frcdivd</name>
         <load_address>0x10000</load_address>
         <run_address>0x10000</run_address>
         <size>0x452</size>
         <input_file_ref idref="fl-7c"/>
      </object_component>
      <object_component id="oc-441">
         <name>.text:__mspabi_divull</name>
         <load_address>0x10452</load_address>
         <run_address>0x10452</run_address>
         <size>0x39a</size>
         <input_file_ref idref="fl-80"/>
      </object_component>
      <object_component id="oc-46f">
         <name>.text:__TI_frcmpyd</name>
         <load_address>0x107ec</load_address>
         <run_address>0x107ec</run_address>
         <size>0x2e4</size>
         <input_file_ref idref="fl-95"/>
      </object_component>
      <object_component id="oc-4f3">
         <name>.text:__mspabi_addd</name>
         <load_address>0x10ad0</load_address>
         <run_address>0x10ad0</run_address>
         <size>0x2d8</size>
         <input_file_ref idref="fl-6d"/>
      </object_component>
      <object_component id="oc-3c5">
         <name>.text:__mspabi_mpyd</name>
         <load_address>0x10da8</load_address>
         <run_address>0x10da8</run_address>
         <size>0x282</size>
         <input_file_ref idref="fl-85"/>
      </object_component>
      <object_component id="oc-26a">
         <name>.text:_setfield</name>
         <load_address>0x1102a</load_address>
         <run_address>0x1102a</run_address>
         <size>0x262</size>
         <input_file_ref idref="fl-62"/>
      </object_component>
      <object_component id="oc-552">
         <name>.text:__TI_frcaddd</name>
         <load_address>0x1128c</load_address>
         <run_address>0x1128c</run_address>
         <size>0x252</size>
         <input_file_ref idref="fl-7b"/>
      </object_component>
      <object_component id="oc-3cb">
         <name>.text:__mspabi_divd</name>
         <load_address>0x114de</load_address>
         <run_address>0x114de</run_address>
         <size>0x222</size>
         <input_file_ref idref="fl-74"/>
      </object_component>
      <object_component id="oc-2cf">
         <name>.text:_pproc_fgea</name>
         <load_address>0x11700</load_address>
         <run_address>0x11700</run_address>
         <size>0x218</size>
         <input_file_ref idref="fl-62"/>
      </object_component>
      <object_component id="oc-3a5">
         <name>.text:ecvt</name>
         <load_address>0x11918</load_address>
         <run_address>0x11918</run_address>
         <size>0x218</size>
         <input_file_ref idref="fl-62"/>
      </object_component>
      <object_component id="oc-3d8">
         <name>.text:acvt</name>
         <load_address>0x11b30</load_address>
         <run_address>0x11b30</run_address>
         <size>0x212</size>
         <input_file_ref idref="fl-62"/>
      </object_component>
      <object_component id="oc-1f1">
         <name>.text:__TI_printfi</name>
         <load_address>0x11d42</load_address>
         <run_address>0x11d42</run_address>
         <size>0x202</size>
         <input_file_ref idref="fl-62"/>
      </object_component>
      <object_component id="oc-3b8">
         <name>.text:fcvt</name>
         <load_address>0x11f44</load_address>
         <run_address>0x11f44</run_address>
         <size>0x202</size>
         <input_file_ref idref="fl-62"/>
      </object_component>
      <object_component id="oc-33e">
         <name>.text:_pconv_e</name>
         <load_address>0x12146</load_address>
         <run_address>0x12146</run_address>
         <size>0x1a4</size>
         <input_file_ref idref="fl-62"/>
      </object_component>
      <object_component id="oc-51b">
         <name>.text:_Dscale</name>
         <load_address>0x122ea</load_address>
         <run_address>0x122ea</run_address>
         <size>0x19e</size>
         <input_file_ref idref="fl-8b"/>
      </object_component>
      <object_component id="oc-313">
         <name>.text:_getarg_diouxp</name>
         <load_address>0x12488</load_address>
         <run_address>0x12488</run_address>
         <size>0x188</size>
         <input_file_ref idref="fl-62"/>
      </object_component>
      <object_component id="oc-344">
         <name>.text:_pconv_a</name>
         <load_address>0x12610</load_address>
         <run_address>0x12610</run_address>
         <size>0x16e</size>
         <input_file_ref idref="fl-62"/>
      </object_component>
      <object_component id="oc-2c9">
         <name>.text:_pproc_diouxp</name>
         <load_address>0x1277e</load_address>
         <run_address>0x1277e</run_address>
         <size>0x148</size>
         <input_file_ref idref="fl-62"/>
      </object_component>
      <object_component id="oc-511">
         <name>.text:_Dnorm</name>
         <load_address>0x128c6</load_address>
         <run_address>0x128c6</run_address>
         <size>0x100</size>
         <input_file_ref idref="fl-9d"/>
      </object_component>
      <object_component id="oc-332">
         <name>.text:_pconv_g</name>
         <load_address>0x129c6</load_address>
         <run_address>0x129c6</run_address>
         <size>0xfc</size>
         <input_file_ref idref="fl-62"/>
      </object_component>
      <object_component id="oc-264">
         <name>.text:_pproc_fwp</name>
         <load_address>0x12ac2</load_address>
         <run_address>0x12ac2</run_address>
         <size>0xfa</size>
         <input_file_ref idref="fl-62"/>
      </object_component>
      <object_component id="oc-24a">
         <name>.text:fputs</name>
         <load_address>0x12bbc</load_address>
         <run_address>0x12bbc</run_address>
         <size>0xf0</size>
         <input_file_ref idref="fl-5d"/>
      </object_component>
      <object_component id="oc-2f0">
         <name>.text:setvbuf</name>
         <load_address>0x12cac</load_address>
         <run_address>0x12cac</run_address>
         <size>0xe0</size>
         <input_file_ref idref="fl-63"/>
      </object_component>
      <object_component id="oc-34a">
         <name>.text:__mspabi_cmpd</name>
         <load_address>0x12d8c</load_address>
         <run_address>0x12d8c</run_address>
         <size>0xd8</size>
         <input_file_ref idref="fl-6f"/>
      </object_component>
      <object_component id="oc-17a">
         <name>.text:flashSPAN_Read</name>
         <load_address>0x12e64</load_address>
         <run_address>0x12e64</run_address>
         <size>0xd4</size>
         <input_file_ref idref="fl-2"/>
      </object_component>
      <object_component id="oc-366">
         <name>.text:malloc</name>
         <load_address>0x12f38</load_address>
         <run_address>0x12f38</run_address>
         <size>0xba</size>
         <input_file_ref idref="fl-83"/>
      </object_component>
      <object_component id="oc-5a8">
         <name>.text:__TI_renormd</name>
         <load_address>0x12ff2</load_address>
         <run_address>0x12ff2</run_address>
         <size>0xb2</size>
         <input_file_ref idref="fl-89"/>
      </object_component>
      <object_component id="oc-270">
         <name>.text:_pproc_str</name>
         <load_address>0x130a4</load_address>
         <run_address>0x130a4</run_address>
         <size>0xa8</size>
         <input_file_ref idref="fl-62"/>
      </object_component>
      <object_component id="oc-41b">
         <name>.text:HOSTlseek</name>
         <load_address>0x1314c</load_address>
         <run_address>0x1314c</run_address>
         <size>0x9e</size>
         <input_file_ref idref="fl-6a"/>
      </object_component>
      <object_component id="oc-319">
         <name>.text:_ltostr</name>
         <load_address>0x131ea</load_address>
         <run_address>0x131ea</run_address>
         <size>0x9e</size>
         <input_file_ref idref="fl-62"/>
      </object_component>
      <object_component id="oc-452">
         <name>.text:__mspabi_fltlid</name>
         <load_address>0x13288</load_address>
         <run_address>0x13288</run_address>
         <size>0x94</size>
         <input_file_ref idref="fl-79"/>
      </object_component>
      <object_component id="oc-3ab">
         <name>.text:_ecpy</name>
         <load_address>0x1331c</load_address>
         <run_address>0x1331c</run_address>
         <size>0x94</size>
         <input_file_ref idref="fl-62"/>
      </object_component>
      <object_component id="oc-16f">
         <name>.text:flashSPAN_Init</name>
         <load_address>0x133b0</load_address>
         <run_address>0x133b0</run_address>
         <size>0x94</size>
         <input_file_ref idref="fl-2"/>
      </object_component>
      <object_component id="oc-3b1">
         <name>.text:_mcpy</name>
         <load_address>0x13444</load_address>
         <run_address>0x13444</run_address>
         <size>0x90</size>
         <input_file_ref idref="fl-62"/>
      </object_component>
      <object_component id="oc-251">
         <name>.text:fputc</name>
         <load_address>0x134d4</load_address>
         <run_address>0x134d4</run_address>
         <size>0x90</size>
         <input_file_ref idref="fl-5c"/>
      </object_component>
      <object_component id="oc-360">
         <name>.text:free</name>
         <load_address>0x13564</load_address>
         <run_address>0x13564</run_address>
         <size>0x8e</size>
         <input_file_ref idref="fl-83"/>
      </object_component>
      <object_component id="oc-399">
         <name>.text:_div</name>
         <load_address>0x135f2</load_address>
         <run_address>0x135f2</run_address>
         <size>0x88</size>
         <input_file_ref idref="fl-62"/>
      </object_component>
      <object_component id="oc-487">
         <name>.text:ldexp</name>
         <load_address>0x1367a</load_address>
         <run_address>0x1367a</run_address>
         <size>0x86</size>
         <input_file_ref idref="fl-7f"/>
      </object_component>
      <object_component id="oc-44c">
         <name>.text:ltoa</name>
         <load_address>0x13700</load_address>
         <run_address>0x13700</run_address>
         <size>0x80</size>
         <input_file_ref idref="fl-81"/>
      </object_component>
      <object_component id="oc-29c">
         <name>.text:__TI_wrt_ok</name>
         <load_address>0x13780</load_address>
         <run_address>0x13780</run_address>
         <size>0x7e</size>
         <input_file_ref idref="fl-5e"/>
      </object_component>
      <object_component id="oc-338">
         <name>.text:_pconv_f</name>
         <load_address>0x137fe</load_address>
         <run_address>0x137fe</run_address>
         <size>0x78</size>
         <input_file_ref idref="fl-62"/>
      </object_component>
      <object_component id="oc-427">
         <name>.text:HOSTrename</name>
         <load_address>0x13876</load_address>
         <run_address>0x13876</run_address>
         <size>0x74</size>
         <input_file_ref idref="fl-6a"/>
      </object_component>
      <object_component id="oc-47f">
         <name>.text:_Dunscale</name>
         <load_address>0x138ea</load_address>
         <run_address>0x138ea</run_address>
         <size>0x72</size>
         <input_file_ref idref="fl-8c"/>
      </object_component>
      <object_component id="oc-3f7">
         <name>.text:__TI_closefile</name>
         <load_address>0x1395c</load_address>
         <run_address>0x1395c</run_address>
         <size>0x70</size>
         <input_file_ref idref="fl-93"/>
      </object_component>
      <object_component id="oc-403">
         <name>.text:HOSTopen</name>
         <load_address>0x139cc</load_address>
         <run_address>0x139cc</run_address>
         <size>0x6e</size>
         <input_file_ref idref="fl-6a"/>
      </object_component>
      <object_component id="oc-415">
         <name>.text:HOSTwrite</name>
         <load_address>0x13a3a</load_address>
         <run_address>0x13a3a</run_address>
         <size>0x6a</size>
         <input_file_ref idref="fl-6a"/>
      </object_component>
      <object_component id="oc-2ea">
         <name>.text:fseek</name>
         <load_address>0x13aa4</load_address>
         <run_address>0x13aa4</run_address>
         <size>0x6a</size>
         <input_file_ref idref="fl-7e"/>
      </object_component>
      <object_component id="oc-40f">
         <name>.text:HOSTread</name>
         <load_address>0x13b0e</load_address>
         <run_address>0x13b0e</run_address>
         <size>0x68</size>
         <input_file_ref idref="fl-6a"/>
      </object_component>
      <object_component id="oc-e3">
         <name>.text:__TI_decompress_rle_core</name>
         <load_address>0x13b76</load_address>
         <run_address>0x13b76</run_address>
         <size>0x68</size>
         <input_file_ref idref="fl-39"/>
      </object_component>
      <object_component id="oc-464">
         <name>.text:__mspabi_fixdli</name>
         <load_address>0x13bde</load_address>
         <run_address>0x13bde</run_address>
         <size>0x66</size>
         <input_file_ref idref="fl-77"/>
      </object_component>
      <object_component id="oc-2a8">
         <name>.text:__TI_doflush</name>
         <load_address>0x13c44</load_address>
         <run_address>0x13c44</run_address>
         <size>0x64</size>
         <input_file_ref idref="fl-75"/>
      </object_component>
      <object_component id="oc-108">
         <name>.text:_auto_init_hold_wdt</name>
         <load_address>0x13ca8</load_address>
         <run_address>0x13ca8</run_address>
         <size>0x64</size>
         <input_file_ref idref="fl-5a"/>
      </object_component>
      <object_component id="oc-122">
         <name>.text:main</name>
         <load_address>0x13d0c</load_address>
         <run_address>0x13d0c</run_address>
         <size>0x64</size>
         <input_file_ref idref="fl-3"/>
      </object_component>
      <object_component id="oc-2bb">
         <name>.text:atoi</name>
         <load_address>0x13d70</load_address>
         <run_address>0x13d70</run_address>
         <size>0x62</size>
         <input_file_ref idref="fl-6e"/>
      </object_component>
      <object_component id="oc-4a7">
         <name>.text:close</name>
         <load_address>0x13dd2</load_address>
         <run_address>0x13dd2</run_address>
         <size>0x5a</size>
         <input_file_ref idref="fl-5f"/>
      </object_component>
      <object_component id="oc-534">
         <name>.text:getdevice</name>
         <load_address>0x13e2c</load_address>
         <run_address>0x13e2c</run_address>
         <size>0x5a</size>
         <input_file_ref idref="fl-5f"/>
      </object_component>
      <object_component id="oc-43c">
         <name>.text</name>
         <load_address>0x13e86</load_address>
         <run_address>0x13e86</run_address>
         <size>0x58</size>
         <input_file_ref idref="fl-73"/>
      </object_component>
      <object_component id="oc-326">
         <name>.text:_Dclass</name>
         <load_address>0x13ede</load_address>
         <run_address>0x13ede</run_address>
         <size>0x50</size>
         <input_file_ref idref="fl-6c"/>
      </object_component>
      <object_component id="oc-3be">
         <name>.text:_fcpy</name>
         <load_address>0x13f2e</load_address>
         <run_address>0x13f2e</run_address>
         <size>0x4e</size>
         <input_file_ref idref="fl-62"/>
      </object_component>
      <object_component id="oc-409">
         <name>.text:HOSTclose</name>
         <load_address>0x13f7c</load_address>
         <run_address>0x13f7c</run_address>
         <size>0x4c</size>
         <input_file_ref idref="fl-6a"/>
      </object_component>
      <object_component id="oc-181">
         <name>.text:printf</name>
         <load_address>0x13fc8</load_address>
         <run_address>0x13fc8</run_address>
         <size>0x4a</size>
         <input_file_ref idref="fl-58"/>
      </object_component>
      <object_component id="oc-421">
         <name>.text:HOSTunlink</name>
         <load_address>0x14012</load_address>
         <run_address>0x14012</run_address>
         <size>0x46</size>
         <input_file_ref idref="fl-6a"/>
      </object_component>
      <object_component id="oc-25e">
         <name>.text:_pproc_fflags</name>
         <load_address>0x14058</load_address>
         <run_address>0x14058</run_address>
         <size>0x46</size>
         <input_file_ref idref="fl-62"/>
      </object_component>
      <object_component id="oc-1c6">
         <name>.text:sst25vf_Init</name>
         <load_address>0x1409e</load_address>
         <run_address>0x1409e</run_address>
         <size>0x44</size>
         <input_file_ref idref="fl-5"/>
      </object_component>
      <object_component id="oc-1db">
         <name>.text:sst25vf_Read</name>
         <load_address>0x140e2</load_address>
         <run_address>0x140e2</run_address>
         <size>0x44</size>
         <input_file_ref idref="fl-5"/>
      </object_component>
      <object_component id="oc-3d2">
         <name>.text:frexp</name>
         <load_address>0x14126</load_address>
         <run_address>0x14126</run_address>
         <size>0x42</size>
         <input_file_ref idref="fl-7d"/>
      </object_component>
      <object_component id="oc-3f0">
         <name>.text:minit</name>
         <load_address>0x14168</load_address>
         <run_address>0x14168</run_address>
         <size>0x42</size>
         <input_file_ref idref="fl-83"/>
      </object_component>
      <object_component id="oc-4e4">
         <name>.text</name>
         <load_address>0x141aa</load_address>
         <run_address>0x141aa</run_address>
         <size>0x40</size>
         <input_file_ref idref="fl-91"/>
      </object_component>
      <object_component id="oc-22b">
         <name>.text:sst25vf_RDID</name>
         <load_address>0x141ea</load_address>
         <run_address>0x141ea</run_address>
         <size>0x40</size>
         <input_file_ref idref="fl-5"/>
      </object_component>
      <object_component id="oc-493">
         <name>.text:incr_hex</name>
         <load_address>0x1422a</load_address>
         <run_address>0x1422a</run_address>
         <size>0x3e</size>
         <input_file_ref idref="fl-62"/>
      </object_component>
      <object_component id="oc-504">
         <name>.text:l_asr_const</name>
         <load_address>0x14268</load_address>
         <run_address>0x14268</run_address>
         <size>0x3e</size>
         <input_file_ref idref="fl-90"/>
      </object_component>
      <object_component id="oc-1d6">
         <name>.text:l_lsl_const</name>
         <load_address>0x142a6</load_address>
         <run_address>0x142a6</run_address>
         <size>0x3e</size>
         <input_file_ref idref="fl-53"/>
      </object_component>
      <object_component id="oc-294">
         <name>.text:l_lsr_const</name>
         <load_address>0x142e4</load_address>
         <run_address>0x142e4</run_address>
         <size>0x3e</size>
         <input_file_ref idref="fl-54"/>
      </object_component>
      <object_component id="oc-358">
         <name>.text:lseek</name>
         <load_address>0x14322</load_address>
         <run_address>0x14322</run_address>
         <size>0x3e</size>
         <input_file_ref idref="fl-5f"/>
      </object_component>
      <object_component id="oc-2ae">
         <name>.text:write</name>
         <load_address>0x14360</load_address>
         <run_address>0x14360</run_address>
         <size>0x3c</size>
         <input_file_ref idref="fl-5f"/>
      </object_component>
      <object_component id="oc-4dc">
         <name>.text:__mspabi_sllll</name>
         <load_address>0x1439c</load_address>
         <run_address>0x1439c</run_address>
         <size>0x3a</size>
         <input_file_ref idref="fl-80"/>
      </object_component>
      <object_component id="oc-431">
         <name>.text:__mspabi_srlll</name>
         <load_address>0x143d6</load_address>
         <run_address>0x143d6</run_address>
         <size>0x3a</size>
         <input_file_ref idref="fl-80"/>
      </object_component>
      <object_component id="oc-5e4">
         <name>.text:signal</name>
         <load_address>0x14410</load_address>
         <run_address>0x14410</run_address>
         <size>0x38</size>
         <input_file_ref idref="fl-9c"/>
      </object_component>
      <object_component id="oc-521">
         <name>.text:_Feraise</name>
         <load_address>0x14448</load_address>
         <run_address>0x14448</run_address>
         <size>0x36</size>
         <input_file_ref idref="fl-8d"/>
      </object_component>
      <object_component id="oc-36c">
         <name>.text:__TI_cleanup</name>
         <load_address>0x1447e</load_address>
         <run_address>0x1447e</run_address>
         <size>0x36</size>
         <input_file_ref idref="fl-7a"/>
      </object_component>
      <object_component id="oc-4bb">
         <name>.text:__TI_writemsg</name>
         <load_address>0x144b4</load_address>
         <run_address>0x144b4</run_address>
         <size>0x36</size>
         <input_file_ref idref="fl-6b"/>
      </object_component>
      <object_component id="oc-579">
         <name>.text:feraiseexcept</name>
         <load_address>0x144ea</load_address>
         <run_address>0x144ea</run_address>
         <size>0x34</size>
         <input_file_ref idref="fl-94"/>
      </object_component>
      <object_component id="oc-4c1">
         <name>.text:__TI_readmsg</name>
         <load_address>0x1451e</load_address>
         <run_address>0x1451e</run_address>
         <size>0x32</size>
         <input_file_ref idref="fl-6b"/>
      </object_component>
      <object_component id="oc-458">
         <name>.text:__mspabi_subd</name>
         <load_address>0x14550</load_address>
         <run_address>0x14550</run_address>
         <size>0x32</size>
         <input_file_ref idref="fl-68"/>
      </object_component>
      <object_component id="oc-5c2">
         <name>.text:raise</name>
         <load_address>0x14582</load_address>
         <run_address>0x14582</run_address>
         <size>0x32</size>
         <input_file_ref idref="fl-9a"/>
      </object_component>
      <object_component id="oc-589">
         <name>.text:strncpy</name>
         <load_address>0x145b4</load_address>
         <run_address>0x145b4</run_address>
         <size>0x32</size>
         <input_file_ref idref="fl-67"/>
      </object_component>
      <object_component id="oc-4ae">
         <name>.text:unlink</name>
         <load_address>0x145e6</load_address>
         <run_address>0x145e6</run_address>
         <size>0x30</size>
         <input_file_ref idref="fl-5f"/>
      </object_component>
      <object_component id="oc-32c">
         <name>.text:__mspabi_negd</name>
         <load_address>0x14616</load_address>
         <run_address>0x14616</run_address>
         <size>0x2e</size>
         <input_file_ref idref="fl-88"/>
      </object_component>
      <object_component id="oc-114">
         <name>.text:exit</name>
         <load_address>0x14644</load_address>
         <run_address>0x14644</run_address>
         <size>0x2e</size>
         <input_file_ref idref="fl-3b"/>
      </object_component>
      <object_component id="oc-58f">
         <name>.text:finddevice</name>
         <load_address>0x14672</load_address>
         <run_address>0x14672</run_address>
         <size>0x2e</size>
         <input_file_ref idref="fl-5f"/>
      </object_component>
      <object_component id="oc-225">
         <name>.text:spiInit</name>
         <load_address>0x146a0</load_address>
         <run_address>0x146a0</run_address>
         <size>0x2a</size>
         <input_file_ref idref="fl-6"/>
      </object_component>
      <object_component id="oc-45e">
         <name>.text:__mspabi_fixdi</name>
         <load_address>0x146ca</load_address>
         <run_address>0x146ca</run_address>
         <size>0x28</size>
         <input_file_ref idref="fl-76"/>
      </object_component>
      <object_component id="oc-4ff">
         <name>.text</name>
         <load_address>0x146f2</load_address>
         <run_address>0x146f2</run_address>
         <size>0x26</size>
         <input_file_ref idref="fl-86"/>
      </object_component>
      <object_component id="oc-8d">
         <name>.text:decompress:ZI:__TI_zero_init</name>
         <load_address>0x14718</load_address>
         <run_address>0x14718</run_address>
         <size>0x24</size>
         <input_file_ref idref="fl-3a"/>
      </object_component>
      <object_component id="oc-231">
         <name>.text:sst25vf_WRSR</name>
         <load_address>0x1473c</load_address>
         <run_address>0x1473c</run_address>
         <size>0x24</size>
         <input_file_ref idref="fl-5"/>
      </object_component>
      <object_component id="oc-23f">
         <name>.text:SendAddr</name>
         <load_address>0x14760</load_address>
         <run_address>0x14760</run_address>
         <size>0x22</size>
         <input_file_ref idref="fl-5"/>
      </object_component>
      <object_component id="oc-48d">
         <name>.text:val_hex</name>
         <load_address>0x14782</load_address>
         <run_address>0x14782</run_address>
         <size>0x20</size>
         <input_file_ref idref="fl-62"/>
      </object_component>
      <object_component id="oc-2d5">
         <name>.text:memccpy</name>
         <load_address>0x147a2</load_address>
         <run_address>0x147a2</run_address>
         <size>0x1e</size>
         <input_file_ref idref="fl-82"/>
      </object_component>
      <object_component id="oc-529">
         <name>.text:strchr</name>
         <load_address>0x147c0</load_address>
         <run_address>0x147c0</run_address>
         <size>0x1c</size>
         <input_file_ref idref="fl-64"/>
      </object_component>
      <object_component id="oc-5cf">
         <name>.text:strcmp</name>
         <load_address>0x147dc</load_address>
         <run_address>0x147dc</run_address>
         <size>0x1c</size>
         <input_file_ref idref="fl-65"/>
      </object_component>
      <object_component id="oc-187">
         <name>.text:sst25vf_RDSR</name>
         <load_address>0x147f8</load_address>
         <run_address>0x147f8</run_address>
         <size>0x18</size>
         <input_file_ref idref="fl-5"/>
      </object_component>
      <object_component id="oc-2a2">
         <name>.text:memchr</name>
         <load_address>0x14810</load_address>
         <run_address>0x14810</run_address>
         <size>0x16</size>
         <input_file_ref idref="fl-60"/>
      </object_component>
      <object_component id="oc-2c1">
         <name>.text:memset</name>
         <load_address>0x14826</load_address>
         <run_address>0x14826</run_address>
         <size>0x16</size>
         <input_file_ref idref="fl-84"/>
      </object_component>
      <object_component id="oc-437">
         <name>.text</name>
         <load_address>0x1483c</load_address>
         <run_address>0x1483c</run_address>
         <size>0x16</size>
         <input_file_ref idref="fl-72"/>
      </object_component>
      <object_component id="oc-d6">
         <name>.text:memcpy</name>
         <load_address>0x14852</load_address>
         <run_address>0x14852</run_address>
         <size>0x14</size>
         <input_file_ref idref="fl-55"/>
      </object_component>
      <object_component id="oc-2fc">
         <name>.text</name>
         <load_address>0x14866</load_address>
         <run_address>0x14866</run_address>
         <size>0x14</size>
         <input_file_ref idref="fl-61"/>
      </object_component>
      <object_component id="oc-6b">
         <name>.text:decompress:none:__TI_decompress_none</name>
         <load_address>0x1487a</load_address>
         <run_address>0x1487a</run_address>
         <size>0x12</size>
         <input_file_ref idref="fl-38"/>
      </object_component>
      <object_component id="oc-4cd">
         <name>.text:strcpy</name>
         <load_address>0x1488c</load_address>
         <run_address>0x1488c</run_address>
         <size>0x12</size>
         <input_file_ref idref="fl-8a"/>
      </object_component>
      <object_component id="oc-320">
         <name>.text:toupper</name>
         <load_address>0x1489e</load_address>
         <run_address>0x1489e</run_address>
         <size>0x12</size>
         <input_file_ref idref="fl-69"/>
      </object_component>
      <object_component id="oc-5a3">
         <name>.text:l_asr</name>
         <load_address>0x148b0</load_address>
         <run_address>0x148b0</run_address>
         <size>0x10</size>
         <input_file_ref idref="fl-90"/>
      </object_component>
      <object_component id="oc-59e">
         <name>.text:l_lsl</name>
         <load_address>0x148c0</load_address>
         <run_address>0x148c0</run_address>
         <size>0x10</size>
         <input_file_ref idref="fl-53"/>
      </object_component>
      <object_component id="oc-4d7">
         <name>.text:l_lsr</name>
         <load_address>0x148d0</load_address>
         <run_address>0x148d0</run_address>
         <size>0x10</size>
         <input_file_ref idref="fl-54"/>
      </object_component>
      <object_component id="oc-1ff">
         <name>.text:spiSendByte</name>
         <load_address>0x148e0</load_address>
         <run_address>0x148e0</run_address>
         <size>0x10</size>
         <input_file_ref idref="fl-6"/>
      </object_component>
      <object_component id="oc-1c0">
         <name>.text:sst25vf_SetCurrentDevice</name>
         <load_address>0x148f0</load_address>
         <run_address>0x148f0</run_address>
         <size>0x10</size>
         <input_file_ref idref="fl-5"/>
      </object_component>
      <object_component id="oc-237">
         <name>.text:sst25vf_CMD</name>
         <load_address>0x14900</load_address>
         <run_address>0x14900</run_address>
         <size>0xe</size>
         <input_file_ref idref="fl-5"/>
      </object_component>
      <object_component id="oc-258">
         <name>.text:strlen</name>
         <load_address>0x1490e</load_address>
         <run_address>0x1490e</run_address>
         <size>0xe</size>
         <input_file_ref idref="fl-66"/>
      </object_component>
      <object_component id="oc-499">
         <name>.text:__mspabi_fltid</name>
         <load_address>0x1491c</load_address>
         <run_address>0x1491c</run_address>
         <size>0xc</size>
         <input_file_ref idref="fl-78"/>
      </object_component>
      <object_component id="oc-4e9">
         <name>.text:abs</name>
         <load_address>0x14928</load_address>
         <run_address>0x14928</run_address>
         <size>0xa</size>
         <input_file_ref idref="fl-8f"/>
      </object_component>
      <object_component id="oc-56f">
         <name>.text</name>
         <load_address>0x14932</load_address>
         <run_address>0x14932</run_address>
         <size>0xa</size>
         <input_file_ref idref="fl-97"/>
      </object_component>
      <object_component id="oc-56a">
         <name>.text</name>
         <load_address>0x1493c</load_address>
         <run_address>0x1493c</run_address>
         <size>0xa</size>
         <input_file_ref idref="fl-98"/>
      </object_component>
      <object_component id="oc-1f9">
         <name>.text:sst_CE</name>
         <load_address>0x14946</load_address>
         <run_address>0x14946</run_address>
         <size>0x8</size>
         <input_file_ref idref="fl-5"/>
      </object_component>
      <object_component id="oc-1eb">
         <name>.text:_outc</name>
         <load_address>0x1494e</load_address>
         <run_address>0x1494e</run_address>
         <size>0x6</size>
         <input_file_ref idref="fl-58"/>
      </object_component>
      <object_component id="oc-71">
         <name>.text:decompress:rle24:__TI_decompress_rle24</name>
         <load_address>0x14954</load_address>
         <run_address>0x14954</run_address>
         <size>0x6</size>
         <input_file_ref idref="fl-39"/>
      </object_component>
      <object_component id="oc-205">
         <name>.text:sst_nCE</name>
         <load_address>0x1495a</load_address>
         <run_address>0x1495a</run_address>
         <size>0x6</size>
         <input_file_ref idref="fl-5"/>
      </object_component>
      <object_component id="oc-1e5">
         <name>.text:_outs</name>
         <load_address>0x14960</load_address>
         <run_address>0x14960</run_address>
         <size>0x4</size>
         <input_file_ref idref="fl-58"/>
      </object_component>
      <object_component id="oc-102">
         <name>.text:_system_pre_init</name>
         <load_address>0x14964</load_address>
         <run_address>0x14964</run_address>
         <size>0x4</size>
         <input_file_ref idref="fl-57"/>
      </object_component>
      <object_component id="oc-12a">
         <name>.text:abort</name>
         <load_address>0x14968</load_address>
         <run_address>0x14968</run_address>
         <size>0x4</size>
         <input_file_ref idref="fl-3b"/>
      </object_component>
      <object_component id="oc-1ab">
         <name>.text:_nop</name>
         <load_address>0x1496c</load_address>
         <run_address>0x1496c</run_address>
         <size>0x2</size>
         <input_file_ref idref="fl-52"/>
      </object_component>
      <object_component id="oc-9f">
         <name>.text:_isr:_c_int00_noargs</name>
         <load_address>0x4400</load_address>
         <run_address>0x4400</run_address>
         <size>0x1c</size>
         <input_file_ref idref="fl-37"/>
      </object_component>
      <object_component id="oc-f5">
         <name>.text:_isr:USCI_B1_ISR</name>
         <load_address>0x441c</load_address>
         <run_address>0x441c</run_address>
         <size>0xe</size>
         <input_file_ref idref="fl-4"/>
      </object_component>
      <object_component id="oc-f0">
         <name>.text:_isr:__TI_ISR_TRAP</name>
         <load_address>0x442a</load_address>
         <run_address>0x442a</run_address>
         <size>0x6</size>
         <input_file_ref idref="fl-51"/>
      </object_component>
      <object_component id="oc-66e">
         <name>.cinit..data.load</name>
         <load_address>0x458a</load_address>
         <run_address>0x458a</run_address>
         <size>0x8b</size>
      </object_component>
      <object_component id="oc-66b">
         <name>__TI_handler_table</name>
         <load_address>0x4616</load_address>
         <run_address>0x4616</run_address>
         <size>0xc</size>
      </object_component>
      <object_component id="oc-66d">
         <name>.cinit..bss.load</name>
         <load_address>0x4622</load_address>
         <run_address>0x4622</run_address>
         <size>0x6</size>
      </object_component>
      <object_component id="oc-66f">
         <name>.cinit..cio.load</name>
         <load_address>0x4628</load_address>
         <run_address>0x4628</run_address>
         <size>0x6</size>
      </object_component>
      <object_component id="oc-66c">
         <name>__TI_cinit_table</name>
         <load_address>0x462e</load_address>
         <run_address>0x462e</run_address>
         <size>0x18</size>
      </object_component>
      <object_component id="oc-30c">
         <name>.const:.string:_ctypes_</name>
         <load_address>0x4430</load_address>
         <run_address>0x4430</run_address>
         <size>0x101</size>
         <input_file_ref idref="fl-70"/>
      </object_component>
      <object_component id="oc-180">
         <name>.const:.string</name>
         <load_address>0x4532</load_address>
         <run_address>0x4532</run_address>
         <size>0x2a</size>
         <input_file_ref idref="fl-3"/>
      </object_component>
      <object_component id="oc-2c8">
         <name>.const:.string</name>
         <load_address>0x455c</load_address>
         <run_address>0x455c</run_address>
         <size>0x26</size>
         <input_file_ref idref="fl-62"/>
      </object_component>
      <object_component id="oc-220">
         <name>.const:.string:CE_MAP</name>
         <load_address>0x4582</load_address>
         <run_address>0x4582</run_address>
         <size>0x8</size>
         <input_file_ref idref="fl-5"/>
      </object_component>
      <object_component id="oc-53f">
         <name>.cio</name>
         <uninitialized>true</uninitialized>
         <run_address>0x2944</run_address>
         <size>0x120</size>
         <input_file_ref idref="fl-6b"/>
      </object_component>
      <object_component id="oc-77">
         <name>.int41</name>
         <load_address>0xffd2</load_address>
         <run_address>0xffd2</run_address>
         <size>0x2</size>
         <input_file_ref idref="fl-3c"/>
      </object_component>
      <object_component id="oc-78">
         <name>.int42</name>
         <load_address>0xffd4</load_address>
         <run_address>0xffd4</run_address>
         <size>0x2</size>
         <input_file_ref idref="fl-3d"/>
      </object_component>
      <object_component id="oc-79">
         <name>.int43</name>
         <load_address>0xffd6</load_address>
         <run_address>0xffd6</run_address>
         <size>0x2</size>
         <input_file_ref idref="fl-3e"/>
      </object_component>
      <object_component id="oc-7a">
         <name>.int44</name>
         <load_address>0xffd8</load_address>
         <run_address>0xffd8</run_address>
         <size>0x2</size>
         <input_file_ref idref="fl-3f"/>
      </object_component>
      <object_component id="oc-7b">
         <name>.int45</name>
         <load_address>0xffda</load_address>
         <run_address>0xffda</run_address>
         <size>0x2</size>
         <input_file_ref idref="fl-4"/>
      </object_component>
      <object_component id="oc-7c">
         <name>.int46</name>
         <load_address>0xffdc</load_address>
         <run_address>0xffdc</run_address>
         <size>0x2</size>
         <input_file_ref idref="fl-40"/>
      </object_component>
      <object_component id="oc-7d">
         <name>.int47</name>
         <load_address>0xffde</load_address>
         <run_address>0xffde</run_address>
         <size>0x2</size>
         <input_file_ref idref="fl-41"/>
      </object_component>
      <object_component id="oc-7e">
         <name>.int48</name>
         <load_address>0xffe0</load_address>
         <run_address>0xffe0</run_address>
         <size>0x2</size>
         <input_file_ref idref="fl-42"/>
      </object_component>
      <object_component id="oc-7f">
         <name>.int49</name>
         <load_address>0xffe2</load_address>
         <run_address>0xffe2</run_address>
         <size>0x2</size>
         <input_file_ref idref="fl-43"/>
      </object_component>
      <object_component id="oc-80">
         <name>.int50</name>
         <load_address>0xffe4</load_address>
         <run_address>0xffe4</run_address>
         <size>0x2</size>
         <input_file_ref idref="fl-44"/>
      </object_component>
      <object_component id="oc-81">
         <name>.int51</name>
         <load_address>0xffe6</load_address>
         <run_address>0xffe6</run_address>
         <size>0x2</size>
         <input_file_ref idref="fl-45"/>
      </object_component>
      <object_component id="oc-82">
         <name>.int52</name>
         <load_address>0xffe8</load_address>
         <run_address>0xffe8</run_address>
         <size>0x2</size>
         <input_file_ref idref="fl-46"/>
      </object_component>
      <object_component id="oc-83">
         <name>.int53</name>
         <load_address>0xffea</load_address>
         <run_address>0xffea</run_address>
         <size>0x2</size>
         <input_file_ref idref="fl-47"/>
      </object_component>
      <object_component id="oc-84">
         <name>.int54</name>
         <load_address>0xffec</load_address>
         <run_address>0xffec</run_address>
         <size>0x2</size>
         <input_file_ref idref="fl-48"/>
      </object_component>
      <object_component id="oc-85">
         <name>.int55</name>
         <load_address>0xffee</load_address>
         <run_address>0xffee</run_address>
         <size>0x2</size>
         <input_file_ref idref="fl-49"/>
      </object_component>
      <object_component id="oc-86">
         <name>.int56</name>
         <load_address>0xfff0</load_address>
         <run_address>0xfff0</run_address>
         <size>0x2</size>
         <input_file_ref idref="fl-4a"/>
      </object_component>
      <object_component id="oc-87">
         <name>.int57</name>
         <load_address>0xfff2</load_address>
         <run_address>0xfff2</run_address>
         <size>0x2</size>
         <input_file_ref idref="fl-4b"/>
      </object_component>
      <object_component id="oc-88">
         <name>.int58</name>
         <load_address>0xfff4</load_address>
         <run_address>0xfff4</run_address>
         <size>0x2</size>
         <input_file_ref idref="fl-4c"/>
      </object_component>
      <object_component id="oc-89">
         <name>.int59</name>
         <load_address>0xfff6</load_address>
         <run_address>0xfff6</run_address>
         <size>0x2</size>
         <input_file_ref idref="fl-4d"/>
      </object_component>
      <object_component id="oc-8a">
         <name>.int60</name>
         <load_address>0xfff8</load_address>
         <run_address>0xfff8</run_address>
         <size>0x2</size>
         <input_file_ref idref="fl-4e"/>
      </object_component>
      <object_component id="oc-8b">
         <name>.int61</name>
         <load_address>0xfffa</load_address>
         <run_address>0xfffa</run_address>
         <size>0x2</size>
         <input_file_ref idref="fl-4f"/>
      </object_component>
      <object_component id="oc-8c">
         <name>.int62</name>
         <load_address>0xfffc</load_address>
         <run_address>0xfffc</run_address>
         <size>0x2</size>
         <input_file_ref idref="fl-50"/>
      </object_component>
      <object_component id="oc-d2">
         <name>.reset</name>
         <load_address>0xfffe</load_address>
         <run_address>0xfffe</run_address>
         <size>0x2</size>
         <input_file_ref idref="fl-36"/>
      </object_component>
      <object_component id="oc-166">
         <name>.data:__TI_cleanup_ptr</name>
         <load_address>0x26b4</load_address>
         <run_address>0x26b4</run_address>
         <size>0x4</size>
         <input_file_ref idref="fl-36"/>
      </object_component>
      <object_component id="oc-163">
         <name>.data:__TI_dtors_ptr</name>
         <load_address>0x26b8</load_address>
         <run_address>0x26b8</run_address>
         <size>0x4</size>
         <input_file_ref idref="fl-36"/>
      </object_component>
      <object_component id="oc-160">
         <name>.data:_lock</name>
         <load_address>0x26bc</load_address>
         <run_address>0x26bc</run_address>
         <size>0x4</size>
         <input_file_ref idref="fl-52"/>
      </object_component>
      <object_component id="oc-169">
         <name>.data:_unlock</name>
         <load_address>0x26c0</load_address>
         <run_address>0x26c0</run_address>
         <size>0x4</size>
         <input_file_ref idref="fl-52"/>
      </object_component>
      <object_component id="oc-1e2">
         <name>.data:_ftable</name>
         <load_address>0x2400</load_address>
         <run_address>0x2400</run_address>
         <size>0xc8</size>
         <input_file_ref idref="fl-5b"/>
      </object_component>
      <object_component id="oc-3fd">
         <name>.data</name>
         <load_address>0x26c4</load_address>
         <run_address>0x26c4</run_address>
         <size>0x2</size>
         <input_file_ref idref="fl-5b"/>
      </object_component>
      <object_component id="oc-380">
         <name>.data:_device</name>
         <load_address>0x25f8</load_address>
         <run_address>0x25f8</run_address>
         <size>0x78</size>
         <input_file_ref idref="fl-5f"/>
      </object_component>
      <object_component id="oc-301">
         <name>.data:_stream</name>
         <load_address>0x2670</load_address>
         <run_address>0x2670</run_address>
         <size>0x3c</size>
         <input_file_ref idref="fl-5f"/>
      </object_component>
      <object_component id="oc-3ed">
         <name>.data</name>
         <load_address>0x26c8</load_address>
         <run_address>0x26c8</run_address>
         <size>0x2</size>
         <input_file_ref idref="fl-83"/>
      </object_component>
      <object_component id="oc-574">
         <name>.data</name>
         <load_address>0x2578</load_address>
         <run_address>0x2578</run_address>
         <size>0x80</size>
         <input_file_ref idref="fl-8e"/>
      </object_component>
      <object_component id="oc-57f">
         <name>.data</name>
         <load_address>0x26c6</load_address>
         <run_address>0x26c6</run_address>
         <size>0x2</size>
         <input_file_ref idref="fl-92"/>
      </object_component>
      <object_component id="oc-5bf">
         <name>.data</name>
         <load_address>0x26ac</load_address>
         <run_address>0x26ac</run_address>
         <size>0x8</size>
         <input_file_ref idref="fl-94"/>
      </object_component>
      <object_component id="oc-5f4">
         <name>.data:sigtable</name>
         <load_address>0x24c8</load_address>
         <run_address>0x24c8</run_address>
         <size>0xb0</size>
         <input_file_ref idref="fl-9c"/>
      </object_component>
      <object_component id="oc-1be">
         <name>.debug_info</name>
         <load_address>0x0</load_address>
         <run_address>0x0</run_address>
         <size>0x2a6</size>
         <input_file_ref idref="fl-2"/>
      </object_component>
      <object_component id="oc-170">
         <name>.debug_info</name>
         <load_address>0x2a6</load_address>
         <run_address>0x2a6</run_address>
         <size>0x16c</size>
         <input_file_ref idref="fl-2"/>
      </object_component>
      <object_component id="oc-17b">
         <name>.debug_info</name>
         <load_address>0x412</load_address>
         <run_address>0x412</run_address>
         <size>0x2bf</size>
         <input_file_ref idref="fl-2"/>
      </object_component>
      <object_component id="oc-1cd">
         <name>.debug_info</name>
         <load_address>0x6d1</load_address>
         <run_address>0x6d1</run_address>
         <size>0xa2</size>
         <input_file_ref idref="fl-2"/>
      </object_component>
      <object_component id="oc-218">
         <name>.debug_info</name>
         <load_address>0x773</load_address>
         <run_address>0x773</run_address>
         <size>0x5e</size>
         <input_file_ref idref="fl-2"/>
      </object_component>
      <object_component id="oc-138">
         <name>.debug_info</name>
         <load_address>0x7d1</load_address>
         <run_address>0x7d1</run_address>
         <size>0x84</size>
         <input_file_ref idref="fl-2"/>
      </object_component>
      <object_component id="oc-18e">
         <name>.debug_info</name>
         <load_address>0x855</load_address>
         <run_address>0x855</run_address>
         <size>0x18b</size>
         <input_file_ref idref="fl-2"/>
      </object_component>
      <object_component id="oc-176">
         <name>.debug_info</name>
         <load_address>0x9e0</load_address>
         <run_address>0x9e0</run_address>
         <size>0x248</size>
         <input_file_ref idref="fl-3"/>
      </object_component>
      <object_component id="oc-123">
         <name>.debug_info</name>
         <load_address>0xc28</load_address>
         <run_address>0xc28</run_address>
         <size>0x1c2</size>
         <input_file_ref idref="fl-3"/>
      </object_component>
      <object_component id="oc-278">
         <name>.debug_info</name>
         <load_address>0xdea</load_address>
         <run_address>0xdea</run_address>
         <size>0x2c</size>
         <input_file_ref idref="fl-3"/>
      </object_component>
      <object_component id="oc-178">
         <name>.debug_info</name>
         <load_address>0xe16</load_address>
         <run_address>0xe16</run_address>
         <size>0x37b</size>
         <input_file_ref idref="fl-4"/>
      </object_component>
      <object_component id="oc-f6">
         <name>.debug_info</name>
         <load_address>0x1191</load_address>
         <run_address>0x1191</run_address>
         <size>0x126</size>
         <input_file_ref idref="fl-4"/>
      </object_component>
      <object_component id="oc-21e">
         <name>.debug_info</name>
         <load_address>0x12b7</load_address>
         <run_address>0x12b7</run_address>
         <size>0x20d</size>
         <input_file_ref idref="fl-5"/>
      </object_component>
      <object_component id="oc-221">
         <name>.debug_info</name>
         <load_address>0x14c4</load_address>
         <run_address>0x14c4</run_address>
         <size>0xcc</size>
         <input_file_ref idref="fl-5"/>
      </object_component>
      <object_component id="oc-240">
         <name>.debug_info</name>
         <load_address>0x1590</load_address>
         <run_address>0x1590</run_address>
         <size>0x178</size>
         <input_file_ref idref="fl-5"/>
      </object_component>
      <object_component id="oc-1fa">
         <name>.debug_info</name>
         <load_address>0x1708</load_address>
         <run_address>0x1708</run_address>
         <size>0xfc</size>
         <input_file_ref idref="fl-5"/>
      </object_component>
      <object_component id="oc-206">
         <name>.debug_info</name>
         <load_address>0x1804</load_address>
         <run_address>0x1804</run_address>
         <size>0xfe</size>
         <input_file_ref idref="fl-5"/>
      </object_component>
      <object_component id="oc-1c1">
         <name>.debug_info</name>
         <load_address>0x1902</load_address>
         <run_address>0x1902</run_address>
         <size>0x14b</size>
         <input_file_ref idref="fl-5"/>
      </object_component>
      <object_component id="oc-1c7">
         <name>.debug_info</name>
         <load_address>0x1a4d</load_address>
         <run_address>0x1a4d</run_address>
         <size>0x160</size>
         <input_file_ref idref="fl-5"/>
      </object_component>
      <object_component id="oc-188">
         <name>.debug_info</name>
         <load_address>0x1bad</load_address>
         <run_address>0x1bad</run_address>
         <size>0x14c</size>
         <input_file_ref idref="fl-5"/>
      </object_component>
      <object_component id="oc-232">
         <name>.debug_info</name>
         <load_address>0x1cf9</load_address>
         <run_address>0x1cf9</run_address>
         <size>0x184</size>
         <input_file_ref idref="fl-5"/>
      </object_component>
      <object_component id="oc-238">
         <name>.debug_info</name>
         <load_address>0x1e7d</load_address>
         <run_address>0x1e7d</run_address>
         <size>0x145</size>
         <input_file_ref idref="fl-5"/>
      </object_component>
      <object_component id="oc-1dc">
         <name>.debug_info</name>
         <load_address>0x1fc2</load_address>
         <run_address>0x1fc2</run_address>
         <size>0x1ee</size>
         <input_file_ref idref="fl-5"/>
      </object_component>
      <object_component id="oc-22c">
         <name>.debug_info</name>
         <load_address>0x21b0</load_address>
         <run_address>0x21b0</run_address>
         <size>0x1ac</size>
         <input_file_ref idref="fl-5"/>
      </object_component>
      <object_component id="oc-226">
         <name>.debug_info</name>
         <load_address>0x235c</load_address>
         <run_address>0x235c</run_address>
         <size>0x10c</size>
         <input_file_ref idref="fl-6"/>
      </object_component>
      <object_component id="oc-200">
         <name>.debug_info</name>
[...]
         <value>0x14318</value>
         <object_component_ref idref="oc-294"/>
      </symbol>
      <symbol id="sm-548">
         <name>__mspabi_srll_3</name>
         <value>0x14314</value>
         <object_component_ref idref="oc-294"/>
      </symbol>
      <symbol id="sm-549">
         <name>__mspabi_srll_1</name>
         <value>0x1431c</value>
         <object_component_ref idref="oc-294"/>
      </symbol>
      <symbol id="sm-54a">
         <name>__mspabi_srll_15</name>
         <value>0x142e4</value>
         <object_component_ref idref="oc-294"/>
      </symbol>
      <symbol id="sm-54b">
         <name>__mspabi_srll_14</name>
         <value>0x142e8</value>
         <object_component_ref idref="oc-294"/>
      </symbol>
      <symbol id="sm-54c">
         <name>__mspabi_srll_13</name>
         <value>0x142ec</value>
         <object_component_ref idref="oc-294"/>
      </symbol>
      <symbol id="sm-54d">
         <name>__mspabi_srll_12</name>
         <value>0x142f0</value>
         <object_component_ref idref="oc-294"/>
      </symbol>
      <symbol id="sm-54e">
         <name>__mspabi_srll_11</name>
         <value>0x142f4</value>
         <object_component_ref idref="oc-294"/>
      </symbol>
      <symbol id="sm-54f">
         <name>__mspabi_srll_10</name>
         <value>0x142f8</value>
         <object_component_ref idref="oc-294"/>
      </symbol>
      <symbol id="sm-550">
         <name>__mspabi_srll</name>
         <value>0x148d0</value>
         <object_component_ref idref="oc-4d7"/>
      </symbol>
      <symbol id="sm-563">
         <name>memcpy</name>
         <value>0x14852</value>
         <object_component_ref idref="oc-d6"/>
      </symbol>
      <symbol id="sm-56d">
         <name>_system_pre_init</name>
         <value>0x14964</value>
         <object_component_ref idref="oc-102"/>
      </symbol>
      <symbol id="sm-590">
         <name>printf</name>
         <value>0x13fc8</value>
         <object_component_ref idref="oc-181"/>
      </symbol>
      <symbol id="sm-5ae">
         <name>_auto_init_hold_wdt</name>
         <value>0x13ca8</value>
         <object_component_ref idref="oc-108"/>
      </symbol>
      <symbol id="sm-5be">
         <name>__TI_tmpnams</name>
         <value>0x280c</value>
      </symbol>
      <symbol id="sm-5bf">
         <name>_ftable</name>
         <value>0x2400</value>
         <object_component_ref idref="oc-1e2"/>
      </symbol>
      <symbol id="sm-5c0">
         <name>__TI_ft_end</name>
         <value>0x26c4</value>
         <object_component_ref idref="oc-3fd"/>
      </symbol>
      <symbol id="sm-5d3">
         <name>putc</name>
         <value>0x134d4</value>
         <object_component_ref idref="oc-251"/>
      </symbol>
      <symbol id="sm-5d4">
         <name>fputc</name>
         <value>0x134d4</value>
         <object_component_ref idref="oc-251"/>
      </symbol>
      <symbol id="sm-5ec">
         <name>fputs</name>
         <value>0x12bbc</value>
         <object_component_ref idref="oc-24a"/>
      </symbol>
      <symbol id="sm-604">
         <name>__TI_wrt_ok</name>
         <value>0x13780</value>
         <object_component_ref idref="oc-29c"/>
      </symbol>
      <symbol id="sm-661">
         <name>lseek</name>
         <value>0x14322</value>
         <object_component_ref idref="oc-358"/>
      </symbol>
      <symbol id="sm-662">
         <name>write</name>
         <value>0x14360</value>
         <object_component_ref idref="oc-2ae"/>
      </symbol>
      <symbol id="sm-663">
         <name>close</name>
         <value>0x13dd2</value>
         <object_component_ref idref="oc-4a7"/>
      </symbol>
      <symbol id="sm-664">
         <name>unlink</name>
         <value>0x145e6</value>
         <object_component_ref idref="oc-4ae"/>
      </symbol>
      <symbol id="sm-673">
         <name>memchr</name>
         <value>0x14810</value>
         <object_component_ref idref="oc-2a2"/>
      </symbol>
      <symbol id="sm-67d">
         <name>__mspabi_mpyi_sw</name>
         <value>0x14866</value>
         <object_component_ref idref="oc-2fc"/>
      </symbol>
      <symbol id="sm-67e">
         <name>__mspabi_mpyi</name>
         <value>0x14866</value>
         <object_component_ref idref="oc-2fc"/>
      </symbol>
      <symbol id="sm-847">
         <name>__TI_printfi</name>
         <value>0x11d42</value>
         <object_component_ref idref="oc-1f1"/>
      </symbol>
      <symbol id="sm-85f">
         <name>setvbuf</name>
         <value>0x12cac</value>
         <object_component_ref idref="oc-2f0"/>
      </symbol>
      <symbol id="sm-86e">
         <name>strchr</name>
         <value>0x147c0</value>
         <object_component_ref idref="oc-529"/>
      </symbol>
      <symbol id="sm-87c">
         <name>strcmp</name>
         <value>0x147dc</value>
         <object_component_ref idref="oc-5cf"/>
      </symbol>
      <symbol id="sm-889">
         <name>strlen</name>
         <value>0x1490e</value>
         <object_component_ref idref="oc-258"/>
      </symbol>
      <symbol id="sm-899">
         <name>strncpy</name>
         <value>0x145b4</value>
         <object_component_ref idref="oc-589"/>
      </symbol>
      <symbol id="sm-8a5">
         <name>__mspabi_subd</name>
         <value>0x14550</value>
         <object_component_ref idref="oc-458"/>
      </symbol>
      <symbol id="sm-8b2">
         <name>toupper</name>
         <value>0x1489e</value>
         <object_component_ref idref="oc-320"/>
      </symbol>
      <symbol id="sm-8ed">
         <name>HOSTrename</name>
         <value>0x13876</value>
         <object_component_ref idref="oc-427"/>
      </symbol>
      <symbol id="sm-8ee">
         <name>HOSTclose</name>
         <value>0x13f7c</value>
         <object_component_ref idref="oc-409"/>
      </symbol>
      <symbol id="sm-8ef">
         <name>HOSTunlink</name>
         <value>0x14012</value>
         <object_component_ref idref="oc-421"/>
      </symbol>
      <symbol id="sm-8f0">
         <name>HOSTlseek</name>
         <value>0x1314c</value>
         <object_component_ref idref="oc-41b"/>
      </symbol>
      <symbol id="sm-8f1">
         <name>HOSTopen</name>
         <value>0x139cc</value>
         <object_component_ref idref="oc-403"/>
      </symbol>
      <symbol id="sm-8f2">
         <name>HOSTwrite</name>
         <value>0x13a3a</value>
         <object_component_ref idref="oc-415"/>
      </symbol>
      <symbol id="sm-8f3">
         <name>HOSTread</name>
         <value>0x13b0e</value>
         <object_component_ref idref="oc-40f"/>
      </symbol>
      <symbol id="sm-911">
         <name>__TI_readmsg</name>
         <value>0x1451e</value>
         <object_component_ref idref="oc-4c1"/>
      </symbol>
      <symbol id="sm-912">
         <name>C$$IO$$</name>
         <value>0x144e6</value>
         <object_component_ref idref="oc-4bb"/>
      </symbol>
      <symbol id="sm-913">
         <name>_CIOBUF_</name>
         <value>0x2944</value>
         <object_component_ref idref="oc-53f"/>
      </symbol>
      <symbol id="sm-914">
         <name>__TI_writemsg</name>
         <value>0x144b4</value>
         <object_component_ref idref="oc-4bb"/>
      </symbol>
      <symbol id="sm-925">
         <name>_Dclass</name>
         <value>0x13ede</value>
         <object_component_ref idref="oc-326"/>
      </symbol>
      <symbol id="sm-94c">
         <name>__mspabi_addd</name>
         <value>0x10ad0</value>
         <object_component_ref idref="oc-4f3"/>
      </symbol>
      <symbol id="sm-95f">
         <name>atoi</name>
         <value>0x13d70</value>
         <object_component_ref idref="oc-2bb"/>
      </symbol>
      <symbol id="sm-97c">
         <name>__mspabi_cmpd</name>
         <value>0x12d8c</value>
         <object_component_ref idref="oc-34a"/>
      </symbol>
      <symbol id="sm-986">
         <name>_ctypes_</name>
         <value>0x4430</value>
         <object_component_ref idref="oc-30c"/>
      </symbol>
      <symbol id="sm-991">
         <name>__mspabi_remu</name>
         <value>0x1483c</value>
         <object_component_ref idref="oc-437"/>
      </symbol>
      <symbol id="sm-992">
         <name>__mspabi_divu</name>
         <value>0x1483c</value>
         <object_component_ref idref="oc-437"/>
      </symbol>
      <symbol id="sm-9a1">
         <name>__mspabi_remul</name>
         <value>0x13e86</value>
         <object_component_ref idref="oc-43c"/>
      </symbol>
      <symbol id="sm-9a2">
         <name>__mspabi_divul</name>
         <value>0x13e86</value>
         <object_component_ref idref="oc-43c"/>
      </symbol>
      <symbol id="sm-9c3">
         <name>__mspabi_divd</name>
         <value>0x114de</value>
         <object_component_ref idref="oc-3cb"/>
      </symbol>
      <symbol id="sm-9d4">
         <name>__TI_doflush</name>
         <value>0x13c44</value>
         <object_component_ref idref="oc-2a8"/>
      </symbol>
      <symbol id="sm-9e4">
         <name>__mspabi_fixdi</name>
         <value>0x146ca</value>
         <object_component_ref idref="oc-45e"/>
      </symbol>
      <symbol id="sm-9f6">
         <name>__mspabi_fixdli</name>
         <value>0x13bde</value>
         <object_component_ref idref="oc-464"/>
      </symbol>
      <symbol id="sm-a02">
         <name>__mspabi_fltid</name>
         <value>0x1491c</value>
         <object_component_ref idref="oc-499"/>
      </symbol>
      <symbol id="sm-a1a">
         <name>__mspabi_fltlid</name>
         <value>0x13288</value>
         <object_component_ref idref="oc-452"/>
      </symbol>
      <symbol id="sm-a26">
         <name>__TI_cleanup</name>
         <value>0x1447e</value>
         <object_component_ref idref="oc-36c"/>
      </symbol>
      <symbol id="sm-a47">
         <name>__TI_frcaddd</name>
         <value>0x1128c</value>
         <object_component_ref idref="oc-552"/>
      </symbol>
      <symbol id="sm-a62">
         <name>__TI_frcdivd</name>
         <value>0x10000</value>
         <object_component_ref idref="oc-477"/>
      </symbol>
      <symbol id="sm-a6e">
         <name>frexp</name>
         <value>0x14126</value>
         <object_component_ref idref="oc-3d2"/>
      </symbol>
      <symbol id="sm-a7e">
         <name>fseek</name>
         <value>0x13aa4</value>
         <object_component_ref idref="oc-2ea"/>
      </symbol>
      <symbol id="sm-a8e">
         <name>ldexp</name>
         <value>0x1367a</value>
         <object_component_ref idref="oc-487"/>
      </symbol>
      <symbol id="sm-ad6">
         <name>__mspabi_srlll</name>
         <value>0x143d6</value>
         <object_component_ref idref="oc-431"/>
      </symbol>
      <symbol id="sm-ad7">
         <name>__mspabi_sllll</name>
         <value>0x1439c</value>
         <object_component_ref idref="oc-4dc"/>
      </symbol>
      <symbol id="sm-ad8">
         <name>__mspabi_divull</name>
         <value>0x10452</value>
         <object_component_ref idref="oc-441"/>
      </symbol>
      <symbol id="sm-ae7">
         <name>ltoa</name>
         <value>0x13700</value>
         <object_component_ref idref="oc-44c"/>
      </symbol>
      <symbol id="sm-af6">
         <name>memccpy</name>
         <value>0x147a2</value>
         <object_component_ref idref="oc-2d5"/>
      </symbol>
      <symbol id="sm-b41">
         <name>_sys_memory</name>
         <value>0x26cc</value>
         <object_component_ref idref="oc-d3"/>
      </symbol>
      <symbol id="sm-b42">
         <name>free</name>
         <value>0x13564</value>
         <object_component_ref idref="oc-360"/>
      </symbol>
      <symbol id="sm-b43">
         <name>malloc</name>
         <value>0x12f38</value>
         <object_component_ref idref="oc-366"/>
      </symbol>
      <symbol id="sm-b44">
         <name>minit</name>
         <value>0x14168</value>
         <object_component_ref idref="oc-3f0"/>
      </symbol>
      <symbol id="sm-b52">
         <name>memset</name>
         <value>0x14826</value>
         <object_component_ref idref="oc-2c1"/>
      </symbol>
      <symbol id="sm-b72">
         <name>__mspabi_mpyd</name>
         <value>0x10da8</value>
         <object_component_ref idref="oc-3c5"/>
      </symbol>
      <symbol id="sm-b7c">
         <name>__mspabi_mpyl_sw</name>
         <value>0x146f2</value>
         <object_component_ref idref="oc-4ff"/>
      </symbol>
      <symbol id="sm-b7d">
         <name>__mspabi_mpyl</name>
         <value>0x146f2</value>
         <object_component_ref idref="oc-4ff"/>
      </symbol>
      <symbol id="sm-b87">
         <name>__mspabi_negd</name>
         <value>0x14616</value>
         <object_component_ref idref="oc-32c"/>
      </symbol>
      <symbol id="sm-b9b">
         <name>__TI_renormd</name>
         <value>0x12ff2</value>
         <object_component_ref idref="oc-5a8"/>
      </symbol>
      <symbol id="sm-ba8">
         <name>strcpy</name>
         <value>0x1488c</value>
         <object_component_ref idref="oc-4cd"/>
      </symbol>
      <symbol id="sm-bcc">
         <name>_Dscale</name>
         <value>0x122ea</value>
         <object_component_ref idref="oc-51b"/>
      </symbol>
      <symbol id="sm-bde">
         <name>_Dunscale</name>
         <value>0x138ea</value>
         <object_component_ref idref="oc-47f"/>
      </symbol>
      <symbol id="sm-bea">
         <name>_Feraise</name>
         <value>0x14448</value>
         <object_component_ref idref="oc-521"/>
      </symbol>
      <symbol id="sm-bf1">
         <name>_Rteps</name>
         <value>0x25d8</value>
         <object_component_ref idref="oc-574"/>
      </symbol>
      <symbol id="sm-bf2">
         <name>_Zero</name>
         <value>0x25f0</value>
         <object_component_ref idref="oc-574"/>
      </symbol>
      <symbol id="sm-bf3">
         <name>_Hugeval</name>
         <value>0x2598</value>
         <object_component_ref idref="oc-574"/>
      </symbol>
      <symbol id="sm-bf4">
         <name>_Snan</name>
         <value>0x25c8</value>
         <object_component_ref idref="oc-574"/>
      </symbol>
      <symbol id="sm-bf5">
         <name>_Nan</name>
         <value>0x25b8</value>
         <object_component_ref idref="oc-574"/>
      </symbol>
      <symbol id="sm-bf6">
         <name>_Inf</name>
         <value>0x25a8</value>
         <object_component_ref idref="oc-574"/>
      </symbol>
      <symbol id="sm-bf7">
         <name>_Xbig</name>
         <value>0x25e8</value>
         <object_component_ref idref="oc-574"/>
      </symbol>
      <symbol id="sm-bf8">
         <name>_Eps</name>
         <value>0x2588</value>
         <object_component_ref idref="oc-574"/>
      </symbol>
      <symbol id="sm-bf9">
         <name>_Denorm</name>
         <value>0x2578</value>
         <object_component_ref idref="oc-574"/>
      </symbol>
      <symbol id="sm-c06">
         <name>abs</name>
         <value>0x14928</value>
         <object_component_ref idref="oc-4e9"/>
      </symbol>
      <symbol id="sm-c16">
         <name>__mspabi_sral</name>
         <value>0x148b0</value>
         <object_component_ref idref="oc-5a3"/>
      </symbol>
      <symbol id="sm-c17">
         <name>__mspabi_sral_15</name>
         <value>0x14268</value>
         <object_component_ref idref="oc-504"/>
      </symbol>
      <symbol id="sm-c18">
         <name>__mspabi_sral_14</name>
         <value>0x1426c</value>
         <object_component_ref idref="oc-504"/>
      </symbol>
      <symbol id="sm-c19">
         <name>__mspabi_sral_13</name>
         <value>0x14270</value>
         <object_component_ref idref="oc-504"/>
      </symbol>
      <symbol id="sm-c1a">
         <name>__mspabi_sral_12</name>
         <value>0x14274</value>
         <object_component_ref idref="oc-504"/>
      </symbol>
      <symbol id="sm-c1b">
         <name>__mspabi_sral_11</name>
         <value>0x14278</value>
         <object_component_ref idref="oc-504"/>
      </symbol>
      <symbol id="sm-c1c">
         <name>__mspabi_sral_10</name>
         <value>0x1427c</value>
         <object_component_ref idref="oc-504"/>
      </symbol>
      <symbol id="sm-c1d">
         <name>__mspabi_sral_8</name>
         <value>0x14284</value>
         <object_component_ref idref="oc-504"/>
      </symbol>
      <symbol id="sm-c1e">
         <name>__mspabi_sral_9</name>
         <value>0x14280</value>
         <object_component_ref idref="oc-504"/>
      </symbol>
      <symbol id="sm-c1f">
         <name>__mspabi_sral_6</name>
         <value>0x1428c</value>
         <object_component_ref idref="oc-504"/>
      </symbol>
      <symbol id="sm-c20">
         <name>__mspabi_sral_7</name>
         <value>0x14288</value>
         <object_component_ref idref="oc-504"/>
      </symbol>
      <symbol id="sm-c21">
         <name>__mspabi_sral_4</name>
         <value>0x14294</value>
         <object_component_ref idref="oc-504"/>
      </symbol>
      <symbol id="sm-c22">
         <name>__mspabi_sral_5</name>
         <value>0x14290</value>
         <object_component_ref idref="oc-504"/>
      </symbol>
      <symbol id="sm-c23">
         <name>__mspabi_sral_2</name>
         <value>0x1429c</value>
         <object_component_ref idref="oc-504"/>
      </symbol>
      <symbol id="sm-c24">
         <name>__mspabi_sral_3</name>
         <value>0x14298</value>
         <object_component_ref idref="oc-504"/>
      </symbol>
      <symbol id="sm-c25">
         <name>__mspabi_sral_1</name>
         <value>0x142a0</value>
         <object_component_ref idref="oc-504"/>
      </symbol>
      <symbol id="sm-c32">
         <name>__mspabi_remli</name>
         <value>0x141aa</value>
         <object_component_ref idref="oc-4e4"/>
      </symbol>
      <symbol id="sm-c33">
         <name>__mspabi_divli</name>
         <value>0x141aa</value>
         <object_component_ref idref="oc-4e4"/>
      </symbol>
      <symbol id="sm-c3a">
         <name>_Errno</name>
         <value>0x26c6</value>
         <object_component_ref idref="oc-57f"/>
      </symbol>
      <symbol id="sm-c4b">
         <name>__TI_closefile</name>
         <value>0x1395c</value>
         <object_component_ref idref="oc-3f7"/>
      </symbol>
      <symbol id="sm-c63">
         <name>feraiseexcept</name>
         <value>0x144ea</value>
         <object_component_ref idref="oc-579"/>
      </symbol>
      <symbol id="sm-c64">
         <name>_Tls_setup__Fenv</name>
         <value>0x26b0</value>
         <object_component_ref idref="oc-5bf"/>
      </symbol>
      <symbol id="sm-c65">
         <name>_Fenv</name>
         <value>0x26ac</value>
         <object_component_ref idref="oc-5bf"/>
      </symbol>
      <symbol id="sm-c76">
         <name>__TI_frcmpyd</name>
         <value>0x107ec</value>
         <object_component_ref idref="oc-46f"/>
      </symbol>
      <symbol id="sm-c80">
         <name>__mspabi_slli</name>
         <value>0x14932</value>
         <object_component_ref idref="oc-56f"/>
      </symbol>
      <symbol id="sm-c89">
         <name>__mspabi_srli</name>
         <value>0x1493c</value>
         <object_component_ref idref="oc-56a"/>
      </symbol>
      <symbol id="sm-c9e">
         <name>raise</name>
         <value>0x14582</value>
         <object_component_ref idref="oc-5c2"/>
      </symbol>
      <symbol id="sm-cb4">
         <name>signal</name>
         <value>0x14410</value>
         <object_component_ref idref="oc-5e4"/>
      </symbol>
      <symbol id="sm-cc7">
         <name>_Dnorm</name>
         <value>0x128c6</value>
         <object_component_ref idref="oc-511"/>
      </symbol>
      <symbol id="sm-cc9">
         <name>__TI_INITARRAY_Base</name>
         <value>0x0</value>
      </symbol>
      <symbol id="sm-cca">
         <name>__TI_INITARRAY_Limit</name>
         <value>0x0</value>
      </symbol>
      <symbol id="sm-ccb">
         <name>remove</name>
         <value>0x145e6</value>
      </symbol>
   </symbol_table>
   <title>Link successful</title>
</link_info>
